117.21.225.6 - - [23/Dec/2012:13:02:51 +0100] "POST /wp-comments-post.php HTTP/1.0" 302 - "http://www.westworld.be/format/" "Mozilla/5.0 (Windows NT 6.1; WOW64) AppleWebKit/536.5 (KHTML, like Gecko) Chrome/19.0.1084.52 Safari/536.5 Comodo_Dragon/19.1.0.0"
117.21.225.6 - - [23/Dec/2012:13:02:52 +0100] "GET /format/ HTTP/1.0" 200 22499 "http://www.westworld.be/format/" "Mozilla/5.0 (Windows NT 6.1; WOW64) AppleWebKit/536.5 (KHTML, like Gecko) Chrome/19.0.1084.52 Safari/536.5 Comodo_Dragon/19.1.0.0"
195.22.20.231 - - [23/Dec/2012:13:04:51 +0100] "POST /wp-login.php HTTP/1.0" 200 3571 "http://www.westworld.be/wp-login.php" "Mozilla/4.0 (compatible; MSIE 6.0; Windows NT 5.1; SV1)"
88.190.16.36 - - [23/Dec/2012:13:14:47 +0100] "GET / HTTP/1.0" 200 10983 "http://www.westworld.be/" "Mozilla/5.0 (Windows NT 6.1; rv:5.0) Gecko/20100101 Firefox/5.02"
88.151.243.107 - - [23/Dec/2012:13:21:07 +0100] "POST /wp-cron.php?doing_wp_cron=1356265267.0059430599212646484375 HTTP/1.0" 200 17 "-" "WordPress/3.4.2; http://www.westworld.be"
87.106.133.227 - - [23/Dec/2012:13:21:06 +0100] "POST /wp-login.php HTTP/1.0" 200 3571 "http://www.westworld.be/wp-login.php" "Mozilla/4.0 (compatible; MSIE 6.0; Windows NT 5.1; SV1)"
89.223.49.163 - - [23/Dec/2012:13:21:12 +0100] "POST /wp-login.php HTTP/1.0" 200 3571 "http://www.westworld.be/wp-login.php" "Mozilla/4.0 (compatible; MSIE 6.0; Windows NT 5.1; SV1)"
188.116.32.134 - - [23/Dec/2012:13:23:29 +0100] "POST /wp-login.php HTTP/1.0" 200 3384 "http://westworld.be/wp-login.php" "Opera/9.80 (Windows NT 6.1; U; ru) Presto/2.8.131 Version/11.10"
66.249.75.95 - - [23/Dec/2012:13:30:28 +0100] "GET / HTTP/1.0" 200 10983 "-" "DoCoMo/2.0 N905i(c100;TB;W24H16) (compatible; Googlebot-Mobile/2.1; +http://www.google.com/bot.html)"
66.249.75.95 - - [23/Dec/2012:13:31:00 +0100] "GET /prototype-submit-multiple-select-with-ajax-call/ HTTP/1.0" 304 - "-" "Mozilla/5.0 (compatible; Googlebot/2.1; +http://www.google.com/bot.html)"
195.219.57.56 - - [23/Dec/2012:13:31:02 +0100] "POST /wp-login.php HTTP/1.0" 200 3571 "http://www.westworld.be/wp-login.php" "Mozilla/4.0 (compatible; MSIE 6.0; Windows NT 5.1; SV1)"
209.191.186.199 - - [23/Dec/2012:13:31:18 +0100] "POST /wp-login.php HTTP/1.0" 200 3571 "http://www.westworld.be/wp-login.php" "Mozilla/4.0 (compatible; MSIE 6.0; Windows NT 5.1; SV1)"
94.242.237.5 - - [23/Dec/2012:13:38:03 +0100] "GET /wp-login.php HTTP/1.0" 200 2452 "-" "Mozilla/5.0 (Windows; U; Windows NT 5.1; en-US; rv:1.9.1.3) Gecko/20090824 Firefox/3.5.3 GTB5"
94.242.237.5 - - [23/Dec/2012:13:38:03 +0100] "POST /wp-login.php HTTP/1.0" 200 3392 "-" "Mozilla/5.0 (Windows; U; Windows NT 5.1; en-US; rv:1.9.1.3) Gecko/20090824 Firefox/3.5.3 GTB5"
89.70.117.111 - - [23/Dec/2012:13:41:24 +0100] "GET /perfect-world-genie/ HTTP/1.0" 200 7972 "http://www.westworld.be/" "Opera/9.80 (Windows NT 5.1; U; en) Presto/2.10.289 Version/12.01"
163.43.132.41 - - [23/Dec/2012:13:44:01 +0100] "POST /wp-login.php HTTP/1.0" 200 3571 "http://www.westworld.be/wp-login.php" "Mozilla/4.0 (compatible; MSIE 6.0; Windows NT 5.1; SV1)"
178.255.215.97 - - [23/Dec/2012:13:44:46 +0100] "GET /javascript-links/ HTTP/1.0" 200 5885 "-" "Mozilla/5.0 (compatible; Konqueror/3.5; Linux) KHTML/3.5.5 (like Gecko) (Exabot-Thumbnails)"
178.255.215.97 - - [23/Dec/2012:13:44:46 +0100] "GET /wp-includes/js/jquery/jquery.js?ver=1.7.2 HTTP/1.0" 200 33629 "http://www.westworld.be/javascript-links/" "Mozilla/5.0 (compatible; Konqueror/3.5; Linux) KHTML/3.5.5 (like Gecko) (Exabot-Thumbnails)"
178.255.215.97 - - [23/Dec/2012:13:44:46 +0100] "GET /wp-includes/js/comment-reply.js?ver=3.4.2 HTTP/1.0" 200 412 "http://www.westworld.be/javascript-links/" "Mozilla/5.0 (compatible; Konqueror/3.5; Linux) KHTML/3.5.5 (like Gecko) (Exabot-Thumbnails)"
178.255.215.97 - - [23/Dec/2012:13:44:46 +0100] "GET /wp-content/themes/grey-opaque/javascript/jquery-smooth-scroll-to-anchor.js HTTP/1.0" 200 299 "http://www.westworld.be/javascript-links/" "Mozilla/5.0 (compatible; Konqueror/3.5; Linux) KHTML/3.5.5 (like Gecko) (Exabot-Thumbnails)"
178.255.215.97 - - [23/Dec/2012:13:44:46 +0100] "GET /wp-content/themes/grey-opaque/plugins/lazy-load/js/jquery.sonar.min.js?ver=1.9 HTTP/1.0" 200 718 "http://www.westworld.be/javascript-links/" "Mozilla/5.0 (compatible; Konqueror/3.5; Linux) KHTML/3.5.5 (like Gecko) (Exabot-Thumbnails)"
178.255.215.97 - - [23/Dec/2012:13:44:46 +0100] "GET /wp-content/themes/grey-opaque/javascript/jquery-textarea-autoresize.js HTTP/1.0" 200 1146 "http://www.westworld.be/javascript-links/" "Mozilla/5.0 (compatible; Konqueror/3.5; Linux) KHTML/3.5.5 (like Gecko) (Exabot-Thumbnails)"
178.255.215.97 - - [23/Dec/2012:13:44:46 +0100] "GET /wp-content/themes/grey-opaque/style.css HTTP/1.0" 200 8569 "http://www.westworld.be/javascript-links/" "Mozilla/5.0 (compatible; Konqueror/3.5; Linux) KHTML/3.5.5 (like Gecko) (Exabot-Thumbnails)"
178.255.215.97 - - [23/Dec/2012:13:44:46 +0100] "GET /wp-content/themes/grey-opaque/plugins/lazy-load/js/lazy-load-min.js?ver=1.9 HTTP/1.0" 200 177 "http://www.westworld.be/javascript-links/" "Mozilla/5.0 (compatible; Konqueror/3.5; Linux) KHTML/3.5.5 (like Gecko) (Exabot-Thumbnails)"
178.255.215.97 - - [23/Dec/2012:13:44:47 +0100] "GET /wp-content/themes/grey-opaque/images/backgrounds/headerbg.png HTTP/1.0" 200 5033 "http://www.westworld.be/javascript-links/" "Mozilla/5.0 (compatible; Konqueror/3.5; Linux) KHTML/3.5.5 (like Gecko) (Exabot-Thumbnails)"
178.255.215.97 - - [23/Dec/2012:13:44:47 +0100] "GET /wp-content/themes/grey-opaque/images/opaque/5.png HTTP/1.0" 200 182 "http://www.westworld.be/javascript-links/" "Mozilla/5.0 (compatible; Konqueror/3.5; Linux) KHTML/3.5.5 (like Gecko) (Exabot-Thumbnails)"
178.255.215.97 - - [23/Dec/2012:13:44:47 +0100] "GET /wp-content/themes/grey-opaque/images/seperators/vertical.png HTTP/1.0" 200 116 "http://www.westworld.be/javascript-links/" "Mozilla/5.0 (compatible; Konqueror/3.5; Linux) KHTML/3.5.5 (like Gecko) (Exabot-Thumbnails)"
178.255.215.97 - - [23/Dec/2012:13:44:47 +0100] "GET /wp-content/themes/grey-opaque/images/opaque/10.png HTTP/1.0" 200 166 "http://www.westworld.be/javascript-links/" "Mozilla/5.0 (compatible; Konqueror/3.5; Linux) KHTML/3.5.5 (like Gecko) (Exabot-Thumbnails)"
178.255.215.97 - - [23/Dec/2012:13:44:47 +0100] "GET /wp-content/themes/grey-opaque/images/backgrounds/background.jpg HTTP/1.0" 200 48400 "http://www.westworld.be/javascript-links/" "Mozilla/5.0 (compatible; Konqueror/3.5; Linux) KHTML/3.5.5 (like Gecko) (Exabot-Thumbnails)"
178.255.215.97 - - [23/Dec/2012:13:44:47 +0100] "GET /wp-content/themes/grey-opaque/images/seperators/horizontal.png HTTP/1.0" 200 115 "http://www.westworld.be/javascript-links/" "Mozilla/5.0 (compatible; Konqueror/3.5; Linux) KHTML/3.5.5 (like Gecko) (Exabot-Thumbnails)"
178.255.215.97 - - [23/Dec/2012:13:44:47 +0100] "GET /wp-content/themes/grey-opaque/images/icons/archive_off.png HTTP/1.0" 200 493 "http://www.westworld.be/javascript-links/" "Mozilla/5.0 (compatible; Konqueror/3.5; Linux) KHTML/3.5.5 (like Gecko) (Exabot-Thumbnails)"
178.255.215.97 - - [23/Dec/2012:13:44:47 +0100] "GET /wp-content/themes/grey-opaque/images/icons/share_off.png HTTP/1.0" 200 363 "http://www.westworld.be/javascript-links/" "Mozilla/5.0 (compatible; Konqueror/3.5; Linux) KHTML/3.5.5 (like Gecko) (Exabot-Thumbnails)"
178.255.215.97 - - [23/Dec/2012:13:44:47 +0100] "GET /wp-content/themes/grey-opaque/images/icons/comment_off.png HTTP/1.0" 200 281 "http://www.westworld.be/javascript-links/" "Mozilla/5.0 (compatible; Konqueror/3.5; Linux) KHTML/3.5.5 (like Gecko) (Exabot-Thumbnails)"
178.255.215.97 - - [23/Dec/2012:13:44:47 +0100] "GET /wp-content/themes/grey-opaque/images/icons/subscribe_off.png HTTP/1.0" 200 434 "http://www.westworld.be/javascript-links/" "Mozilla/5.0 (compatible; Konqueror/3.5; Linux) KHTML/3.5.5 (like Gecko) (Exabot-Thumbnails)"
178.255.215.97 - - [23/Dec/2012:13:44:47 +0100] "GET /wp-content/themes/grey-opaque/images/icons/trackback_off.png HTTP/1.0" 200 335 "http://www.westworld.be/javascript-links/" "Mozilla/5.0 (compatible; Konqueror/3.5; Linux) KHTML/3.5.5 (like Gecko) (Exabot-Thumbnails)"
178.255.215.97 - - [23/Dec/2012:13:44:47 +0100] "GET /wp-content/themes/grey-opaque/images/headers/clouds.jpg HTTP/1.0" 200 20959 "http://www.westworld.be/javascript-links/" "Mozilla/5.0 (compatible; Konqueror/3.5; Linux) KHTML/3.5.5 (like Gecko) (Exabot-Thumbnails)"
178.255.215.97 - - [23/Dec/2012:13:44:47 +0100] "GET /wp-content/themes/grey-opaque/images/social/author-profiles-sprite.png HTTP/1.0" 200 22903 "http://www.westworld.be/javascript-links/" "Mozilla/5.0 (compatible; Konqueror/3.5; Linux) KHTML/3.5.5 (like Gecko) (Exabot-Thumbnails)"
178.255.215.97 - - [23/Dec/2012:13:44:47 +0100] "GET /wp-content/themes/grey-opaque/images/smilies/icon_redface.gif HTTP/1.0" 200 72 "http://www.westworld.be/javascript-links/" "Mozilla/5.0 (compatible; Konqueror/3.5; Linux) KHTML/3.5.5 (like Gecko) (Exabot-Thumbnails)"
178.255.215.97 - - [23/Dec/2012:13:44:47 +0100] "GET /wp-content/themes/grey-opaque/images/icons/permalink_off.png HTTP/1.0" 200 459 "http://www.westworld.be/javascript-links/" "Mozilla/5.0 (compatible; Konqueror/3.5; Linux) KHTML/3.5.5 (like Gecko) (Exabot-Thumbnails)"
178.255.215.97 - - [23/Dec/2012:13:44:47 +0100] "GET /wp-content/themes/grey-opaque/images/wordpress.png HTTP/1.0" 200 849 "http://www.westworld.be/javascript-links/" "Mozilla/5.0 (compatible; Konqueror/3.5; Linux) KHTML/3.5.5 (like Gecko) (Exabot-Thumbnails)"
178.255.215.73 - - [23/Dec/2012:13:44:57 +0100] "GET /robots.txt HTTP/1.0" 200 108 "-" "Mozilla/5.0 (compatible; Exabot/3.0; +http://www.exabot.com/go/robot)"
178.255.215.73 - - [23/Dec/2012:13:44:58 +0100] "GET /javascript-links/ HTTP/1.0" 200 5885 "-" "Mozilla/5.0 (compatible; Exabot/3.0; +http://www.exabot.com/go/robot)"
178.255.215.73 - - [23/Dec/2012:13:45:01 +0100] "GET /robots.txt HTTP/1.0" 200 108 "-" "Mozilla/5.0 (compatible; Exabot/3.0; +http://www.exabot.com/go/robot)"
178.255.215.73 - - [23/Dec/2012:13:45:02 +0100] "GET / HTTP/1.0" 301 - "-" "Mozilla/5.0 (compatible; Exabot/3.0; +http://www.exabot.com/go/robot)"
178.255.215.73 - - [23/Dec/2012:13:45:05 +0100] "GET /sitemap.xml.gz HTTP/1.0" 304 - "-" "Mozilla/5.0 (compatible; Exabot/3.0; +http://www.exabot.com/go/robot)"
178.255.215.73 - - [23/Dec/2012:13:45:07 +0100] "GET / HTTP/1.0" 200 10983 "-" "Mozilla/5.0 (compatible; Exabot/3.0; +http://www.exabot.com/go/robot)"
199.15.234.246 - - [23/Dec/2012:13:53:54 +0100] "GET / HTTP/1.0" 200 10983 "http://www.westworld.be/" "Mozilla/5.0 (Windows NT 6.0) AppleWebKit/535.1 (KHTML, like Gecko) Chrome/13.0.782.112 Safari/535.1"
123.156.73.71 - - [23/Dec/2012:13:55:34 +0100] "GET /perfect-world-genie/ HTTP/1.0" 200 35805 "http://www.westworld.be/perfect-world-genie/" "Mozilla/5.0 (Windows NT 5.1; rv:14.0) Gecko/20100101 Firefox/14.0.1"
123.156.73.71 - - [23/Dec/2012:13:55:50 +0100] "POST /wp-comments-post.php HTTP/1.0" 302 - "http://www.westworld.be/perfect-world-genie/" "Mozilla/5.0 (Windows NT 5.1; rv:14.0) Gecko/20100101 Firefox/14.0.1"
123.156.73.71 - - [23/Dec/2012:13:55:53 +0100] "GET /perfect-world-genie/ HTTP/1.0" 200 35805 "http://www.westworld.be/perfect-world-genie/" "Mozilla/5.0 (Windows NT 5.1; rv:14.0) Gecko/20100101 Firefox/14.0.1"
89.223.49.163 - - [23/Dec/2012:13:59:01 +0100] "POST /wp-login.php HTTP/1.0" 200 3571 "http://www.westworld.be/wp-login.php" "Mozilla/4.0 (compatible; MSIE 6.0; Windows NT 5.1; SV1)"
199.15.234.246 - - [23/Dec/2012:14:00:25 +0100] "GET / HTTP/1.0" 200 10983 "http://www.westworld.be/" "Mozilla/5.0 (Windows NT 6.1; rv:5.0) Gecko/20100101 Firefox/5.02"
199.15.234.246 - - [23/Dec/2012:14:01:43 +0100] "GET / HTTP/1.0" 200 10983 "http://www.westworld.be/" "Mozilla/4.0 (compatible; MSIE 6.0; MSIE 5.5; Windows NT 5.0) Opera 7.02 Bork-edition [en]"
88.190.16.36 - - [23/Dec/2012:14:03:09 +0100] "GET / HTTP/1.0" 200 10983 "http://www.westworld.be/" "Mozilla/5.0 (Windows NT 6.0) AppleWebKit/535.1 (KHTML, like Gecko) Chrome/13.0.782.112 Safari/535.1"
88.190.16.36 - - [23/Dec/2012:14:04:35 +0100] "GET / HTTP/1.0" 200 10983 "http://www.westworld.be/" "Mozilla/4.0 (compatible; MSIE 6.0; MSIE 5.5; Windows NT 5.0) Opera 7.02 Bork-edition [en]"
188.190.98.26 - - [23/Dec/2012:14:08:57 +0100] "POST /wp-login.php HTTP/1.0" 200 3571 "http://www.westworld.be/wp-login.php" "Mozilla/4.0 (compatible; MSIE 6.0; Windows NT 5.1; SV1)"
118.69.198.230 - - [23/Dec/2012:14:09:05 +0100] "POST /wp-login.php HTTP/1.0" 200 3571 "http://www.westworld.be/wp-login.php" "Mozilla/4.0 (compatible; MSIE 6.0; Windows NT 5.1; SV1)"
88.151.243.107 - - [23/Dec/2012:14:09:11 +0100] "HEAD /wp-content/uploads/2009/02/noirnouar.jpg HTTP/1.0" 200 - "http://www.westworld.be" "Mozilla/4.0 (compatible; MSIE 7.0; Windows NT 5.1; .NET CLR 1.1.4322; .NET CLR 2.0.50727; .NET CLR 3.0.04506.30)"
88.151.243.107 - - [23/Dec/2012:14:09:25 +0100] "HEAD /wp-content/uploads/2009/04/ml_6_a1.jpg HTTP/1.0" 200 - "http://www.westworld.be" "Mozilla/4.0 (compatible; MSIE 7.0; Windows NT 5.1; .NET CLR 1.1.4322; .NET CLR 2.0.50727; .NET CLR 3.0.04506.30)"
88.151.243.107 - - [23/Dec/2012:14:09:25 +0100] "HEAD /wp-content/uploads/2009/10/skype-logo1-150x150.jpg HTTP/1.0" 200 - "http://www.westworld.be" "Mozilla/4.0 (compatible; MSIE 7.0; Windows NT 5.1; .NET CLR 1.1.4322; .NET CLR 2.0.50727; .NET CLR 3.0.04506.30)"
88.151.243.107 - - [23/Dec/2012:14:09:32 +0100] "HEAD /wp-content/uploads/2009/08/genie21.jpg HTTP/1.0" 200 - "http://www.westworld.be" "Mozilla/4.0 (compatible; MSIE 7.0; Windows NT 5.1; .NET CLR 1.1.4322; .NET CLR 2.0.50727; .NET CLR 3.0.04506.30)"
88.151.243.107 - - [23/Dec/2012:14:09:32 +0100] "HEAD /wp-content/uploads/2009/08/genie2b1.jpg HTTP/1.0" 200 - "http://www.westworld.be" "Mozilla/4.0 (compatible; MSIE 7.0; Windows NT 5.1; .NET CLR 1.1.4322; .NET CLR 2.0.50727; .NET CLR 3.0.04506.30)"
88.151.243.107 - - [23/Dec/2012:14:09:32 +0100] "HEAD /wp-content/uploads/2009/08/genie2c1.jpg HTTP/1.0" 200 - "http://www.westworld.be" "Mozilla/4.0 (compatible; MSIE 7.0; Windows NT 5.1; .NET CLR 1.1.4322; .NET CLR 2.0.50727; .NET CLR 3.0.04506.30)"
88.151.243.107 - - [23/Dec/2012:14:09:32 +0100] "HEAD /wp-content/uploads/2009/08/genie2d11.jpg HTTP/1.0" 200 - "http://www.westworld.be" "Mozilla/4.0 (compatible; MSIE 7.0; Windows NT 5.1; .NET CLR 1.1.4322; .NET CLR 2.0.50727; .NET CLR 3.0.04506.30)"
88.151.243.107 - - [23/Dec/2012:14:09:32 +0100] "HEAD /wp-content/uploads/2009/08/genie11.jpg HTTP/1.0" 200 - "http://www.westworld.be" "Mozilla/4.0 (compatible; MSIE 7.0; Windows NT 5.1; .NET CLR 1.1.4322; .NET CLR 2.0.50727; .NET CLR 3.0.04506.30)"
88.151.243.107 - - [23/Dec/2012:14:09:32 +0100] "HEAD /wp-content/uploads/2009/08/genie1b1.jpg HTTP/1.0" 200 - "http://www.westworld.be" "Mozilla/4.0 (compatible; MSIE 7.0; Windows NT 5.1; .NET CLR 1.1.4322; .NET CLR 2.0.50727; .NET CLR 3.0.04506.30)"
88.151.243.107 - - [23/Dec/2012:14:09:32 +0100] "HEAD /wp-content/uploads/2009/08/genie1c1.jpg HTTP/1.0" 200 - "http://www.westworld.be" "Mozilla/4.0 (compatible; MSIE 7.0; Windows NT 5.1; .NET CLR 1.1.4322; .NET CLR 2.0.50727; .NET CLR 3.0.04506.30)"
88.151.243.107 - - [23/Dec/2012:14:09:32 +0100] "HEAD /wp-content/uploads/2009/08/genie1d1.jpg HTTP/1.0" 200 - "http://www.westworld.be" "Mozilla/4.0 (compatible; MSIE 7.0; Windows NT 5.1; .NET CLR 1.1.4322; .NET CLR 2.0.50727; .NET CLR 3.0.04506.30)"
88.151.243.107 - - [23/Dec/2012:14:09:32 +0100] "HEAD /wp-content/uploads/2009/08/genie41.jpg HTTP/1.0" 200 - "http://www.westworld.be" "Mozilla/4.0 (compatible; MSIE 7.0; Windows NT 5.1; .NET CLR 1.1.4322; .NET CLR 2.0.50727; .NET CLR 3.0.04506.30)"
88.151.243.107 - - [23/Dec/2012:14:09:32 +0100] "HEAD /wp-content/uploads/2009/08/genie4b1.jpg HTTP/1.0" 200 - "http://www.westworld.be" "Mozilla/4.0 (compatible; MSIE 7.0; Windows NT 5.1; .NET CLR 1.1.4322; .NET CLR 2.0.50727; .NET CLR 3.0.04506.30)"
88.151.243.107 - - [23/Dec/2012:14:09:32 +0100] "HEAD /wp-content/uploads/2009/08/genie4c1.jpg HTTP/1.0" 200 - "http://www.westworld.be" "Mozilla/4.0 (compatible; MSIE 7.0; Windows NT 5.1; .NET CLR 1.1.4322; .NET CLR 2.0.50727; .NET CLR 3.0.04506.30)"
88.151.243.107 - - [23/Dec/2012:14:09:32 +0100] "HEAD /wp-content/uploads/2009/08/genie4d1.jpg HTTP/1.0" 200 - "http://www.westworld.be" "Mozilla/4.0 (compatible; MSIE 7.0; Windows NT 5.1; .NET CLR 1.1.4322; .NET CLR 2.0.50727; .NET CLR 3.0.04506.30)"
88.151.243.107 - - [23/Dec/2012:14:09:32 +0100] "HEAD /wp-content/uploads/2009/08/genie311.jpg HTTP/1.0" 200 - "http://www.westworld.be" "Mozilla/4.0 (compatible; MSIE 7.0; Windows NT 5.1; .NET CLR 1.1.4322; .NET CLR 2.0.50727; .NET CLR 3.0.04506.30)"
88.151.243.107 - - [23/Dec/2012:14:09:32 +0100] "HEAD /wp-content/uploads/2009/08/genie3b1.jpg HTTP/1.0" 200 - "http://www.westworld.be" "Mozilla/4.0 (compatible; MSIE 7.0; Windows NT 5.1; .NET CLR 1.1.4322; .NET CLR 2.0.50727; .NET CLR 3.0.04506.30)"
88.151.243.107 - - [23/Dec/2012:14:09:32 +0100] "HEAD /wp-content/uploads/2009/08/genie3c1.jpg HTTP/1.0" 200 - "http://www.westworld.be" "Mozilla/4.0 (compatible; MSIE 7.0; Windows NT 5.1; .NET CLR 1.1.4322; .NET CLR 2.0.50727; .NET CLR 3.0.04506.30)"
88.151.243.107 - - [23/Dec/2012:14:09:32 +0100] "HEAD /wp-content/uploads/2009/08/genie3d1.jpg HTTP/1.0" 200 - "http://www.westworld.be" "Mozilla/4.0 (compatible; MSIE 7.0; Windows NT 5.1; .NET CLR 1.1.4322; .NET CLR 2.0.50727; .NET CLR 3.0.04506.30)"
88.151.243.107 - - [23/Dec/2012:14:09:32 +0100] "HEAD /wp-content/uploads/2009/08/genie_affinity1.jpg HTTP/1.0" 200 - "http://www.westworld.be" "Mozilla/4.0 (compatible; MSIE 7.0; Windows NT 5.1; .NET CLR 1.1.4322; .NET CLR 2.0.50727; .NET CLR 3.0.04506.30)"
88.151.243.107 - - [23/Dec/2012:14:09:42 +0100] "HEAD /wp-content/uploads/2009/08/genie_affinity1-211x300.jpg HTTP/1.0" 200 - "http://www.westworld.be" "Mozilla/4.0 (compatible; MSIE 7.0; Windows NT 5.1; .NET CLR 1.1.4322; .NET CLR 2.0.50727; .NET CLR 3.0.04506.30)"
88.151.243.107 - - [23/Dec/2012:14:08:58 +0100] "POST /wp-cron.php?doing_wp_cron=1356268138.1981780529022216796875 HTTP/1.0" 200 17 "-" "WordPress/3.4.2; http://www.westworld.be"
5.135.34.194 - - [23/Dec/2012:14:14:44 +0100] "GET / HTTP/1.0" 200 10983 "http://www.westworld.be/" "Mozilla/4.0 (compatible; MSIE 7.0; Windows NT 5.1; SV1; .NET CLR 2.0.50727)"
5.135.34.194 - - [23/Dec/2012:14:14:44 +0100] "POST /adding-a-rule-to-csslint/trackback/ HTTP/1.0" 200 302 "http://fiverr.com/mkmedia/create-400-high-pr-backlinks-on-pr2-to-pr8-wiki-sites" "PHP/5.2.10"
178.216.52.104 - - [23/Dec/2012:14:18:54 +0100] "GET / HTTP/1.0" 200 10985 "http://www.westworld.be/" "Mozilla/5.0 (Linux; U; Android 2.2; fr-fr; Desire_A8181 Build/FRF91) App3leWebKit/53.1 (KHTML, like Gecko) Version/4.0 Mobile Safari/533.1"
94.242.237.5 - - [23/Dec/2012:14:22:24 +0100] "GET /wp-login.php HTTP/1.0" 200 2452 "-" "Mozilla/5.0 (Windows; U; Windows NT 5.1; en-US; rv:1.9.1.3) Gecko/20090824 Firefox/3.5.3 GTB5"
94.242.237.5 - - [23/Dec/2012:14:22:25 +0100] "POST /wp-login.php HTTP/1.0" 200 3392 "-" "Mozilla/5.0 (Windows; U; Windows NT 5.1; en-US; rv:1.9.1.3) Gecko/20090824 Firefox/3.5.3 GTB5"
184.106.168.183 - - [23/Dec/2012:14:22:32 +0100] "POST /wp-login.php HTTP/1.0" 200 3571 "http://www.westworld.be/wp-login.php" "Mozilla/4.0 (compatible; MSIE 6.0; Windows NT 5.1; SV1)"
208.115.113.82 - - [23/Dec/2012:14:23:10 +0100] "GET /robots.txt HTTP/1.0" 200 108 "-" "Mozilla/5.0 (compatible; Ezooms/1.0; ezooms.bot@gmail.com)"
180.76.5.50 - - [23/Dec/2012:14:31:06 +0100] "GET /author/westworld/page/5/ HTTP/1.0" 304 - "-" "Mozilla/5.0 (compatible; Baiduspider/2.0; +http://www.baidu.com/search/spider.html)"
72.14.199.92 - - [23/Dec/2012:14:36:56 +0100] "GET /feed/ HTTP/1.0" 200 10605 "-" "Feedfetcher-Google; (+http://www.google.com/feedfetcher.html; 1 subscribers; feed-id=10689829183176357171)"
94.242.237.5 - - [23/Dec/2012:14:38:58 +0100] "GET /wp-login.php HTTP/1.0" 200 2452 "-" "Mozilla/5.0 (Windows; U; Windows NT 5.1; en-US; rv:1.9.1.3) Gecko/20090824 Firefox/3.5.3 GTB5"
94.242.237.5 - - [23/Dec/2012:14:38:59 +0100] "POST /wp-login.php HTTP/1.0" 200 3392 "-" "Mozilla/5.0 (Windows; U; Windows NT 5.1; en-US; rv:1.9.1.3) Gecko/20090824 Firefox/3.5.3 GTB5"
5.9.81.50 - - [23/Dec/2012:14:39:17 +0100] "POST /wp-login.php HTTP/1.0" 200 3571 "http://www.westworld.be/wp-login.php" "Mozilla/4.0 (compatible; MSIE 6.0; Windows NT 5.1; SV1)"
66.249.75.95 - - [23/Dec/2012:14:40:37 +0100] "GET /robots.txt HTTP/1.0" 200 108 "-" "Mozilla/5.0 (compatible; Googlebot/2.1; +http://www.google.com/bot.html)"
66.249.75.95 - - [23/Dec/2012:14:40:37 +0100] "GET /skype-bulk-import/ HTTP/1.0" 304 - "-" "Mozilla/5.0 (compatible; Googlebot/2.1; +http://www.google.com/bot.html)"
5.39.67.46 - - [23/Dec/2012:14:47:03 +0100] "GET /adding-a-rule-to-csslint/comment-page-1/ HTTP/1.0" 200 23107 "http://www.westworld.be/adding-a-rule-to-csslint/comment-page-1/#comment-15650" "Opera/9.80 (Windows NT 5.1; U; MRA 6.0 (build 5680); ru) Presto/2.10.289 Version/12.00"
5.39.67.46 - - [23/Dec/2012:14:47:06 +0100] "POST /wp-comments-post.php HTTP/1.0" 302 - "http://www.westworld.be/adding-a-rule-to-csslint/comment-page-1/#comment-15650" "Opera/9.80 (Windows NT 5.1; U; MRA 6.0 (build 5680); ru) Presto/2.10.289 Version/12.00"
5.39.67.46 - - [23/Dec/2012:14:47:08 +0100] "GET /adding-a-rule-to-csslint/comment-page-1/ HTTP/1.0" 200 23194 "http://www.westworld.be/adding-a-rule-to-csslint/comment-page-1/#comment-16170" "Opera/9.80 (Windows NT 5.1; U; MRA 6.0 (build 5680); ru) Presto/2.10.289 Version/12.00"
184.106.168.183 - - [23/Dec/2012:14:47:36 +0100] "POST /wp-login.php HTTP/1.0" 200 3571 "http://www.westworld.be/wp-login.php" "Mozilla/4.0 (compatible; MSIE 6.0; Windows NT 5.1; SV1)"
184.106.168.183 - - [23/Dec/2012:14:47:39 +0100] "POST /wp-login.php HTTP/1.0" 200 3571 "http://www.westworld.be/wp-login.php" "Mozilla/4.0 (compatible; MSIE 6.0; Windows NT 5.1; SV1)"
94.242.237.5 - - [23/Dec/2012:14:55:33 +0100] "GET /wp-login.php HTTP/1.0" 200 2452 "-" "Mozilla/5.0 (Windows; U; Windows NT 5.1; en-US; rv:1.9.1.3) Gecko/20090824 Firefox/3.5.3 GTB5"
94.242.237.5 - - [23/Dec/2012:14:55:34 +0100] "POST /wp-login.php HTTP/1.0" 200 3392 "-" "Mozilla/5.0 (Windows; U; Windows NT 5.1; en-US; rv:1.9.1.3) Gecko/20090824 Firefox/3.5.3 GTB5"
208.115.111.66 - - [23/Dec/2012:14:56:31 +0100] "GET /2008/12/27/ HTTP/1.0" 200 9767 "-" "Mozilla/5.0 (compatible; Ezooms/1.0; ezooms.bot@gmail.com)"
173.199.115.91 - - [23/Dec/2012:14:56:43 +0100] "GET /php-mysql-and-utf-8/ HTTP/1.0" 200 4873 "-" "Mozilla/5.0 (compatible; AhrefsBot/4.0; +http://ahrefs.com/robot/)"
208.115.111.66 - - [23/Dec/2012:14:56:45 +0100] "GET /siteResearch/API/classes/Crawler.Tweaks.keepOnlyPages.html HTTP/1.0" 200 6565 "-" "Mozilla/5.0 (compatible; Ezooms/1.0; ezooms.bot@gmail.com)"
208.115.111.66 - - [23/Dec/2012:14:56:59 +0100] "GET /sniffing-with-css/feed/ HTTP/1.0" 200 965 "-" "Mozilla/5.0 (compatible; Ezooms/1.0; ezooms.bot@gmail.com)"
85.25.124.220 - - [23/Dec/2012:15:02:15 +0100] "POST /wp-login.php HTTP/1.0" 200 3571 "http://www.westworld.be/wp-login.php" "Mozilla/4.0 (compatible; MSIE 6.0; Windows NT 5.1; SV1)"
173.199.115.51 - - [23/Dec/2012:15:02:51 +0100] "GET /sraping-the-web-with-node-js/trackback/ HTTP/1.0" 302 - "-" "Mozilla/5.0 (compatible; AhrefsBot/4.0; +http://ahrefs.com/robot/)"
208.115.113.82 - - [23/Dec/2012:15:09:40 +0100] "GET / HTTP/1.0" 200 49926 "-" "Mozilla/5.0 (compatible; Ezooms/1.0; ezooms.bot@gmail.com)"
88.151.243.107 - - [23/Dec/2012:15:09:44 +0100] "HEAD /wp-content/uploads/2012/03/Screen-Shot-2012-03-21-at-21.26.15.png HTTP/1.0" 200 - "http://www.westworld.be" "Mozilla/4.0 (compatible; MSIE 7.0; Windows NT 5.1; .NET CLR 1.1.4322; .NET CLR 2.0.50727; .NET CLR 3.0.04506.30)"
88.151.243.107 - - [23/Dec/2012:15:09:48 +0100] "HEAD /wp-content/uploads/2012/03/50260_132543326819261_180788955_q.jpg HTTP/1.0" 200 - "http://www.westworld.be" "Mozilla/4.0 (compatible; MSIE 7.0; Windows NT 5.1; .NET CLR 1.1.4322; .NET CLR 2.0.50727; .NET CLR 3.0.04506.30)"
88.151.243.107 - - [23/Dec/2012:15:09:40 +0100] "POST /wp-cron.php?doing_wp_cron=1356271780.9038751125335693359375 HTTP/1.0" 200 17 "-" "WordPress/3.4.2; http://www.westworld.be"
94.242.237.5 - - [23/Dec/2012:15:12:08 +0100] "GET /wp-login.php HTTP/1.0" 200 2452 "-" "Mozilla/5.0 (Windows; U; Windows NT 5.1; en-US; rv:1.9.1.3) Gecko/20090824 Firefox/3.5.3 GTB5"
94.242.237.5 - - [23/Dec/2012:15:12:09 +0100] "POST /wp-login.php HTTP/1.0" 200 3392 "-" "Mozilla/5.0 (Windows; U; Windows NT 5.1; en-US; rv:1.9.1.3) Gecko/20090824 Firefox/3.5.3 GTB5"
77.88.24.27 - - [23/Dec/2012:15:14:29 +0100] "GET /siteresearch/ HTTP/1.0" 200 5189 "-" "Mozilla/5.0 (compatible; YandexBot/3.0; +http://yandex.com/bots)"
173.199.120.107 - - [23/Dec/2012:15:15:08 +0100] "GET /tag/fire/ HTTP/1.0" 200 3339 "-" "Mozilla/5.0 (compatible; AhrefsBot/4.0; +http://ahrefs.com/robot/)"
69.64.68.159 - - [23/Dec/2012:15:17:35 +0100] "POST /wp-login.php HTTP/1.0" 200 3571 "http://www.westworld.be/wp-login.php" "Mozilla/4.0 (compatible; MSIE 6.0; Windows NT 5.1; SV1)"
66.249.75.95 - - [23/Dec/2012:15:24:05 +0100] "GET /wp-content/themes/grey-opaque/images/headers/clouds.jpg HTTP/1.0" 200 20959 "-" "Googlebot-Image/1.0"
50.57.174.146 - - [23/Dec/2012:15:26:05 +0100] "POST /wp-login.php HTTP/1.0" 200 3571 "http://www.westworld.be/wp-login.php" "Mozilla/4.0 (compatible; MSIE 6.0; Windows NT 5.1; SV1)"
5.9.81.50 - - [23/Dec/2012:15:26:10 +0100] "POST /wp-login.php HTTP/1.0" 200 3571 "http://www.westworld.be/wp-login.php" "Mozilla/4.0 (compatible; MSIE 6.0; Windows NT 5.1; SV1)"
94.242.237.5 - - [23/Dec/2012:15:28:42 +0100] "GET /wp-login.php HTTP/1.0" 200 2452 "-" "Mozilla/5.0 (Windows; U; Windows NT 5.1; en-US; rv:1.9.1.3) Gecko/20090824 Firefox/3.5.3 GTB5"
94.242.237.5 - - [23/Dec/2012:15:28:43 +0100] "POST /wp-login.php HTTP/1.0" 200 3392 "-" "Mozilla/5.0 (Windows; U; Windows NT 5.1; en-US; rv:1.9.1.3) Gecko/20090824 Firefox/3.5.3 GTB5"
37.1.207.22 - - [23/Dec/2012:15:30:12 +0100] "GET /wp-content/themes/typebased/timthumb.php HTTP/1.0" 404 8908 "-" "Mozilla/5.0 (Macintosh; Intel Mac OS X 10_6_8) AppleWebKit/535.7 (KHTML, like Gecko) Chrome/16.0.912.77 Safari/535.7"
46.32.226.96 - - [23/Dec/2012:15:32:55 +0100] "POST /wp-login.php HTTP/1.0" 200 3571 "http://www.westworld.be/wp-login.php" "Mozilla/4.0 (compatible; MSIE 6.0; Windows NT 5.1; SV1)"
66.249.75.95 - - [23/Dec/2012:15:39:15 +0100] "GET /tag/javascript/ HTTP/1.0" 200 4849 "-" "Mozilla/5.0 (compatible; Googlebot/2.1; +http://www.google.com/bot.html)"
184.106.168.183 - - [23/Dec/2012:15:41:49 +0100] "POST /wp-login.php HTTP/1.0" 200 3571 "http://www.westworld.be/wp-login.php" "Mozilla/4.0 (compatible; MSIE 6.0; Windows NT 5.1; SV1)"
94.242.237.5 - - [23/Dec/2012:15:45:16 +0100] "GET /wp-login.php HTTP/1.0" 200 2452 "-" "Mozilla/5.0 (Windows; U; Windows NT 5.1; en-US; rv:1.9.1.3) Gecko/20090824 Firefox/3.5.3 GTB5"
94.242.237.5 - - [23/Dec/2012:15:45:17 +0100] "POST /wp-login.php HTTP/1.0" 200 3392 "-" "Mozilla/5.0 (Windows; U; Windows NT 5.1; en-US; rv:1.9.1.3) Gecko/20090824 Firefox/3.5.3 GTB5"
208.115.113.82 - - [23/Dec/2012:15:49:31 +0100] "GET /most-wanted-ajax-stuff/trackback/ HTTP/1.0" 302 - "-" "Mozilla/5.0 (compatible; Ezooms/1.0; ezooms.bot@gmail.com)"
208.115.113.82 - - [23/Dec/2012:15:49:32 +0100] "GET /php-gtk-making-an-about-dialog/trackback/ HTTP/1.0" 302 - "-" "Mozilla/5.0 (compatible; Ezooms/1.0; ezooms.bot@gmail.com)"
208.115.113.82 - - [23/Dec/2012:15:49:33 +0100] "GET /siteResearch/API/namespaces/siteResearch.Crawler.config.html HTTP/1.0" 200 5643 "-" "Mozilla/5.0 (compatible; Ezooms/1.0; ezooms.bot@gmail.com)"
208.115.113.82 - - [23/Dec/2012:15:49:33 +0100] "GET /tag/filters/ HTTP/1.0" 200 10119 "-" "Mozilla/5.0 (compatible; Ezooms/1.0; ezooms.bot@gmail.com)"
199.15.234.246 - - [23/Dec/2012:15:52:48 +0100] "GET / HTTP/1.0" 200 10981 "http://www.westworld.be/" "Mozilla/5.0 (Linux; U; Android 2.2; fr-fr; Desire_A8181 Build/FRF91) App3leWebKit/53.1 (KHTML, like Gecko) Version/4.0 Mobile Safari/533.1"
88.190.16.36 - - [23/Dec/2012:15:54:55 +0100] "GET / HTTP/1.0" 200 10981 "http://www.westworld.be/" "Mozilla/4.0 (compatible; MSIE 6.0; Windows NT 5.1; SV1; MRA 5.8 (build 4157); .NET CLR 2.0.50727; AskTbPTV/5.11.3.15590)"
87.167.16.150 - - [23/Dec/2012:15:57:19 +0100] "GET /pdflib-basics/ HTTP/1.0" 200 5821 "https://www.google.de/" "Mozilla/5.0 (Windows NT 6.1; WOW64) AppleWebKit/537.11 (KHTML, like Gecko) Chrome/23.0.1271.97 Safari/537.11"
87.167.16.150 - - [23/Dec/2012:15:57:19 +0100] "GET /wp-content/themes/grey-opaque/style.css HTTP/1.0" 200 8569 "http://www.westworld.be/pdflib-basics/" "Mozilla/5.0 (Windows NT 6.1; WOW64) AppleWebKit/537.11 (KHTML, like Gecko) Chrome/23.0.1271.97 Safari/537.11"
87.167.16.150 - - [23/Dec/2012:15:57:19 +0100] "GET /wp-includes/js/comment-reply.js?ver=3.4.1 HTTP/1.0" 200 412 "http://www.westworld.be/pdflib-basics/" "Mozilla/5.0 (Windows NT 6.1; WOW64) AppleWebKit/537.11 (KHTML, like Gecko) Chrome/23.0.1271.97 Safari/537.11"
87.167.16.150 - - [23/Dec/2012:15:57:19 +0100] "GET /wp-content/themes/grey-opaque/javascript/jquery-smooth-scroll-to-anchor.js HTTP/1.0" 200 299 "http://www.westworld.be/pdflib-basics/" "Mozilla/5.0 (Windows NT 6.1; WOW64) AppleWebKit/537.11 (KHTML, like Gecko) Chrome/23.0.1271.97 Safari/537.11"
87.167.16.150 - - [23/Dec/2012:15:57:19 +0100] "GET /wp-content/themes/grey-opaque/javascript/jquery-textarea-autoresize.js HTTP/1.0" 200 1146 "http://www.westworld.be/pdflib-basics/" "Mozilla/5.0 (Windows NT 6.1; WOW64) AppleWebKit/537.11 (KHTML, like Gecko) Chrome/23.0.1271.97 Safari/537.11"
87.167.16.150 - - [23/Dec/2012:15:57:19 +0100] "GET /wp-includes/js/jquery/jquery.js?ver=1.7.2 HTTP/1.0" 200 33629 "http://www.westworld.be/pdflib-basics/" "Mozilla/5.0 (Windows NT 6.1; WOW64) AppleWebKit/537.11 (KHTML, like Gecko) Chrome/23.0.1271.97 Safari/537.11"
87.167.16.150 - - [23/Dec/2012:15:57:19 +0100] "GET /wp-content/themes/grey-opaque/plugins/lazy-load/js/jquery.sonar.min.js?ver=1.7.1 HTTP/1.0" 200 718 "http://www.westworld.be/pdflib-basics/" "Mozilla/5.0 (Windows NT 6.1; WOW64) AppleWebKit/537.11 (KHTML, like Gecko) Chrome/23.0.1271.97 Safari/537.11"
87.167.16.150 - - [23/Dec/2012:15:57:19 +0100] "GET /wp-content/themes/grey-opaque/plugins/lazy-load/js/lazy-load-min.js?ver=1.7.1 HTTP/1.0" 200 177 "http://www.westworld.be/pdflib-basics/" "Mozilla/5.0 (Windows NT 6.1; WOW64) AppleWebKit/537.11 (KHTML, like Gecko) Chrome/23.0.1271.97 Safari/537.11"
87.167.16.150 - - [23/Dec/2012:15:57:19 +0100] "GET /wp-content/themes/grey-opaque/images/backgrounds/background.jpg HTTP/1.0" 200 48400 "http://www.westworld.be/pdflib-basics/" "Mozilla/5.0 (Windows NT 6.1; WOW64) AppleWebKit/537.11 (KHTML, like Gecko) Chrome/23.0.1271.97 Safari/537.11"
87.167.16.150 - - [23/Dec/2012:15:57:19 +0100] "GET /wp-content/themes/grey-opaque/images/backgrounds/headerbg.png HTTP/1.0" 200 5033 "http://www.westworld.be/pdflib-basics/" "Mozilla/5.0 (Windows NT 6.1; WOW64) AppleWebKit/537.11 (KHTML, like Gecko) Chrome/23.0.1271.97 Safari/537.11"
87.167.16.150 - - [23/Dec/2012:15:57:19 +0100] "GET /wp-content/themes/grey-opaque/images/headers/clouds.jpg HTTP/1.0" 200 20959 "http://www.westworld.be/pdflib-basics/" "Mozilla/5.0 (Windows NT 6.1; WOW64) AppleWebKit/537.11 (KHTML, like Gecko) Chrome/23.0.1271.97 Safari/537.11"
87.167.16.150 - - [23/Dec/2012:15:57:19 +0100] "GET /wp-content/themes/grey-opaque/images/opaque/5.png HTTP/1.0" 200 182 "http://www.westworld.be/pdflib-basics/" "Mozilla/5.0 (Windows NT 6.1; WOW64) AppleWebKit/537.11 (KHTML, like Gecko) Chrome/23.0.1271.97 Safari/537.11"
87.167.16.150 - - [23/Dec/2012:15:57:19 +0100] "GET /wp-content/themes/grey-opaque/images/seperators/vertical.png HTTP/1.0" 200 116 "http://www.westworld.be/pdflib-basics/" "Mozilla/5.0 (Windows NT 6.1; WOW64) AppleWebKit/537.11 (KHTML, like Gecko) Chrome/23.0.1271.97 Safari/537.11"
87.167.16.150 - - [23/Dec/2012:15:57:19 +0100] "GET /wp-content/themes/grey-opaque/images/seperators/horizontal.png HTTP/1.0" 200 115 "http://www.westworld.be/pdflib-basics/" "Mozilla/5.0 (Windows NT 6.1; WOW64) AppleWebKit/537.11 (KHTML, like Gecko) Chrome/23.0.1271.97 Safari/537.11"
87.167.16.150 - - [23/Dec/2012:15:57:19 +0100] "GET /wp-content/themes/grey-opaque/images/icons/archive_off.png HTTP/1.0" 200 493 "http://www.westworld.be/pdflib-basics/" "Mozilla/5.0 (Windows NT 6.1; WOW64) AppleWebKit/537.11 (KHTML, like Gecko) Chrome/23.0.1271.97 Safari/537.11"
87.167.16.150 - - [23/Dec/2012:15:57:19 +0100] "GET /wp-content/themes/grey-opaque/images/icons/comment_off.png HTTP/1.0" 200 281 "http://www.westworld.be/pdflib-basics/" "Mozilla/5.0 (Windows NT 6.1; WOW64) AppleWebKit/537.11 (KHTML, like Gecko) Chrome/23.0.1271.97 Safari/537.11"
87.167.16.150 - - [23/Dec/2012:15:57:19 +0100] "GET /wp-content/themes/grey-opaque/images/icons/share_off.png HTTP/1.0" 200 363 "http://www.westworld.be/pdflib-basics/" "Mozilla/5.0 (Windows NT 6.1; WOW64) AppleWebKit/537.11 (KHTML, like Gecko) Chrome/23.0.1271.97 Safari/537.11"
87.167.16.150 - - [23/Dec/2012:15:57:19 +0100] "GET /wp-content/themes/grey-opaque/images/opaque/10.png HTTP/1.0" 200 166 "http://www.westworld.be/pdflib-basics/" "Mozilla/5.0 (Windows NT 6.1; WOW64) AppleWebKit/537.11 (KHTML, like Gecko) Chrome/23.0.1271.97 Safari/537.11"
87.167.16.150 - - [23/Dec/2012:15:57:19 +0100] "GET /wp-content/themes/grey-opaque/images/social/author-profiles-sprite.png HTTP/1.0" 200 22903 "http://www.westworld.be/pdflib-basics/" "Mozilla/5.0 (Windows NT 6.1; WOW64) AppleWebKit/537.11 (KHTML, like Gecko) Chrome/23.0.1271.97 Safari/537.11"
87.167.16.150 - - [23/Dec/2012:15:57:19 +0100] "GET /wp-content/themes/grey-opaque/images/icons/subscribe_off.png HTTP/1.0" 200 434 "http://www.westworld.be/pdflib-basics/" "Mozilla/5.0 (Windows NT 6.1; WOW64) AppleWebKit/537.11 (KHTML, like Gecko) Chrome/23.0.1271.97 Safari/537.11"
87.167.16.150 - - [23/Dec/2012:15:57:19 +0100] "GET /wp-content/themes/grey-opaque/images/icons/trackback_off.png HTTP/1.0" 200 335 "http://www.westworld.be/pdflib-basics/" "Mozilla/5.0 (Windows NT 6.1; WOW64) AppleWebKit/537.11 (KHTML, like Gecko) Chrome/23.0.1271.97 Safari/537.11"
87.167.16.150 - - [23/Dec/2012:15:57:19 +0100] "GET /wp-content/themes/grey-opaque/images/icons/permalink_off.png HTTP/1.0" 200 459 "http://www.westworld.be/pdflib-basics/" "Mozilla/5.0 (Windows NT 6.1; WOW64) AppleWebKit/537.11 (KHTML, like Gecko) Chrome/23.0.1271.97 Safari/537.11"
87.167.16.150 - - [23/Dec/2012:15:57:19 +0100] "GET /wp-content/themes/grey-opaque/plugins/lazy-load/images/1x1.trans.gif HTTP/1.0" 200 42 "http://www.westworld.be/pdflib-basics/" "Mozilla/5.0 (Windows NT 6.1; WOW64) AppleWebKit/537.11 (KHTML, like Gecko) Chrome/23.0.1271.97 Safari/537.11"
87.167.16.150 - - [23/Dec/2012:15:57:19 +0100] "GET /wp-content/themes/grey-opaque/images/icons/previous_off.png HTTP/1.0" 200 330 "http://www.westworld.be/pdflib-basics/" "Mozilla/5.0 (Windows NT 6.1; WOW64) AppleWebKit/537.11 (KHTML, like Gecko) Chrome/23.0.1271.97 Safari/537.11"
87.167.16.150 - - [23/Dec/2012:15:57:19 +0100] "GET /wp-content/themes/grey-opaque/images/icons/next_off.png HTTP/1.0" 200 333 "http://www.westworld.be/pdflib-basics/" "Mozilla/5.0 (Windows NT 6.1; WOW64) AppleWebKit/537.11 (KHTML, like Gecko) Chrome/23.0.1271.97 Safari/537.11"
87.167.16.150 - - [23/Dec/2012:15:57:19 +0100] "GET /wp-content/themes/grey-opaque/images/wordpress.png HTTP/1.0" 200 849 "http://www.westworld.be/pdflib-basics/" "Mozilla/5.0 (Windows NT 6.1; WOW64) AppleWebKit/537.11 (KHTML, like Gecko) Chrome/23.0.1271.97 Safari/537.11"
87.167.16.150 - - [23/Dec/2012:15:57:19 +0100] "GET /wp-content/themes/grey-opaque/images/smilies/icon_wink.gif HTTP/1.0" 200 61 "http://www.westworld.be/pdflib-basics/" "Mozilla/5.0 (Windows NT 6.1; WOW64) AppleWebKit/537.11 (KHTML, like Gecko) Chrome/23.0.1271.97 Safari/537.11"
87.167.16.150 - - [23/Dec/2012:15:57:19 +0100] "GET /favicon.ico HTTP/1.0" 200 - "-" "Mozilla/5.0 (Windows NT 6.1; WOW64) AppleWebKit/537.11 (KHTML, like Gecko) Chrome/23.0.1271.97 Safari/537.11"
118.69.198.230 - - [23/Dec/2012:15:57:42 +0100] "POST /wp-login.php HTTP/1.0" 200 3571 "http://www.westworld.be/wp-login.php" "Mozilla/4.0 (compatible; MSIE 6.0; Windows NT 5.1; SV1)"
94.242.237.5 - - [23/Dec/2012:16:01:50 +0100] "GET /wp-login.php HTTP/1.0" 200 2452 "-" "Mozilla/5.0 (Windows; U; Windows NT 5.1; en-US; rv:1.9.1.3) Gecko/20090824 Firefox/3.5.3 GTB5"
94.242.237.5 - - [23/Dec/2012:16:01:52 +0100] "POST /wp-login.php HTTP/1.0" 200 3392 "-" "Mozilla/5.0 (Windows; U; Windows NT 5.1; en-US; rv:1.9.1.3) Gecko/20090824 Firefox/3.5.3 GTB5"
66.249.75.95 - - [23/Dec/2012:16:02:02 +0100] "GET /tag/crawler/ HTTP/1.0" 304 - "-" "Mozilla/5.0 (compatible; Googlebot/2.1; +http://www.google.com/bot.html)"
195.22.20.231 - - [23/Dec/2012:16:06:00 +0100] "POST /wp-login.php HTTP/1.0" 200 3571 "http://www.westworld.be/wp-login.php" "Mozilla/4.0 (compatible; MSIE 6.0; Windows NT 5.1; SV1)"
77.88.24.27 - - [23/Dec/2012:16:06:38 +0100] "GET /perfect-world-genie/ HTTP/1.0" 304 - "-" "Mozilla/5.0 (compatible; YandexBot/3.0; +http://yandex.com/bots)"
195.225.171.122 - - [23/Dec/2012:16:07:29 +0100] "POST /wp-login.php HTTP/1.0" 200 3571 "http://www.westworld.be/wp-login.php" "Mozilla/4.0 (compatible; MSIE 6.0; Windows NT 5.1; SV1)"
88.151.243.107 - - [23/Dec/2012:16:12:16 +0100] "POST /wp-cron.php?doing_wp_cron=1356275535.9694221019744873046875 HTTP/1.0" 200 17 "-" "WordPress/3.4.2; http://www.westworld.be"
180.76.5.60 - - [23/Dec/2012:16:12:15 +0100] "GET /tag/gadgets/feed/ HTTP/1.0" 200 2187 "-" "Mozilla/5.0 (compatible; Baiduspider/2.0; +http://www.baidu.com/search/spider.html)"
93.114.43.144 - - [23/Dec/2012:16:13:29 +0100] "POST /wp-login.php HTTP/1.0" 200 3571 "http://www.westworld.be/wp-login.php" "Mozilla/4.0 (compatible; MSIE 6.0; Windows NT 5.1; SV1)"
66.249.75.95 - - [23/Dec/2012:16:13:43 +0100] "GET /siteResearch/API/classes/siteResearch.Crawler.config.SplClassLoader.html HTTP/1.0" 304 - "-" "Mozilla/5.0 (compatible; Googlebot/2.1; +http://www.google.com/bot.html)"
94.242.237.5 - - [23/Dec/2012:16:18:24 +0100] "GET /wp-login.php HTTP/1.0" 200 2452 "-" "Mozilla/5.0 (Windows; U; Windows NT 5.1; en-US; rv:1.9.1.3) Gecko/20090824 Firefox/3.5.3 GTB5"
94.242.237.5 - - [23/Dec/2012:16:18:26 +0100] "POST /wp-login.php HTTP/1.0" 200 3392 "-" "Mozilla/5.0 (Windows; U; Windows NT 5.1; en-US; rv:1.9.1.3) Gecko/20090824 Firefox/3.5.3 GTB5"
66.249.75.95 - - [23/Dec/2012:16:21:47 +0100] "GET /about/ HTTP/1.0" 200 4092 "-" "Mozilla/5.0 (compatible; Googlebot/2.1; +http://www.google.com/bot.html)"
194.38.104.59 - - [23/Dec/2012:16:22:50 +0100] "POST /wp-login.php HTTP/1.0" 200 3571 "http://www.westworld.be/wp-login.php" "Mozilla/4.0 (compatible; MSIE 6.0; Windows NT 5.1; SV1)"
94.242.237.5 - - [23/Dec/2012:16:35:01 +0100] "GET /wp-login.php HTTP/1.0" 200 2452 "-" "Mozilla/5.0 (Windows; U; Windows NT 5.1; en-US; rv:1.9.1.3) Gecko/20090824 Firefox/3.5.3 GTB5"
94.242.237.5 - - [23/Dec/2012:16:35:02 +0100] "POST /wp-login.php HTTP/1.0" 200 3392 "-" "Mozilla/5.0 (Windows; U; Windows NT 5.1; en-US; rv:1.9.1.3) Gecko/20090824 Firefox/3.5.3 GTB5"
199.59.95.146 - - [23/Dec/2012:16:35:59 +0100] "GET /format//wp-content/themes/Shuttershot/?src=http://img.youtube.com.fitnessmundo.net/func.php HTTP/1.0" 301 - "-" "Mozilla/5.0 (compatible; Googlebot/2.1; +http://www.google.com/bot.html)"
199.59.95.146 - - [23/Dec/2012:16:35:59 +0100] "GET //wp-content/themes/Shuttershot/?src=http://img.youtube.com.fitnessmundo.net/func.php HTTP/1.0" 301 - "-" "Mozilla/5.0 (compatible; Googlebot/2.1; +http://www.google.com/bot.html)"
199.59.95.146 - - [23/Dec/2012:16:36:00 +0100] "GET /wp-content/themes/Shuttershot/?src=http://img.youtube.com.fitnessmundo.net/func.php HTTP/1.0" 404 8899 "-" "Mozilla/5.0 (compatible; Googlebot/2.1; +http://www.google.com/bot.html)"
199.59.95.146 - - [23/Dec/2012:16:36:00 +0100] "GET /format/wp-content/themes/Shuttershot/?src=http://img.youtube.com.fitnessmundo.net/func.php HTTP/1.0" 404 8899 "-" "Mozilla/5.0 (compatible; Googlebot/2.1; +http://www.google.com/bot.html)"
37.59.11.122 - - [23/Dec/2012:16:36:05 +0100] "GET /uncategorized/canvas-flip-image HTTP/1.0" 301 - "http://www.westworld.be/uncategorized/canvas-flip-image" "Mozilla/5.0 (Windows NT 6.1) AppleWebKit/536.5 (KHTML, like Gecko) Chrome/19.0.1084.52 Safari/536.5"
37.59.11.122 - - [23/Dec/2012:16:36:06 +0100] "GET /canvas-flip-image/ HTTP/1.0" 200 20910 "http://www.westworld.be/canvas-flip-image/" "Mozilla/5.0 (Windows NT 6.1) AppleWebKit/536.5 (KHTML, like Gecko) Chrome/19.0.1084.52 Safari/536.5"
37.59.11.122 - - [23/Dec/2012:16:36:07 +0100] "POST /wp-comments-post.php HTTP/1.0" 302 - "http://www.westworld.be/canvas-flip-image/" "Mozilla/5.0 (Windows NT 6.1) AppleWebKit/536.5 (KHTML, like Gecko) Chrome/19.0.1084.52 Safari/536.5"
37.59.11.122 - - [23/Dec/2012:16:36:08 +0100] "GET /canvas-flip-image/ HTTP/1.0" 200 20910 "http://www.westworld.be/canvas-flip-image/" "Mozilla/5.0 (Windows NT 6.1) AppleWebKit/536.5 (KHTML, like Gecko) Chrome/19.0.1084.52 Safari/536.5"
88.190.16.36 - - [23/Dec/2012:16:36:21 +0100] "GET / HTTP/1.0" 200 10981 "http://www.westworld.be/" "Mozilla/4.0 (compatible; MSIE 6.0; Windows NT 5.1; SV1; MRA 5.8 (build 4157); .NET CLR 2.0.50727; AskTbPTV/5.11.3.15590)"
195.16.88.174 - - [23/Dec/2012:16:40:07 +0100] "POST /wp-login.php HTTP/1.0" 200 3571 "http://www.westworld.be/wp-login.php" "Mozilla/4.0 (compatible; MSIE 6.0; Windows NT 5.1; SV1)"
178.32.156.196 - - [23/Dec/2012:16:44:51 +0100] "GET / HTTP/1.0" 200 10981 "http://www.westworld.be/" "Mozilla/4.0 (compatible; MSIE 7.0; Windows NT 5.1; Trident/4.0; .NET CLR 1.1.4322)"
178.32.156.196 - - [23/Dec/2012:16:46:41 +0100] "GET / HTTP/1.0" 200 10981 "http://www.westworld.be/" "Mozilla/5.0 (Windows NT 6.0) AppleWebKit/535.1 (KHTML, like Gecko) Chrome/13.0.782.112 Safari/535.1"
199.59.95.146 - - [23/Dec/2012:16:46:50 +0100] "GET /format//wp-content/themes/Shuttershot/?src=http://img.youtube.com.fitnessmundo.net/func.php HTTP/1.0" 301 - "-" "Mozilla/5.0 (compatible; Googlebot/2.1; +http://www.google.com/bot.html)"
199.59.95.146 - - [23/Dec/2012:16:46:50 +0100] "GET //wp-content/themes/Shuttershot/?src=http://img.youtube.com.fitnessmundo.net/func.php HTTP/1.0" 301 - "-" "Mozilla/5.0 (compatible; Googlebot/2.1; +http://www.google.com/bot.html)"
199.59.95.146 - - [23/Dec/2012:16:46:51 +0100] "GET /wp-content/themes/Shuttershot/?src=http://img.youtube.com.fitnessmundo.net/func.php HTTP/1.0" 404 8899 "-" "Mozilla/5.0 (compatible; Googlebot/2.1; +http://www.google.com/bot.html)"
199.59.95.146 - - [23/Dec/2012:16:46:51 +0100] "GET /format/wp-content/themes/Shuttershot/?src=http://img.youtube.com.fitnessmundo.net/func.php HTTP/1.0" 404 8899 "-" "Mozilla/5.0 (compatible; Googlebot/2.1; +http://www.google.com/bot.html)"
85.25.124.220 - - [23/Dec/2012:16:47:16 +0100] "POST /wp-login.php HTTP/1.0" 200 3571 "http://www.westworld.be/wp-login.php" "Mozilla/4.0 (compatible; MSIE 6.0; Windows NT 5.1; SV1)"
184.106.168.183 - - [23/Dec/2012:16:47:42 +0100] "POST /wp-login.php HTTP/1.0" 200 3571 "http://www.westworld.be/wp-login.php" "Mozilla/4.0 (compatible; MSIE 6.0; Windows NT 5.1; SV1)"
178.32.156.196 - - [23/Dec/2012:16:48:26 +0100] "GET / HTTP/1.0" 200 10981 "http://www.westworld.be/" "Mozilla/4.0 (compatible; MSIE 7.0; Windows NT 5.1; SV1; .NET CLR 2.0.50727)"
94.242.237.5 - - [23/Dec/2012:16:51:33 +0100] "GET /wp-login.php HTTP/1.0" 200 2452 "-" "Mozilla/5.0 (Windows; U; Windows NT 5.1; en-US; rv:1.9.1.3) Gecko/20090824 Firefox/3.5.3 GTB5"
94.242.237.5 - - [23/Dec/2012:16:51:34 +0100] "POST /wp-login.php HTTP/1.0" 200 3392 "-" "Mozilla/5.0 (Windows; U; Windows NT 5.1; en-US; rv:1.9.1.3) Gecko/20090824 Firefox/3.5.3 GTB5"
66.249.75.95 - - [23/Dec/2012:16:52:16 +0100] "GET /tag/crawling/ HTTP/1.0" 304 - "-" "Mozilla/5.0 (compatible; Googlebot/2.1; +http://www.google.com/bot.html)"
82.194.82.102 - - [23/Dec/2012:16:54:29 +0100] "POST /wp-login.php HTTP/1.0" 200 3571 "http://www.westworld.be/wp-login.php" "Mozilla/4.0 (compatible; MSIE 6.0; Windows NT 5.1; SV1)"
222.187.222.104 - - [23/Dec/2012:16:54:45 +0100] "GET /format/ HTTP/1.0" 200 22499 "http://www.westworld.be/format/" "Mozilla/5.0 (Windows NT 5.1) AppleWebKit/535.7 (KHTML, like Gecko) Chrome/16.0.912.77 Safari/535.7 u01-2"
222.187.222.104 - - [23/Dec/2012:16:54:48 +0100] "POST /wp-comments-post.php HTTP/1.0" 302 - "http://www.westworld.be/format/" "Mozilla/5.0 (Windows NT 5.1) AppleWebKit/535.7 (KHTML, like Gecko) Chrome/16.0.912.77 Safari/535.7 u01-2"
222.187.222.104 - - [23/Dec/2012:16:54:53 +0100] "GET /format/ HTTP/1.0" 200 22499 "http://www.westworld.be/format/" "Mozilla/5.0 (Windows NT 5.1) AppleWebKit/535.7 (KHTML, like Gecko) Chrome/16.0.912.77 Safari/535.7 u01-2"
77.88.24.27 - - [23/Dec/2012:16:57:30 +0100] "GET /javascript-variables/ HTTP/1.0" 200 4486 "-" "Mozilla/5.0 (compatible; YandexBot/3.0; +http://yandex.com/bots)"
221.132.33.130 - - [23/Dec/2012:17:05:16 +0100] "POST /wp-login.php HTTP/1.0" 200 3571 "http://www.westworld.be/wp-login.php" "Mozilla/4.0 (compatible; MSIE 6.0; Windows NT 5.1; SV1)"
199.15.234.20 - - [23/Dec/2012:17:07:39 +0100] "GET /format/ HTTP/1.0" 200 22499 "http://www.westworld.be/format/" "Opera/9.80 (Windows NT 6.1; U; ru) Presto/2.10.229 Version/11.64"
199.15.234.20 - - [23/Dec/2012:17:07:40 +0100] "POST /wp-comments-post.php HTTP/1.0" 302 - "http://www.westworld.be/format/" "Opera/9.80 (Windows NT 6.1; U; ru) Presto/2.10.229 Version/11.64"
199.15.234.20 - - [23/Dec/2012:17:07:41 +0100] "GET /format/ HTTP/1.0" 200 22499 "http://www.westworld.be/format/" "Opera/9.80 (Windows NT 6.1; U; ru) Presto/2.10.229 Version/11.64"
88.151.243.107 - - [23/Dec/2012:17:08:12 +0100] "POST /wp-cron.php?doing_wp_cron=1356278892.2614269256591796875000 HTTP/1.0" 200 17 "-" "WordPress/3.4.2; http://www.westworld.be"
94.242.237.5 - - [23/Dec/2012:17:08:11 +0100] "GET /wp-login.php HTTP/1.0" 200 2452 "-" "Mozilla/5.0 (Windows; U; Windows NT 5.1; en-US; rv:1.9.1.3) Gecko/20090824 Firefox/3.5.3 GTB5"
94.242.237.5 - - [23/Dec/2012:17:08:13 +0100] "POST /wp-login.php HTTP/1.0" 200 3392 "-" "Mozilla/5.0 (Windows; U; Windows NT 5.1; en-US; rv:1.9.1.3) Gecko/20090824 Firefox/3.5.3 GTB5"
88.190.16.36 - - [23/Dec/2012:17:10:54 +0100] "GET / HTTP/1.0" 200 10981 "http://www.westworld.be/" "Mozilla/4.0 (compatible; MSIE 7.0; Windows NT 5.1; Trident/4.0; .NET CLR 2.0.50727; .NET CLR 3.0.4506.2152; .NET CLR 3.5.30729)"
88.190.16.36 - - [23/Dec/2012:17:11:50 +0100] "GET / HTTP/1.0" 200 10981 "http://www.westworld.be/" "Mozilla/4.0 (compatible; MSIE 7.0; Windows NT 5.1; SV1; .NET CLR 2.0.50727)"
117.21.227.47 - - [23/Dec/2012:17:12:28 +0100] "GET /format/ HTTP/1.0" 200 22499 "http://www.westworld.be/format/" "Mozilla/5.0 (Windows NT 6.1; WOW64) AppleWebKit/536.11 (KHTML, like Gecko) Chrome/20.0.1132.27 Safari/536.11"
117.21.227.47 - - [23/Dec/2012:17:12:29 +0100] "POST /wp-comments-post.php HTTP/1.0" 302 - "http://www.westworld.be/format/" "Mozilla/5.0 (Windows NT 6.1; WOW64) AppleWebKit/536.11 (KHTML, like Gecko) Chrome/20.0.1132.27 Safari/536.11"
117.21.227.47 - - [23/Dec/2012:17:12:31 +0100] "GET /format/ HTTP/1.0" 200 22499 "http://www.westworld.be/format/" "Mozilla/5.0 (Windows NT 6.1; WOW64) AppleWebKit/536.11 (KHTML, like Gecko) Chrome/20.0.1132.27 Safari/536.11"
117.192.243.254 - - [23/Dec/2012:17:15:27 +0100] "GET /checkboxes-in-prototype/ HTTP/1.0" 200 5584 "https://www.google.co.in/" "Mozilla/5.0 (Windows NT 6.1) AppleWebKit/537.11 (KHTML, like Gecko) Chrome/23.0.1271.97 Safari/537.11"
117.192.243.254 - - [23/Dec/2012:17:15:27 +0100] "GET /wp-content/themes/grey-opaque/style.css HTTP/1.0" 200 8569 "http://www.westworld.be/checkboxes-in-prototype/" "Mozilla/5.0 (Windows NT 6.1) AppleWebKit/537.11 (KHTML, like Gecko) Chrome/23.0.1271.97 Safari/537.11"
117.192.243.254 - - [23/Dec/2012:17:15:27 +0100] "GET /wp-includes/js/jquery/jquery.js?ver=1.7.2 HTTP/1.0" 200 33629 "http://www.westworld.be/checkboxes-in-prototype/" "Mozilla/5.0 (Windows NT 6.1) AppleWebKit/537.11 (KHTML, like Gecko) Chrome/23.0.1271.97 Safari/537.11"
117.192.243.254 - - [23/Dec/2012:17:15:27 +0100] "GET /wp-includes/js/comment-reply.js?ver=3.4.1 HTTP/1.0" 200 412 "http://www.westworld.be/checkboxes-in-prototype/" "Mozilla/5.0 (Windows NT 6.1) AppleWebKit/537.11 (KHTML, like Gecko) Chrome/23.0.1271.97 Safari/537.11"
117.192.243.254 - - [23/Dec/2012:17:15:27 +0100] "GET /wp-content/themes/grey-opaque/javascript/jquery-smooth-scroll-to-anchor.js HTTP/1.0" 200 299 "http://www.westworld.be/checkboxes-in-prototype/" "Mozilla/5.0 (Windows NT 6.1) AppleWebKit/537.11 (KHTML, like Gecko) Chrome/23.0.1271.97 Safari/537.11"
117.192.243.254 - - [23/Dec/2012:17:15:27 +0100] "GET /wp-content/themes/grey-opaque/javascript/jquery-textarea-autoresize.js HTTP/1.0" 200 1146 "http://www.westworld.be/checkboxes-in-prototype/" "Mozilla/5.0 (Windows NT 6.1) AppleWebKit/537.11 (KHTML, like Gecko) Chrome/23.0.1271.97 Safari/537.11"
117.192.243.254 - - [23/Dec/2012:17:15:27 +0100] "GET /wp-content/themes/grey-opaque/plugins/lazy-load/js/jquery.sonar.min.js?ver=1.7.1 HTTP/1.0" 200 718 "http://www.westworld.be/checkboxes-in-prototype/" "Mozilla/5.0 (Windows NT 6.1) AppleWebKit/537.11 (KHTML, like Gecko) Chrome/23.0.1271.97 Safari/537.11"
117.192.243.254 - - [23/Dec/2012:17:15:27 +0100] "GET /wp-content/themes/grey-opaque/plugins/lazy-load/js/lazy-load-min.js?ver=1.7.1 HTTP/1.0" 200 177 "http://www.westworld.be/checkboxes-in-prototype/" "Mozilla/5.0 (Windows NT 6.1) AppleWebKit/537.11 (KHTML, like Gecko) Chrome/23.0.1271.97 Safari/537.11"
117.192.243.254 - - [23/Dec/2012:17:15:28 +0100] "GET /wp-content/themes/grey-opaque/images/backgrounds/background.jpg HTTP/1.0" 200 48400 "http://www.westworld.be/checkboxes-in-prototype/" "Mozilla/5.0 (Windows NT 6.1) AppleWebKit/537.11 (KHTML, like Gecko) Chrome/23.0.1271.97 Safari/537.11"
