78.111.80.205 - - [24/Dec/2012:14:13:57 +0100] "POST /wp-login.php HTTP/1.0" 200 3571 "http://www.westworld.be/wp-login.php" "Mozilla/4.0 (compatible; MSIE 6.0; Windows NT 5.1; SV1)"
188.95.251.2 - - [24/Dec/2012:14:14:14 +0100] "POST /wp-login.php HTTP/1.0" 200 3571 "http://www.westworld.be/wp-login.php" "Mozilla/4.0 (compatible; MSIE 6.0; Windows NT 5.1; SV1)"
87.106.133.227 - - [24/Dec/2012:14:14:24 +0100] "POST /wp-login.php HTTP/1.0" 200 3571 "http://www.westworld.be/wp-login.php" "Mozilla/4.0 (compatible; MSIE 6.0; Windows NT 5.1; SV1)"
66.249.75.95 - - [24/Dec/2012:14:15:10 +0100] "GET /2012/11/ HTTP/1.0" 200 3788 "-" "Mozilla/5.0 (compatible; Googlebot/2.1; +http://www.google.com/bot.html)"
77.88.24.27 - - [24/Dec/2012:14:15:39 +0100] "GET /xmlrpc.php?rsd HTTP/1.0" 200 834 "-" "Mozilla/5.0 (compatible; YandexBot/3.0; +http://yandex.com/bots)"
208.115.113.82 - - [24/Dec/2012:14:25:45 +0100] "GET /robots.txt HTTP/1.0" 200 108 "-" "Mozilla/5.0 (compatible; Ezooms/1.0; ezooms.bot@gmail.com)"
72.14.199.92 - - [24/Dec/2012:14:34:13 +0100] "GET /feed/ HTTP/1.0" 200 10605 "-" "Feedfetcher-Google; (+http://www.google.com/feedfetcher.html; 1 subscribers; feed-id=10689829183176357171)"
199.19.110.150 - - [24/Dec/2012:14:34:47 +0100] "GET /page/2/ HTTP/1.0" 200 34322 "http://www.westworld.be/page/2/" "Mozilla/5.0 (Windows NT 5.1) AppleWebKit/536.11 (KHTML, like Gecko) Chrome/20.0.1132.47 Safari/536.11"
46.32.226.96 - - [24/Dec/2012:14:45:42 +0100] "POST /wp-login.php HTTP/1.0" 200 3571 "http://www.westworld.be/wp-login.php" "Mozilla/4.0 (compatible; MSIE 6.0; Windows NT 5.1; SV1)"
66.249.75.95 - - [24/Dec/2012:14:51:47 +0100] "GET /robots.txt HTTP/1.0" 200 108 "-" "Mozilla/5.0 (compatible; Googlebot/2.1; +http://www.google.com/bot.html)"
66.249.75.95 - - [24/Dec/2012:14:51:48 +0100] "GET /tag/cli/ HTTP/1.0" 200 3170 "-" "Mozilla/5.0 (compatible; Googlebot/2.1; +http://www.google.com/bot.html)"
188.93.153.57 - - [24/Dec/2012:14:54:14 +0100] "GET /wp-content/themes/graphix/scripts/timthumb.php?src=http%3A%2F%2Fflickr.com.sistegraphic.com%2Fbad.php HTTP/1.0" 404 8903 "-" "Mozilla/5.0 (Windows; U; Windows NT 5.1; en-US; rv:1.9.2) Gecko/20100115 Firefox/3.6"
178.63.53.21 - - [24/Dec/2012:14:54:36 +0100] "POST /wp-login.php HTTP/1.0" 200 3571 "http://www.westworld.be/wp-login.php" "Mozilla/4.0 (compatible; MSIE 6.0; Windows NT 5.1; SV1)"
94.23.27.29 - - [24/Dec/2012:14:54:48 +0100] "POST /wp-login.php HTTP/1.0" 200 3571 "http://www.westworld.be/wp-login.php" "Mozilla/4.0 (compatible; MSIE 6.0; Windows NT 5.1; SV1)"
118.69.198.230 - - [24/Dec/2012:14:54:54 +0100] "POST /wp-login.php HTTP/1.0" 200 3571 "http://www.westworld.be/wp-login.php" "Mozilla/4.0 (compatible; MSIE 6.0; Windows NT 5.1; SV1)"
70.32.114.50 - - [24/Dec/2012:14:55:43 +0100] "POST /wp-login.php HTTP/1.0" 200 3571 "http://www.westworld.be/wp-login.php" "Mozilla/4.0 (compatible; MSIE 6.0; Windows NT 5.1; SV1)"
66.249.75.95 - - [24/Dec/2012:15:16:45 +0100] "GET /category/css/ HTTP/1.0" 200 3821 "-" "Mozilla/5.0 (compatible; Googlebot/2.1; +http://www.google.com/bot.html)"
199.15.234.140 - - [24/Dec/2012:15:20:35 +0100] "GET /uncategorized/sraping-the-web-with-node-js/ HTTP/1.0" 301 - "http://www.westworld.be/uncategorized/sraping-the-web-with-node-js/" "Opera/9.80 (Windows NT 6.1; WOW64; U; en) Presto/2.10.289 Version/12.00"
199.15.234.140 - - [24/Dec/2012:15:20:38 +0100] "GET /sraping-the-web-with-node-js/ HTTP/1.0" 200 12778 "http://www.westworld.be/sraping-the-web-with-node-js/" "Opera/9.80 (Windows NT 6.1; WOW64; U; en) Presto/2.10.289 Version/12.00"
88.151.243.107 - - [24/Dec/2012:15:20:38 +0100] "HEAD /siteResearch/API/ HTTP/1.0" 200 - "http://www.westworld.be" "Mozilla/4.0 (compatible; MSIE 7.0; Windows NT 5.1; .NET CLR 1.1.4322; .NET CLR 2.0.50727; .NET CLR 3.0.04506.30)"
88.151.243.107 - - [24/Dec/2012:15:20:36 +0100] "POST /wp-cron.php?doing_wp_cron=1356358836.6569240093231201171875 HTTP/1.0" 200 17 "-" "WordPress/3.4.2; http://www.westworld.be"
50.115.171.23 - - [24/Dec/2012:15:28:08 +0100] "GET / HTTP/1.0" 200 10985 "http://www.westworld.be/" "Mozilla/4.0 (compatible; MSIE 7.0; Windows NT 5.1; SV1; .NET CLR 2.0.50727)"
118.69.198.230 - - [24/Dec/2012:15:28:52 +0100] "POST /wp-login.php HTTP/1.0" 200 3571 "http://www.westworld.be/wp-login.php" "Mozilla/4.0 (compatible; MSIE 6.0; Windows NT 5.1; SV1)"
88.190.16.36 - - [24/Dec/2012:15:30:16 +0100] "GET / HTTP/1.0" 200 10985 "http://www.westworld.be/" "Mozilla/5.0 (Linux; U; Android 2.2; fr-fr; Desire_A8181 Build/FRF91) App3leWebKit/53.1 (KHTML, like Gecko) Version/4.0 Mobile Safari/533.1"
88.190.16.36 - - [24/Dec/2012:15:30:18 +0100] "GET / HTTP/1.0" 200 10985 "http://www.westworld.be/" "Mozilla/4.0 (compatible; MSIE 6.0; Windows NT 5.1; SV1; FunWebProducts; .NET CLR 1.1.4322; PeoplePal 6.2)"
173.166.75.217 - - [24/Dec/2012:15:35:54 +0100] "POST /wp-login.php HTTP/1.0" 200 3571 "http://www.westworld.be/wp-login.php" "Mozilla/4.0 (compatible; MSIE 6.0; Windows NT 5.1; SV1)"
188.95.251.2 - - [24/Dec/2012:15:36:01 +0100] "POST /wp-login.php HTTP/1.0" 200 3571 "http://www.westworld.be/wp-login.php" "Mozilla/4.0 (compatible; MSIE 6.0; Windows NT 5.1; SV1)"
85.214.45.181 - - [24/Dec/2012:15:36:06 +0100] "POST /wp-login.php HTTP/1.0" 200 3571 "http://www.westworld.be/wp-login.php" "Mozilla/4.0 (compatible; MSIE 6.0; Windows NT 5.1; SV1)"
46.45.161.250 - - [24/Dec/2012:15:36:17 +0100] "POST /wp-login.php HTTP/1.0" 200 3571 "http://www.westworld.be/wp-login.php" "Mozilla/4.0 (compatible; MSIE 6.0; Windows NT 5.1; SV1)"
88.190.16.36 - - [24/Dec/2012:15:38:56 +0100] "GET / HTTP/1.0" 200 10985 "http://www.westworld.be/" "Mozilla/4.0 (compatible; MSIE 6.0; Windows NT 5.1; SV1; MRA 5.8 (build 4157); .NET CLR 2.0.50727; AskTbPTV/5.11.3.15590)"
66.249.75.95 - - [24/Dec/2012:15:46:35 +0100] "GET /category/mysql/ HTTP/1.0" 200 4960 "-" "Mozilla/5.0 (compatible; Googlebot/2.1; +http://www.google.com/bot.html)"
208.115.113.82 - - [24/Dec/2012:15:48:30 +0100] "GET /siteResearch/API/classes/siteResearch.Crawler.Tweaks.RemoveDuplicatesTest.html HTTP/1.0" 200 8861 "-" "Mozilla/5.0 (compatible; Ezooms/1.0; ezooms.bot@gmail.com)"
208.115.113.82 - - [24/Dec/2012:15:48:30 +0100] "GET /2011/10/ HTTP/1.0" 200 9195 "-" "Mozilla/5.0 (compatible; Ezooms/1.0; ezooms.bot@gmail.com)"
208.115.113.82 - - [24/Dec/2012:15:48:30 +0100] "GET /usersniffing-visitors-from-a-dogs-point-of-view/feed/ HTTP/1.0" 200 1049 "-" "Mozilla/5.0 (compatible; Ezooms/1.0; ezooms.bot@gmail.com)"
208.115.113.82 - - [24/Dec/2012:15:48:31 +0100] "GET /a-note-to-self/fire-events-with-prototype/feed/ HTTP/1.0" 301 - "-" "Mozilla/5.0 (compatible; Ezooms/1.0; ezooms.bot@gmail.com)"
208.115.113.82 - - [24/Dec/2012:15:48:32 +0100] "GET /css-inside-out/trackback/ HTTP/1.0" 302 - "-" "Mozilla/5.0 (compatible; Ezooms/1.0; ezooms.bot@gmail.com)"
208.115.113.82 - - [24/Dec/2012:15:48:33 +0100] "GET /infographix-%C2%B2-the-longcut-a-tried-and-tested-method/trackback/ HTTP/1.0" 302 - "-" "Mozilla/5.0 (compatible; Ezooms/1.0; ezooms.bot@gmail.com)"
77.88.24.27 - - [24/Dec/2012:15:49:30 +0100] "GET /robots.txt HTTP/1.0" 200 108 "-" "Mozilla/5.0 (compatible; YandexBot/3.0; +http://yandex.com/bots)"
77.88.24.27 - - [24/Dec/2012:15:49:32 +0100] "GET /category/mysql/ HTTP/1.0" 200 4960 "-" "Mozilla/5.0 (compatible; YandexBot/3.0; +http://yandex.com/bots)"
61.174.53.129 - - [24/Dec/2012:15:55:32 +0100] "GET / HTTP/1.0" 301 - "-" "Mozilla/4.0 (compatible; MSIE 8.0; Windows NT 5.1; Trident/4.0; .NET CLR 1.1.4322; .NET CLR 1.0.3705; .NET CLR 2.0.50727; .NET CLR 3.0.04506.648; .NET CLR 3.5.21022; .NET CLR 3.0.4506.2152; .NET CLR 3.5.30729; .NET4.0C; .NET4.0E)"
61.174.53.129 - - [24/Dec/2012:15:55:32 +0100] "GET / HTTP/1.0" 301 - "-" "Mozilla/4.0 (compatible; MSIE 8.0; Windows NT 5.1; Trident/4.0; .NET CLR 1.1.4322; .NET CLR 1.0.3705; .NET CLR 2.0.50727; .NET CLR 3.0.04506.648; .NET CLR 3.5.21022; .NET CLR 3.0.4506.2152; .NET CLR 3.5.30729; .NET4.0C; .NET4.0E)"
61.174.53.129 - - [24/Dec/2012:15:55:32 +0100] "GET / HTTP/1.0" 301 - "-" "Mozilla/4.0 (compatible; MSIE 8.0; Windows NT 5.1; Trident/4.0; .NET CLR 1.1.4322; .NET CLR 1.0.3705; .NET CLR 2.0.50727; .NET CLR 3.0.04506.648; .NET CLR 3.5.21022; .NET CLR 3.0.4506.2152; .NET CLR 3.5.30729; .NET4.0C; .NET4.0E)"
61.174.53.129 - - [24/Dec/2012:15:55:33 +0100] "GET / HTTP/1.0" 301 - "-" "Mozilla/4.0 (compatible; MSIE 8.0; Windows NT 5.1; Trident/4.0; .NET CLR 1.1.4322; .NET CLR 1.0.3705; .NET CLR 2.0.50727; .NET CLR 3.0.04506.648; .NET CLR 3.5.21022; .NET CLR 3.0.4506.2152; .NET CLR 3.5.30729; .NET4.0C; .NET4.0E)"
61.174.53.129 - - [24/Dec/2012:15:55:34 +0100] "GET / HTTP/1.0" 200 10985 "-" "Mozilla/4.0 (compatible; MSIE 8.0; Windows NT 5.1; Trident/4.0; .NET CLR 1.1.4322; .NET CLR 1.0.3705; .NET CLR 2.0.50727; .NET CLR 3.0.04506.648; .NET CLR 3.5.21022; .NET CLR 3.0.4506.2152; .NET CLR 3.5.30729; .NET4.0C; .NET4.0E)"
61.174.53.129 - - [24/Dec/2012:15:55:34 +0100] "GET / HTTP/1.0" 200 10985 "-" "Mozilla/4.0 (compatible; MSIE 8.0; Windows NT 5.1; Trident/4.0; .NET CLR 1.1.4322; .NET CLR 1.0.3705; .NET CLR 2.0.50727; .NET CLR 3.0.04506.648; .NET CLR 3.5.21022; .NET CLR 3.0.4506.2152; .NET CLR 3.5.30729; .NET4.0C; .NET4.0E)"
61.174.53.129 - - [24/Dec/2012:15:55:35 +0100] "GET / HTTP/1.0" 200 10985 "-" "Mozilla/4.0 (compatible; MSIE 8.0; Windows NT 5.1; Trident/4.0; .NET CLR 1.1.4322; .NET CLR 1.0.3705; .NET CLR 2.0.50727; .NET CLR 3.0.04506.648; .NET CLR 3.5.21022; .NET CLR 3.0.4506.2152; .NET CLR 3.5.30729; .NET4.0C; .NET4.0E)"
61.174.53.129 - - [24/Dec/2012:15:55:37 +0100] "GET / HTTP/1.0" 200 10985 "-" "Mozilla/4.0 (compatible; MSIE 8.0; Windows NT 5.1; Trident/4.0; .NET CLR 1.1.4322; .NET CLR 1.0.3705; .NET CLR 2.0.50727; .NET CLR 3.0.04506.648; .NET CLR 3.5.21022; .NET CLR 3.0.4506.2152; .NET CLR 3.5.30729; .NET4.0C; .NET4.0E)"
66.249.75.95 - - [24/Dec/2012:16:01:49 +0100] "GET /uncategorized/skype-bulk-import HTTP/1.0" 301 - "-" "Mozilla/5.0 (compatible; Googlebot/2.1; +http://www.google.com/bot.html)"
199.15.234.246 - - [24/Dec/2012:16:02:02 +0100] "GET / HTTP/1.0" 200 10985 "http://www.westworld.be/" "Mozilla/5.0 (Windows NT 5.1; rv:13.0) Gecko/20100101 Firefox/13.0.1"
66.249.75.95 - - [24/Dec/2012:16:02:19 +0100] "GET /skype-bulk-import/ HTTP/1.0" 200 5355 "-" "Mozilla/5.0 (compatible; Googlebot/2.1; +http://www.google.com/bot.html)"
88.190.16.36 - - [24/Dec/2012:16:06:57 +0100] "GET / HTTP/1.0" 200 10985 "http://www.westworld.be/" "Mozilla/5.0 (Windows NT 6.1; WOW64) AppleWebKit/535.1 (KHTML, like Gecko) Chrome/13.0.782.112 Safari/535.1"
88.151.243.107 - - [24/Dec/2012:16:13:01 +0100] "POST /wp-cron.php?doing_wp_cron=1356361981.0175890922546386718750 HTTP/1.0" 200 17 "-" "WordPress/3.4.2; http://www.westworld.be"
89.223.49.163 - - [24/Dec/2012:16:13:00 +0100] "POST /wp-login.php HTTP/1.0" 200 3571 "http://www.westworld.be/wp-login.php" "Mozilla/4.0 (compatible; MSIE 6.0; Windows NT 5.1; SV1)"
60.36.84.94 - - [24/Dec/2012:16:15:28 +0100] "GET /robots.txt HTTP/1.0" 200 108 "-" "TosCrawler/Nutch-1.4 (http://www.toshiba.co.jp/rdc/about/crawl_info_en.htm; 'Rdc-crawler at ml dot toshiba dot co dot jp')"
60.36.84.94 - - [24/Dec/2012:16:15:29 +0100] "GET /category/a-note-to-self/page/2/ HTTP/1.0" 200 5287 "-" "TosCrawler/Nutch-1.4 (http://www.toshiba.co.jp/rdc/about/crawl_info_en.htm; 'Rdc-crawler at ml dot toshiba dot co dot jp')"
180.76.5.99 - - [24/Dec/2012:16:17:03 +0100] "GET /tag/siteresearch/ HTTP/1.0" 200 3408 "-" "Mozilla/5.0 (compatible; Baiduspider/2.0; +http://www.baidu.com/search/spider.html)"
221.132.33.130 - - [24/Dec/2012:16:18:04 +0100] "POST /wp-login.php HTTP/1.0" 200 3571 "http://www.westworld.be/wp-login.php" "Mozilla/4.0 (compatible; MSIE 6.0; Windows NT 5.1; SV1)"
89.223.49.163 - - [24/Dec/2012:16:18:08 +0100] "POST /wp-login.php HTTP/1.0" 200 3571 "http://www.westworld.be/wp-login.php" "Mozilla/4.0 (compatible; MSIE 6.0; Windows NT 5.1; SV1)"
82.194.82.102 - - [24/Dec/2012:16:18:33 +0100] "POST /wp-login.php HTTP/1.0" 200 3571 "http://www.westworld.be/wp-login.php" "Mozilla/4.0 (compatible; MSIE 6.0; Windows NT 5.1; SV1)"
46.252.193.47 - - [24/Dec/2012:16:18:35 +0100] "POST /wp-login.php HTTP/1.0" 200 3571 "http://www.westworld.be/wp-login.php" "Mozilla/4.0 (compatible; MSIE 6.0; Windows NT 5.1; SV1)"
176.9.221.111 - - [24/Dec/2012:16:23:39 +0100] "GET / HTTP/1.0" 200 10985 "http://www.westworld.be/" "Opera/9.80 (Windows NT 5.1; U; en) Presto/2.10.289 Version/12.01"
178.32.77.81 - - [24/Dec/2012:16:24:04 +0100] "HEAD / HTTP/1.0" 200 - "-" "Mozilla/5.0 (compatible; 4SeoHuntBot; +http://4seohunt.com/bot.html)"
178.32.77.81 - - [24/Dec/2012:16:24:08 +0100] "GET / HTTP/1.0" 200 49931 "-" "Mozilla/5.0 (compatible; 4SeoHuntBot; +http://4seohunt.com/bot.html)"
209.200.10.200 - - [24/Dec/2012:16:24:37 +0100] "GET /uncategorized/some-great-tools/ HTTP/1.0" 301 - "http://www.westworld.be/uncategorized/some-great-tools/" "Mozilla/4.0 (compatible; MSIE 6.0; Windows NT 5.0; ODP entries t_st; http://tuezilla.de/t_st-odp-entries-agent.html)\xa0"
209.200.10.200 - - [24/Dec/2012:16:24:39 +0100] "GET /some-great-tools/ HTTP/1.0" 200 15772 "http://www.westworld.be/uncategorized/some-great-tools/" "Mozilla/4.0 (compatible; MSIE 6.0; Windows NT 5.0; ODP entries t_st; http://tuezilla.de/t_st-odp-entries-agent.html)\xa0"
199.15.234.246 - - [24/Dec/2012:16:29:02 +0100] "GET / HTTP/1.0" 200 10985 "http://www.westworld.be/" "Mozilla/5.0 (Linux; U; Android 2.2; fr-fr; Desire_A8181 Build/FRF91) App3leWebKit/53.1 (KHTML, like Gecko) Version/4.0 Mobile Safari/533.1"
66.249.75.95 - - [24/Dec/2012:16:32:38 +0100] "GET /category/image-manipulation/ HTTP/1.0" 200 3370 "-" "Mozilla/5.0 (compatible; Googlebot/2.1; +http://www.google.com/bot.html)"
208.115.111.66 - - [24/Dec/2012:16:37:50 +0100] "GET /robots.txt HTTP/1.0" 200 108 "-" "Mozilla/5.0 (compatible; Ezooms/1.0; ezooms.bot@gmail.com)"
46.119.123.174 - - [24/Dec/2012:16:43:56 +0100] "GET /page/3/ HTTP/1.0" 200 45959 "http://www.westworld.be/page/3/" "Opera/9.80 (Windows NT 6.1; U; ru) Presto/2.10.229 Version/11.64"
79.148.6.6 - - [24/Dec/2012:16:46:29 +0100] "GET /pdo-get-column-names/ HTTP/1.0" 200 5272 "http://www.google.es/url?sa=t&rct=j&q=pdo%20get%20column%20name%20statement&source=web&cd=8&ved=0CHYQFjAH&url=http%3A%2F%2Fwww.westworld.be%2Fpdo-get-column-names%2F&ei=pHnYULhEwsXRBYDkgdgH&usg=AFQjCNG_7v2nO_BMIKmXmLGjTkZfZwZ1zA&bvm=bv.1355534169,d.d2k&cad=rja" "Mozilla/5.0 (Windows NT 6.1; WOW64) AppleWebKit/537.11 (KHTML, like Gecko) Chrome/23.0.1271.64 Safari/537.11"
79.148.6.6 - - [24/Dec/2012:16:46:29 +0100] "GET /wp-content/themes/grey-opaque/style.css HTTP/1.0" 200 8569 "http://www.westworld.be/pdo-get-column-names/" "Mozilla/5.0 (Windows NT 6.1; WOW64) AppleWebKit/537.11 (KHTML, like Gecko) Chrome/23.0.1271.64 Safari/537.11"
79.148.6.6 - - [24/Dec/2012:16:46:29 +0100] "GET /wp-includes/js/comment-reply.js?ver=3.4.1 HTTP/1.0" 200 412 "http://www.westworld.be/pdo-get-column-names/" "Mozilla/5.0 (Windows NT 6.1; WOW64) AppleWebKit/537.11 (KHTML, like Gecko) Chrome/23.0.1271.64 Safari/537.11"
79.148.6.6 - - [24/Dec/2012:16:46:29 +0100] "GET /wp-includes/js/jquery/jquery.js?ver=1.7.2 HTTP/1.0" 200 33629 "http://www.westworld.be/pdo-get-column-names/" "Mozilla/5.0 (Windows NT 6.1; WOW64) AppleWebKit/537.11 (KHTML, like Gecko) Chrome/23.0.1271.64 Safari/537.11"
79.148.6.6 - - [24/Dec/2012:16:46:29 +0100] "GET /wp-content/themes/grey-opaque/javascript/jquery-smooth-scroll-to-anchor.js HTTP/1.0" 200 299 "http://www.westworld.be/pdo-get-column-names/" "Mozilla/5.0 (Windows NT 6.1; WOW64) AppleWebKit/537.11 (KHTML, like Gecko) Chrome/23.0.1271.64 Safari/537.11"
79.148.6.6 - - [24/Dec/2012:16:46:29 +0100] "GET /wp-content/themes/grey-opaque/javascript/jquery-textarea-autoresize.js HTTP/1.0" 200 1146 "http://www.westworld.be/pdo-get-column-names/" "Mozilla/5.0 (Windows NT 6.1; WOW64) AppleWebKit/537.11 (KHTML, like Gecko) Chrome/23.0.1271.64 Safari/537.11"
79.148.6.6 - - [24/Dec/2012:16:46:29 +0100] "GET /wp-content/plugins/auto-syntaxhighlighter/SyntaxHighlighter/build/scripts/core-min.js?ver=3.0.83 HTTP/1.0" 200 8398 "http://www.westworld.be/pdo-get-column-names/" "Mozilla/5.0 (Windows NT 6.1; WOW64) AppleWebKit/537.11 (KHTML, like Gecko) Chrome/23.0.1271.64 Safari/537.11"
79.148.6.6 - - [24/Dec/2012:16:46:29 +0100] "GET /wp-content/plugins/auto-syntaxhighlighter/SyntaxHighlighter/build/styles/shCore-min.css?ver=3.0.83 HTTP/1.0" 200 1078 "http://www.westworld.be/pdo-get-column-names/" "Mozilla/5.0 (Windows NT 6.1; WOW64) AppleWebKit/537.11 (KHTML, like Gecko) Chrome/23.0.1271.64 Safari/537.11"
79.148.6.6 - - [24/Dec/2012:16:46:29 +0100] "GET /wp-content/plugins/auto-syntaxhighlighter/SyntaxHighlighter/build/styles/shThemeDefault-min.css?ver=3.0.83 HTTP/1.0" 200 460 "http://www.westworld.be/pdo-get-column-names/" "Mozilla/5.0 (Windows NT 6.1; WOW64) AppleWebKit/537.11 (KHTML, like Gecko) Chrome/23.0.1271.64 Safari/537.11"
79.148.6.6 - - [24/Dec/2012:16:46:29 +0100] "GET /wp-content/themes/grey-opaque/plugins/lazy-load/js/jquery.sonar.min.js?ver=1.7.1 HTTP/1.0" 200 718 "http://www.westworld.be/pdo-get-column-names/" "Mozilla/5.0 (Windows NT 6.1; WOW64) AppleWebKit/537.11 (KHTML, like Gecko) Chrome/23.0.1271.64 Safari/537.11"
79.148.6.6 - - [24/Dec/2012:16:46:29 +0100] "GET /wp-content/themes/grey-opaque/plugins/lazy-load/js/lazy-load-min.js?ver=1.7.1 HTTP/1.0" 200 177 "http://www.westworld.be/pdo-get-column-names/" "Mozilla/5.0 (Windows NT 6.1; WOW64) AppleWebKit/537.11 (KHTML, like Gecko) Chrome/23.0.1271.64 Safari/537.11"
79.148.6.6 - - [24/Dec/2012:16:46:29 +0100] "GET /wp-content/themes/grey-opaque/images/backgrounds/background.jpg HTTP/1.0" 200 48400 "http://www.westworld.be/pdo-get-column-names/" "Mozilla/5.0 (Windows NT 6.1; WOW64) AppleWebKit/537.11 (KHTML, like Gecko) Chrome/23.0.1271.64 Safari/537.11"
79.148.6.6 - - [24/Dec/2012:16:46:29 +0100] "GET /wp-content/themes/grey-opaque/images/backgrounds/headerbg.png HTTP/1.0" 200 5033 "http://www.westworld.be/pdo-get-column-names/" "Mozilla/5.0 (Windows NT 6.1; WOW64) AppleWebKit/537.11 (KHTML, like Gecko) Chrome/23.0.1271.64 Safari/537.11"
79.148.6.6 - - [24/Dec/2012:16:46:29 +0100] "GET /wp-content/themes/grey-opaque/images/headers/clouds.jpg HTTP/1.0" 200 20959 "http://www.westworld.be/pdo-get-column-names/" "Mozilla/5.0 (Windows NT 6.1; WOW64) AppleWebKit/537.11 (KHTML, like Gecko) Chrome/23.0.1271.64 Safari/537.11"
79.148.6.6 - - [24/Dec/2012:16:46:29 +0100] "GET /wp-content/themes/grey-opaque/images/opaque/5.png HTTP/1.0" 200 182 "http://www.westworld.be/pdo-get-column-names/" "Mozilla/5.0 (Windows NT 6.1; WOW64) AppleWebKit/537.11 (KHTML, like Gecko) Chrome/23.0.1271.64 Safari/537.11"
79.148.6.6 - - [24/Dec/2012:16:46:29 +0100] "GET /wp-content/themes/grey-opaque/images/seperators/vertical.png HTTP/1.0" 200 116 "http://www.westworld.be/pdo-get-column-names/" "Mozilla/5.0 (Windows NT 6.1; WOW64) AppleWebKit/537.11 (KHTML, like Gecko) Chrome/23.0.1271.64 Safari/537.11"
79.148.6.6 - - [24/Dec/2012:16:46:29 +0100] "GET /wp-content/themes/grey-opaque/images/seperators/horizontal.png HTTP/1.0" 200 115 "http://www.westworld.be/pdo-get-column-names/" "Mozilla/5.0 (Windows NT 6.1; WOW64) AppleWebKit/537.11 (KHTML, like Gecko) Chrome/23.0.1271.64 Safari/537.11"
79.148.6.6 - - [24/Dec/2012:16:46:29 +0100] "GET /wp-content/plugins/auto-syntaxhighlighter/SyntaxHighlighter/build/scripts/shBrushSql-min.js HTTP/1.0" 200 1060 "http://www.westworld.be/pdo-get-column-names/" "Mozilla/5.0 (Windows NT 6.1; WOW64) AppleWebKit/537.11 (KHTML, like Gecko) Chrome/23.0.1271.64 Safari/537.11"
79.148.6.6 - - [24/Dec/2012:16:46:29 +0100] "GET /wp-content/themes/grey-opaque/images/icons/archive_off.png HTTP/1.0" 200 493 "http://www.westworld.be/pdo-get-column-names/" "Mozilla/5.0 (Windows NT 6.1; WOW64) AppleWebKit/537.11 (KHTML, like Gecko) Chrome/23.0.1271.64 Safari/537.11"
79.148.6.6 - - [24/Dec/2012:16:46:29 +0100] "GET /wp-content/themes/grey-opaque/images/icons/comment_off.png HTTP/1.0" 200 281 "http://www.westworld.be/pdo-get-column-names/" "Mozilla/5.0 (Windows NT 6.1; WOW64) AppleWebKit/537.11 (KHTML, like Gecko) Chrome/23.0.1271.64 Safari/537.11"
79.148.6.6 - - [24/Dec/2012:16:46:29 +0100] "GET /wp-content/themes/grey-opaque/images/icons/share_off.png HTTP/1.0" 200 363 "http://www.westworld.be/pdo-get-column-names/" "Mozilla/5.0 (Windows NT 6.1; WOW64) AppleWebKit/537.11 (KHTML, like Gecko) Chrome/23.0.1271.64 Safari/537.11"
79.148.6.6 - - [24/Dec/2012:16:46:30 +0100] "GET /wp-content/themes/grey-opaque/images/opaque/10.png HTTP/1.0" 200 166 "http://www.westworld.be/pdo-get-column-names/" "Mozilla/5.0 (Windows NT 6.1; WOW64) AppleWebKit/537.11 (KHTML, like Gecko) Chrome/23.0.1271.64 Safari/537.11"
79.148.6.6 - - [24/Dec/2012:16:46:30 +0100] "GET /wp-content/themes/grey-opaque/images/social/author-profiles-sprite.png HTTP/1.0" 200 22903 "http://www.westworld.be/pdo-get-column-names/" "Mozilla/5.0 (Windows NT 6.1; WOW64) AppleWebKit/537.11 (KHTML, like Gecko) Chrome/23.0.1271.64 Safari/537.11"
79.148.6.6 - - [24/Dec/2012:16:46:30 +0100] "GET /wp-content/themes/grey-opaque/images/icons/subscribe_off.png HTTP/1.0" 200 434 "http://www.westworld.be/pdo-get-column-names/" "Mozilla/5.0 (Windows NT 6.1; WOW64) AppleWebKit/537.11 (KHTML, like Gecko) Chrome/23.0.1271.64 Safari/537.11"
79.148.6.6 - - [24/Dec/2012:16:46:30 +0100] "GET /wp-content/themes/grey-opaque/images/icons/trackback_off.png HTTP/1.0" 200 335 "http://www.westworld.be/pdo-get-column-names/" "Mozilla/5.0 (Windows NT 6.1; WOW64) AppleWebKit/537.11 (KHTML, like Gecko) Chrome/23.0.1271.64 Safari/537.11"
79.148.6.6 - - [24/Dec/2012:16:46:30 +0100] "GET /wp-content/themes/grey-opaque/images/icons/permalink_off.png HTTP/1.0" 200 459 "http://www.westworld.be/pdo-get-column-names/" "Mozilla/5.0 (Windows NT 6.1; WOW64) AppleWebKit/537.11 (KHTML, like Gecko) Chrome/23.0.1271.64 Safari/537.11"
79.148.6.6 - - [24/Dec/2012:16:46:30 +0100] "GET /wp-content/themes/grey-opaque/images/icons/previous_off.png HTTP/1.0" 200 330 "http://www.westworld.be/pdo-get-column-names/" "Mozilla/5.0 (Windows NT 6.1; WOW64) AppleWebKit/537.11 (KHTML, like Gecko) Chrome/23.0.1271.64 Safari/537.11"
79.148.6.6 - - [24/Dec/2012:16:46:30 +0100] "GET /wp-content/themes/grey-opaque/images/icons/next_off.png HTTP/1.0" 200 333 "http://www.westworld.be/pdo-get-column-names/" "Mozilla/5.0 (Windows NT 6.1; WOW64) AppleWebKit/537.11 (KHTML, like Gecko) Chrome/23.0.1271.64 Safari/537.11"
79.148.6.6 - - [24/Dec/2012:16:46:30 +0100] "GET /wp-content/themes/grey-opaque/images/wordpress.png HTTP/1.0" 200 849 "http://www.westworld.be/pdo-get-column-names/" "Mozilla/5.0 (Windows NT 6.1; WOW64) AppleWebKit/537.11 (KHTML, like Gecko) Chrome/23.0.1271.64 Safari/537.11"
79.148.6.6 - - [24/Dec/2012:16:46:30 +0100] "GET /favicon.ico HTTP/1.0" 200 - "-" "Mozilla/5.0 (Windows NT 6.1; WOW64) AppleWebKit/537.11 (KHTML, like Gecko) Chrome/23.0.1271.64 Safari/537.11"
66.249.75.95 - - [24/Dec/2012:16:55:52 +0100] "GET /php-mysql-and-utf-8/trackback/ HTTP/1.0" 302 - "-" "Mozilla/5.0 (compatible; Googlebot/2.1; +http://www.google.com/bot.html)"
173.166.75.217 - - [24/Dec/2012:16:56:00 +0100] "POST /wp-login.php HTTP/1.0" 200 3571 "http://www.westworld.be/wp-login.php" "Mozilla/4.0 (compatible; MSIE 6.0; Windows NT 5.1; SV1)"
66.249.75.95 - - [24/Dec/2012:16:56:23 +0100] "GET /php-mysql-and-utf-8/ HTTP/1.0" 200 4873 "-" "Mozilla/5.0 (compatible; Googlebot/2.1; +http://www.google.com/bot.html)"
173.255.243.68 - - [24/Dec/2012:16:58:58 +0100] "POST /wp-login.php HTTP/1.0" 200 3571 "http://www.westworld.be/wp-login.php" "Mozilla/4.0 (compatible; MSIE 6.0; Windows NT 5.1; SV1)"
70.32.114.50 - - [24/Dec/2012:16:59:16 +0100] "POST /wp-login.php HTTP/1.0" 200 3571 "http://www.westworld.be/wp-login.php" "Mozilla/4.0 (compatible; MSIE 6.0; Windows NT 5.1; SV1)"
188.95.251.2 - - [24/Dec/2012:16:59:43 +0100] "POST /wp-login.php HTTP/1.0" 200 3571 "http://www.westworld.be/wp-login.php" "Mozilla/4.0 (compatible; MSIE 6.0; Windows NT 5.1; SV1)"
188.95.251.2 - - [24/Dec/2012:17:00:23 +0100] "POST /wp-login.php HTTP/1.0" 200 3571 "http://www.westworld.be/wp-login.php" "Mozilla/4.0 (compatible; MSIE 6.0; Windows NT 5.1; SV1)"
89.70.117.111 - - [24/Dec/2012:17:00:41 +0100] "GET /perfect-world-genie/ HTTP/1.0" 200 7972 "http://www.westworld.be/" "Mozilla/5.0 (Windows NT 6.1; rv:2.0b7pre) Gecko/20100921 Firefox/4.0b7pre"
79.140.106.152 - - [24/Dec/2012:17:01:24 +0100] "GET /javascript-links/ HTTP/1.0" 200 19046 "http://www.westworld.be/javascript-links/" "Mozilla/5.0 (Windows NT 6.1; rv:10.0.2) Gecko/20100101 Firefox/10.0.2"
79.140.106.152 - - [24/Dec/2012:17:01:25 +0100] "POST /wp-comments-post.php HTTP/1.0" 302 - "http://www.westworld.be/javascript-links/" "Mozilla/5.0 (Windows NT 6.1; rv:10.0.2) Gecko/20100101 Firefox/10.0.2"
79.140.106.152 - - [24/Dec/2012:17:01:27 +0100] "GET /javascript-links/comment-page-1/ HTTP/1.0" 200 19177 "http://www.westworld.be/javascript-links/comment-page-1/#comment-16181" "Mozilla/5.0 (Windows NT 6.1; rv:10.0.2) Gecko/20100101 Firefox/10.0.2"
66.249.75.95 - - [24/Dec/2012:17:06:39 +0100] "GET /sitemap.xml HTTP/1.0" 200 2145 "-" "Mozilla/5.0 (compatible; Googlebot/2.1; +http://www.google.com/bot.html)"
88.151.243.107 - - [24/Dec/2012:17:26:13 +0100] "POST /wp-cron.php?doing_wp_cron=1356366373.2212619781494140625000 HTTP/1.0" 200 17 "-" "WordPress/3.4.2; http://www.westworld.be"
72.14.199.92 - - [24/Dec/2012:17:26:12 +0100] "GET /feed/ HTTP/1.0" 200 10605 "-" "Feedfetcher-Google; (+http://www.google.com/feedfetcher.html; 1 subscribers; feed-id=10689829183176357171)"
88.190.13.201 - - [24/Dec/2012:17:27:44 +0100] "GET /robots.txt HTTP/1.0" 200 108 "-" "Mozilla/5.0 (compatible; MJ12bot/v1.4.3; http://www.majestic12.co.uk/bot.php?+)"
88.190.13.201 - - [24/Dec/2012:17:27:48 +0100] "GET / HTTP/1.0" 301 - "-" "Mozilla/5.0 (compatible; MJ12bot/v1.4.3; http://www.majestic12.co.uk/bot.php?+)"
88.190.13.201 - - [24/Dec/2012:17:27:50 +0100] "GET /robots.txt HTTP/1.0" 200 108 "-" "Mozilla/5.0 (compatible; MJ12bot/v1.4.3; http://www.majestic12.co.uk/bot.php?+)"
88.190.13.201 - - [24/Dec/2012:17:27:52 +0100] "GET / HTTP/1.0" 200 49926 "-" "Mozilla/5.0 (compatible; MJ12bot/v1.4.3; http://www.majestic12.co.uk/bot.php?+)"
88.190.13.201 - - [24/Dec/2012:17:27:55 +0100] "GET / HTTP/1.0" 200 10981 "-" "Mozilla/5.0 (compatible; MJ12bot/v1.4.3; http://www.majestic12.co.uk/bot.php?+)"
88.190.16.36 - - [24/Dec/2012:17:33:15 +0100] "GET / HTTP/1.0" 200 10981 "http://www.westworld.be/" "Mozilla/5.0 (Windows NT 6.1; WOW64) AppleWebKit/535.1 (KHTML, like Gecko) Chrome/13.0.782.112 Safari/535.1"
66.249.75.95 - - [24/Dec/2012:17:35:30 +0100] "GET /2008/10/ HTTP/1.0" 200 5028 "-" "Mozilla/5.0 (iPhone; U; CPU iPhone OS 4_1 like Mac OS X; en-us) AppleWebKit/532.9 (KHTML, like Gecko) Version/4.0.5 Mobile/8B117 Safari/6531.22.7 (compatible; Googlebot-Mobile/2.1; +http://www.google.com/bot.html)"
184.106.168.183 - - [24/Dec/2012:17:39:12 +0100] "POST /wp-login.php HTTP/1.0" 200 3571 "http://www.westworld.be/wp-login.php" "Mozilla/4.0 (compatible; MSIE 6.0; Windows NT 5.1; SV1)"
78.111.80.205 - - [24/Dec/2012:17:39:27 +0100] "POST /wp-login.php HTTP/1.0" 200 3571 "http://www.westworld.be/wp-login.php" "Mozilla/4.0 (compatible; MSIE 6.0; Windows NT 5.1; SV1)"
89.223.49.163 - - [24/Dec/2012:17:39:28 +0100] "POST /wp-login.php HTTP/1.0" 200 3571 "http://www.westworld.be/wp-login.php" "Mozilla/4.0 (compatible; MSIE 6.0; Windows NT 5.1; SV1)"
88.190.16.36 - - [24/Dec/2012:17:39:36 +0100] "GET / HTTP/1.0" 200 10981 "http://www.westworld.be/" "Mozilla/4.0 (compatible; MSIE 6.0; MSIE 5.5; Windows NT 5.0) Opera 7.02 Bork-edition [en]"
88.190.16.36 - - [24/Dec/2012:17:39:38 +0100] "POST /xmlrpc.php HTTP/1.0" 200 483 "http://www.westworld.be/" "PHP/5.2.10"
88.190.16.36 - - [24/Dec/2012:17:39:44 +0100] "GET / HTTP/1.0" 200 10981 "http://pikavippii.net" "PHP/5.2.10"
88.190.16.36 - - [24/Dec/2012:17:39:47 +0100] "POST /adding-a-rule-to-csslint/trackback/ HTTP/1.0" 200 373 "http://pikavippii.net" "PHP/5.2.10"
78.111.80.205 - - [24/Dec/2012:17:40:43 +0100] "POST /wp-login.php HTTP/1.0" 200 3571 "http://www.westworld.be/wp-login.php" "Mozilla/4.0 (compatible; MSIE 6.0; Windows NT 5.1; SV1)"
106.8.112.99 - - [24/Dec/2012:17:41:32 +0100] "GET /php-gtk-liststore-error-undefined-class-constant/ HTTP/1.0" 200 16181 "-" "Mozilla/4.0 (compatible; MSIE 6.0; Windows NT 5.1; SV1; TencentTraveler ; Mozilla/4.0 (compatible; MSIE 6.0; Windows NT 5.1; SV1) ; .NET CLR 2.0.50727)"
106.8.112.99 - - [24/Dec/2012:17:41:46 +0100] "POST /wp-comments-post.php HTTP/1.0" 302 - "http://www.westworld.be/php-gtk-liststore-error-undefined-class-constant/" "Mozilla/4.0 (compatible; MSIE 6.0; Windows NT 5.1; SV1; Mozilla/4.0 (compatible; MSIE 6.0; Windows NT 5.1; SV1) )"
106.8.112.99 - - [24/Dec/2012:17:41:50 +0100] "GET /php-gtk-liststore-error-undefined-class-constant/ HTTP/1.0" 200 16181 "-" "Mozilla/4.0 (compatible; MSIE 6.0; Windows NT 5.1; SV1; TencentTraveler ; Mozilla/4.0 (compatible; MSIE 6.0; Windows NT 5.1; SV1) ; .NET CLR 2.0.50727)"
5.9.81.50 - - [24/Dec/2012:17:42:52 +0100] "POST /wp-login.php HTTP/1.0" 200 3571 "http://www.westworld.be/wp-login.php" "Mozilla/4.0 (compatible; MSIE 6.0; Windows NT 5.1; SV1)"
200.42.56.146 - - [24/Dec/2012:17:44:40 +0100] "GET / HTTP/1.0" 200 49926 "-" "Mozilla/4.0 (compatible; ICS)"
210.101.131.231 - - [24/Dec/2012:17:44:40 +0100] "GET /2012/11/ HTTP/1.0" 200 14140 "-" "Mozilla/4.0 (compatible; ICS)"
203.217.171.76 - - [24/Dec/2012:17:44:41 +0100] "GET / HTTP/1.0" 200 49926 "-" "Mozilla/4.0 (compatible; ICS)"
173.199.119.27 - - [24/Dec/2012:17:50:01 +0100] "GET /siteResearch/API/deprecated.html HTTP/1.0" 200 1391 "-" "Mozilla/5.0 (compatible; AhrefsBot/4.0; +http://ahrefs.com/robot/)"
180.76.5.58 - - [24/Dec/2012:17:56:27 +0100] "GET /tag/skype/ HTTP/1.0" 304 - "-" "Mozilla/5.0 (compatible; Baiduspider/2.0; +http://www.baidu.com/search/spider.html)"
178.32.156.196 - - [24/Dec/2012:17:58:53 +0100] "GET / HTTP/1.0" 200 10981 "http://www.westworld.be/" "Mozilla/5.0 (Windows NT 6.0) AppleWebKit/535.1 (KHTML, like Gecko) Chrome/13.0.782.112 Safari/535.1"
173.199.119.27 - - [24/Dec/2012:17:59:44 +0100] "GET /presentations-on-css-files-in-large-sites/ HTTP/1.0" 200 4050 "-" "Mozilla/5.0 (compatible; AhrefsBot/4.0; +http://ahrefs.com/robot/)"
222.187.222.104 - - [24/Dec/2012:18:02:01 +0100] "GET /format/ HTTP/1.0" 200 22499 "http://www.westworld.be/format/" "Mozilla/5.0 (Windows NT 5.1) AppleWebKit/535.7 (KHTML, like Gecko) Chrome/16.0.912.75 Safari/535.7"
222.187.222.104 - - [24/Dec/2012:18:02:03 +0100] "POST /wp-comments-post.php HTTP/1.0" 302 - "http://www.westworld.be/format/" "Mozilla/5.0 (Windows NT 5.1) AppleWebKit/535.7 (KHTML, like Gecko) Chrome/16.0.912.75 Safari/535.7"
222.187.222.104 - - [24/Dec/2012:18:02:05 +0100] "GET /format/ HTTP/1.0" 200 22499 "http://www.westworld.be/format/" "Mozilla/5.0 (Windows NT 5.1) AppleWebKit/535.7 (KHTML, like Gecko) Chrome/16.0.912.75 Safari/535.7"
178.32.156.196 - - [24/Dec/2012:18:09:53 +0100] "GET / HTTP/1.0" 200 10981 "http://www.westworld.be/" "Mozilla/4.0 (compatible; MSIE 7.0; Windows NT 5.1; SV1; .NET CLR 2.0.50727)"
178.32.156.196 - - [24/Dec/2012:18:10:51 +0100] "GET / HTTP/1.0" 200 10981 "http://www.westworld.be/" "Mozilla/5.0 (Windows NT 6.1; rv:2.0b7pre) Gecko/20100921 Firefox/4.0b7pre"
106.8.112.99 - - [24/Dec/2012:18:11:35 +0100] "GET /php-gtk-liststore-error-undefined-class-constant/ HTTP/1.0" 200 16181 "-" "Mozilla/4.0 (compatible; MSIE 6.0; Windows NT 5.1; SV1; TencentTraveler ; Mozilla/4.0 (compatible; MSIE 6.0; Windows NT 5.1; SV1) ; .NET CLR 2.0.50727)"
88.151.243.107 - - [24/Dec/2012:18:11:47 +0100] "POST /wp-cron.php?doing_wp_cron=1356369107.7494239807128906250000 HTTP/1.0" 200 17 "-" "WordPress/3.4.2; http://www.westworld.be"
106.8.112.99 - - [24/Dec/2012:18:11:47 +0100] "POST /wp-comments-post.php HTTP/1.0" 302 - "http://www.westworld.be/php-gtk-liststore-error-undefined-class-constant/" "Mozilla/4.0 (compatible; MSIE 6.0; Windows NT 5.1; SV1; Mozilla/4.0 (compatible; MSIE 6.0; Windows NT 5.1; SV1) )"
106.8.112.99 - - [24/Dec/2012:18:11:50 +0100] "GET /php-gtk-liststore-error-undefined-class-constant/ HTTP/1.0" 200 16181 "-" "Mozilla/4.0 (compatible; MSIE 6.0; Windows NT 5.1; SV1; TencentTraveler ; Mozilla/4.0 (compatible; MSIE 6.0; Windows NT 5.1; SV1) ; .NET CLR 2.0.50727)"
173.199.119.27 - - [24/Dec/2012:18:12:29 +0100] "GET /juxtapoz-giveaways/feed/ HTTP/1.0" 200 963 "-" "Mozilla/5.0 (compatible; AhrefsBot/4.0; +http://ahrefs.com/robot/)"
88.190.16.36 - - [24/Dec/2012:18:17:09 +0100] "GET / HTTP/1.0" 200 10981 "http://www.westworld.be/" "Mozilla/4.0 (compatible; MSIE 7.0; Windows NT 5.1; Trident/4.0; .NET CLR 1.1.4322)"
66.249.75.95 - - [24/Dec/2012:18:19:47 +0100] "GET /phpmyadmin-table-specific-privileges/ HTTP/1.0" 304 - "-" "Mozilla/5.0 (compatible; Googlebot/2.1; +http://www.google.com/bot.html)"
82.194.82.102 - - [24/Dec/2012:18:22:04 +0100] "POST /wp-login.php HTTP/1.0" 200 3571 "http://www.westworld.be/wp-login.php" "Mozilla/4.0 (compatible; MSIE 6.0; Windows NT 5.1; SV1)"
46.45.161.250 - - [24/Dec/2012:18:22:11 +0100] "POST /wp-login.php HTTP/1.0" 200 3571 "http://www.westworld.be/wp-login.php" "Mozilla/4.0 (compatible; MSIE 6.0; Windows NT 5.1; SV1)"
188.190.98.26 - - [24/Dec/2012:18:22:17 +0100] "POST /wp-login.php HTTP/1.0" 200 3571 "http://www.westworld.be/wp-login.php" "Mozilla/4.0 (compatible; MSIE 6.0; Windows NT 5.1; SV1)"
60.36.84.94 - - [24/Dec/2012:18:22:58 +0100] "GET /category/a-note-to-self/feed/ HTTP/1.0" 200 11788 "-" "TosCrawler/Nutch-1.4 (http://www.toshiba.co.jp/rdc/about/crawl_info_en.htm; 'Rdc-crawler at ml dot toshiba dot co dot jp')"
50.57.174.146 - - [24/Dec/2012:18:23:10 +0100] "POST /wp-login.php HTTP/1.0" 200 3571 "http://www.westworld.be/wp-login.php" "Mozilla/4.0 (compatible; MSIE 6.0; Windows NT 5.1; SV1)"
208.115.113.82 - - [24/Dec/2012:18:24:32 +0100] "GET /robots.txt HTTP/1.0" 200 108 "-" "Mozilla/5.0 (compatible; Ezooms/1.0; ezooms.bot@gmail.com)"
193.33.186.241 - - [24/Dec/2012:18:25:07 +0100] "POST /wp-login.php HTTP/1.0" 200 3571 "http://www.westworld.be/wp-login.php" "Mozilla/4.0 (compatible; MSIE 6.0; Windows NT 5.1; SV1)"
157.55.32.99 - - [24/Dec/2012:18:31:01 +0100] "GET /robots.txt HTTP/1.0" 200 108 "-" "Mozilla/5.0 (compatible; bingbot/2.0; +http://www.bing.com/bingbot.htm)"
157.55.33.248 - - [24/Dec/2012:18:31:01 +0100] "GET /robots.txt HTTP/1.0" 200 108 "-" "Mozilla/5.0 (compatible; bingbot/2.0; +http://www.bing.com/bingbot.htm)"
199.15.234.246 - - [24/Dec/2012:18:32:41 +0100] "GET / HTTP/1.0" 200 10981 "http://www.westworld.be/" "Mozilla/5.0 (Windows NT 6.1; rv:2.0b7pre) Gecko/20100921 Firefox/4.0b7pre"
157.55.33.248 - - [24/Dec/2012:18:32:47 +0100] "GET /2008/10/ HTTP/1.0" 200 5028 "-" "Mozilla/5.0 (compatible; bingbot/2.0; +http://www.bing.com/bingbot.htm)"
157.55.32.99 - - [24/Dec/2012:18:32:47 +0100] "GET / HTTP/1.0" 200 10981 "-" "Mozilla/5.0 (compatible; bingbot/2.0; +http://www.bing.com/bingbot.htm)"
157.55.32.154 - - [24/Dec/2012:18:32:47 +0100] "GET /convolution-kernels/ HTTP/1.0" 200 4592 "-" "Mozilla/5.0 (compatible; bingbot/2.0; +http://www.bing.com/bingbot.htm)"
157.55.36.35 - - [24/Dec/2012:18:32:47 +0100] "GET /2007/01/ HTTP/1.0" 200 3551 "-" "Mozilla/5.0 (compatible; bingbot/2.0; +http://www.bing.com/bingbot.htm)"
157.56.229.23 - - [24/Dec/2012:18:32:47 +0100] "GET /2007/01/11/ HTTP/1.0" 200 3345 "-" "Mozilla/5.0 (compatible; bingbot/2.0; +http://www.bing.com/bingbot.htm)"
142.54.171.58 - - [24/Dec/2012:18:33:06 +0100] "POST /perfect-world-genie/trackback/ HTTP/1.0" 302 - "http://www.localwaterdamagepros.com/california/water-damage-restoration-in-riverside-ca/" "PHP/5.2.10"
142.54.171.58 - - [24/Dec/2012:18:33:11 +0100] "GET /wp-admin/ HTTP/1.0" 302 - "http://www.localwaterdamagepros.com/california/water-damage-restoration-in-riverside-ca/" "PHP/5.2.10"
142.54.171.58 - - [24/Dec/2012:18:33:18 +0100] "GET /wp-login.php?redirect_to=http%3A%2F%2Fwww.westworld.be%2Fwp-admin%2F&reauth=1 HTTP/1.0" 200 2455 "http://www.localwaterdamagepros.com/california/water-damage-restoration-in-riverside-ca/" "PHP/5.2.10"
142.54.171.58 - - [24/Dec/2012:18:34:16 +0100] "POST /perfect-world-genie/trackback/ HTTP/1.0" 302 - "http://www.localwaterdamagepros.com/missouri/water-damage-restoration-in-kansas-city-mo/" "PHP/5.2.10"
142.54.171.58 - - [24/Dec/2012:18:34:17 +0100] "GET /wp-admin/ HTTP/1.0" 302 - "http://www.localwaterdamagepros.com/missouri/water-damage-restoration-in-kansas-city-mo/" "PHP/5.2.10"
142.54.171.58 - - [24/Dec/2012:18:34:18 +0100] "GET /wp-login.php?redirect_to=http%3A%2F%2Fwww.westworld.be%2Fwp-admin%2F&reauth=1 HTTP/1.0" 200 2455 "http://www.localwaterdamagepros.com/missouri/water-damage-restoration-in-kansas-city-mo/" "PHP/5.2.10"
117.21.225.42 - - [24/Dec/2012:18:36:15 +0100] "GET /canvas-data/ HTTP/1.0" 200 20835 "http://www.westworld.be/canvas-data/" "Opera/9.80 (Windows NT 6.1; WOW64; U; Edition Yx; ru) Presto/2.10.229 Version/11.64"
117.21.225.42 - - [24/Dec/2012:18:36:16 +0100] "POST /wp-comments-post.php HTTP/1.0" 302 - "http://www.westworld.be/canvas-data/" "Opera/9.80 (Windows NT 6.1; WOW64; U; Edition Yx; ru) Presto/2.10.229 Version/11.64"
117.21.225.42 - - [24/Dec/2012:18:36:19 +0100] "GET /canvas-data/ HTTP/1.0" 200 20835 "http://www.westworld.be/canvas-data/" "Opera/9.80 (Windows NT 6.1; WOW64; U; Edition Yx; ru) Presto/2.10.229 Version/11.64"
88.190.16.36 - - [24/Dec/2012:18:41:57 +0100] "GET / HTTP/1.0" 200 10981 "http://www.westworld.be/" "Opera/9.80 (Windows NT 5.1; U; en) Presto/2.10.289 Version/12.01"
88.190.16.36 - - [24/Dec/2012:18:47:31 +0100] "GET / HTTP/1.0" 200 10981 "http://www.westworld.be/" "Opera/9.80 (Windows NT 5.1; U; en) Presto/2.10.289 Version/12.01"
208.115.111.66 - - [24/Dec/2012:18:52:38 +0100] "GET /canvas-flip-image/comment-page-1/ HTTP/1.0" 200 20940 "-" "Mozilla/5.0 (compatible; Ezooms/1.0; ezooms.bot@gmail.com)"
208.115.111.66 - - [24/Dec/2012:18:52:53 +0100] "GET /pdo-get-column-names/feed/ HTTP/1.0" 200 967 "-" "Mozilla/5.0 (compatible; Ezooms/1.0; ezooms.bot@gmail.com)"
208.115.111.66 - - [24/Dec/2012:18:53:05 +0100] "GET /tag/seo/ HTTP/1.0" 200 9976 "-" "Mozilla/5.0 (compatible; Ezooms/1.0; ezooms.bot@gmail.com)"
66.249.75.95 - - [24/Dec/2012:18:54:39 +0100] "GET /convolution-kernels/ HTTP/1.0" 304 - "-" "Mozilla/5.0 (compatible; Googlebot/2.1; +http://www.google.com/bot.html)"
88.190.16.36 - - [24/Dec/2012:18:56:09 +0100] "GET / HTTP/1.0" 200 10981 "http://www.westworld.be/" "Mozilla/5.0 (Windows NT 6.0) AppleWebKit/535.1 (KHTML, like Gecko) Chrome/13.0.782.112 Safari/535.1"
157.55.32.152 - - [24/Dec/2012:18:57:47 +0100] "GET /wp-login.php HTTP/1.0" 200 2452 "-" "Mozilla/5.0 (compatible; bingbot/2.0; +http://www.bing.com/bingbot.htm)"
117.21.227.47 - - [24/Dec/2012:18:59:24 +0100] "GET /canvas-data/ HTTP/1.0" 200 20835 "http://www.westworld.be/canvas-data/" "Opera/9.80 (Windows NT 5.1; U; ru) Presto/2.10.229 Version/11.61"
117.21.227.47 - - [24/Dec/2012:18:59:24 +0100] "POST /wp-comments-post.php HTTP/1.0" 302 - "http://www.westworld.be/canvas-data/" "Opera/9.80 (Windows NT 5.1; U; ru) Presto/2.10.229 Version/11.61"
117.21.227.47 - - [24/Dec/2012:18:59:26 +0100] "GET /canvas-data/ HTTP/1.0" 200 20835 "http://www.westworld.be/canvas-data/" "Opera/9.80 (Windows NT 5.1; U; ru) Presto/2.10.229 Version/11.61"
46.252.193.47 - - [24/Dec/2012:19:00:09 +0100] "POST /wp-login.php HTTP/1.0" 200 3571 "http://www.westworld.be/wp-login.php" "Mozilla/4.0 (compatible; MSIE 6.0; Windows NT 5.1; SV1)"
112.213.84.166 - - [24/Dec/2012:19:00:11 +0100] "POST /wp-login.php HTTP/1.0" 200 3571 "http://www.westworld.be/wp-login.php" "Mozilla/4.0 (compatible; MSIE 6.0; Windows NT 5.1; SV1)"
88.151.243.107 - - [24/Dec/2012:19:11:51 +0100] "POST /wp-cron.php?doing_wp_cron=1356372711.6887209415435791015625 HTTP/1.0" 200 17 "-" "WordPress/3.4.2; http://www.westworld.be"
65.55.215.62 - - [24/Dec/2012:19:11:51 +0100] "GET /robots.txt HTTP/1.0" 200 108 "-" "msnbot-media/1.1 (+http://search.msn.com/msnbot.htm)"
65.55.215.62 - - [24/Dec/2012:19:11:52 +0100] "GET /wp-content/themes/grey-opaque/images/smilies/icon_wink.gif HTTP/1.0" 200 61 "-" "msnbot-media/1.1 (+http://search.msn.com/msnbot.htm)"
82.193.109.52 - - [24/Dec/2012:19:24:46 +0100] "GET /siteResearch/API/classes/Link.html HTTP/1.0" 200 16488 "http://www.westworld.be/siteResearch/API/classes/Link.html" "Mozilla/5.0 (Windows NT 6.1) AppleWebKit/535.2 (KHTML, like Gecko) Chrome/18.6.861.0 Safari/535.2"
82.193.109.52 - - [24/Dec/2012:19:24:46 +0100] "GET / HTTP/1.0" 200 49926 "http://www.westworld.be/" "Mozilla/5.0 (Windows NT 6.1) AppleWebKit/535.2 (KHTML, like Gecko) Chrome/18.6.861.0 Safari/535.2"
37.59.11.122 - - [24/Dec/2012:19:29:12 +0100] "GET /format/%20%5BPLM=0%5D%20GET%20http://www.westworld.be/format/%20%5B0,15508,22913%5D%20-%3E%20%5BN%5D%20POST%20http://www.westworld.be/wp-comments-post.php%20%5BR=302%5D%5B0,0,510%5D%20-%3E%20%5BN%5D%20GET%20http://www.westworld.be/format/%20%5B0,0,22913%5D%20-%3E%20%5BN%5D%20GET%20http://www.westworld.be/format/%20%5B0,0,22913%5D HTTP/1.0" 301 - "-" "Mozilla/4.0 (compatible; MSIE 6.0; Windows NT 5.1; SV1; TencentTraveler ; Mozilla/4.0 (compatible; MSIE 6.0; Windows NT 5.1; SV1) ; .NET CLR 2.0.50727 ; .NET CLR 4.0.30319)"
37.59.11.122 - - [24/Dec/2012:19:29:12 +0100] "GET /format/%20%5BPLM=0%5D%20GET%20http:/www.westworld.be/format/%20%5B0,15508,22913%5D%20-%3E%20%5BN%5D%20POST%20http:/www.westworld.be/wp-comments-post.php%20%5BR=302%5D%5B0,0,510%5D%20-%3E%20%5BN%5D%20GET%20http:/www.westworld.be/format/%20%5B0,0,22913%5D%20-%3E%20%5BN%5D%20GET%20http:/www.westworld.be/format/%20%5B0,0,22913%5D HTTP/1.0" 404 8900 "-" "Mozilla/4.0 (compatible; MSIE 6.0; Windows NT 5.1; SV1; TencentTraveler ; Mozilla/4.0 (compatible; MSIE 6.0; Windows NT 5.1; SV1) ; .NET CLR 2.0.50727 ; .NET CLR 4.0.30319)"
157.55.33.248 - - [24/Dec/2012:19:40:03 +0100] "GET /robots.txt HTTP/1.0" 200 108 "-" "Mozilla/5.0 (compatible; bingbot/2.0; +http://www.bing.com/bingbot.htm)"
157.55.33.248 - - [24/Dec/2012:19:42:17 +0100] "GET /__autoload-function/feed/ HTTP/1.0" 200 964 "-" "Mozilla/5.0 (compatible; bingbot/2.0; +http://www.bing.com/bingbot.htm)"
208.115.113.82 - - [24/Dec/2012:19:50:59 +0100] "GET /2012/07/07/ HTTP/1.0" 200 9903 "-" "Mozilla/5.0 (compatible; Ezooms/1.0; ezooms.bot@gmail.com)"
208.115.113.82 - - [24/Dec/2012:19:50:59 +0100] "GET /more-info-on-dbhd-disease/trackback/ HTTP/1.0" 302 - "-" "Mozilla/5.0 (compatible; Ezooms/1.0; ezooms.bot@gmail.com)"
208.115.113.82 - - [24/Dec/2012:19:51:00 +0100] "GET /siteResearch/API/ HTTP/1.0" 200 5367 "-" "Mozilla/5.0 (compatible; Ezooms/1.0; ezooms.bot@gmail.com)"
208.115.113.82 - - [24/Dec/2012:19:51:00 +0100] "GET /studiemiddag-150-jaar-publiekstijdschriften-magazine/ HTTP/1.0" 200 16355 "-" "Mozilla/5.0 (compatible; Ezooms/1.0; ezooms.bot@gmail.com)"
88.190.16.36 - - [24/Dec/2012:19:58:14 +0100] "GET / HTTP/1.0" 200 10981 "http://www.westworld.be/" "Mozilla/4.0 (compatible; MSIE 6.0; Windows NT 5.1; SV1; FunWebProducts; .NET CLR 1.1.4322; PeoplePal 6.2)"
117.21.225.6 - - [24/Dec/2012:20:19:49 +0100] "GET /format/ HTTP/1.0" 200 22499 "http://www.westworld.be/format/" "Opera/9.80 (Windows NT 6.1; U; MRA 5.10 (build 5339); ru) Presto/2.10.229 Version/11.64"
88.151.243.107 - - [24/Dec/2012:20:19:50 +0100] "POST /wp-cron.php?doing_wp_cron=1356376790.3036930561065673828125 HTTP/1.0" 200 17 "-" "WordPress/3.4.2; http://www.westworld.be"
117.21.225.6 - - [24/Dec/2012:20:19:49 +0100] "POST /wp-comments-post.php HTTP/1.0" 302 - "http://www.westworld.be/format/" "Opera/9.80 (Windows NT 6.1; U; MRA 5.10 (build 5339); ru) Presto/2.10.229 Version/11.64"
117.21.225.6 - - [24/Dec/2012:20:19:52 +0100] "GET /format/ HTTP/1.0" 200 22499 "http://www.westworld.be/format/" "Opera/9.80 (Windows NT 6.1; U; MRA 5.10 (build 5339); ru) Presto/2.10.229 Version/11.64"
131.253.27.77 - - [24/Dec/2012:20:20:04 +0100] "GET /perfect-world-genie/ HTTP/1.0" 200 7972 "-" "Mozilla/4.0 (compatible; MSIE 7.0; Windows NT 5.2;  SV1;  .NET CLR 1.1.4322;  .NET CLR 2.0.50727;  .NET CLR 3.0.30729;  .NET CLR 3.5.30707;  MS-RTC LM 8)"
131.253.27.77 - - [24/Dec/2012:20:20:11 +0100] "GET /wp-includes/js/jquery/jquery.js?ver=1.7.2 HTTP/1.0" 200 33629 "http://www.westworld.be/perfect-world-genie/" "Mozilla/4.0 (compatible; MSIE 7.0; Windows NT 5.2;  SV1;  .NET CLR 1.1.4322;  .NET CLR 2.0.50727;  .NET CLR 3.0.30729;  .NET CLR 3.5.30707;  MS-RTC LM 8)"
131.253.27.77 - - [24/Dec/2012:20:20:12 +0100] "GET /wp-content/themes/grey-opaque/style.css HTTP/1.0" 200 8569 "http://www.westworld.be/perfect-world-genie/" "Mozilla/4.0 (compatible; MSIE 7.0; Windows NT 5.2;  SV1;  .NET CLR 1.1.4322;  .NET CLR 2.0.50727;  .NET CLR 3.0.30729;  .NET CLR 3.5.30707;  MS-RTC LM 8)"
131.253.27.77 - - [24/Dec/2012:20:20:20 +0100] "GET /wp-includes/js/comment-reply.js?ver=3.4.1 HTTP/1.0" 200 412 "http://www.westworld.be/perfect-world-genie/" "Mozilla/4.0 (compatible; MSIE 7.0; Windows NT 5.2;  SV1;  .NET CLR 1.1.4322;  .NET CLR 2.0.50727;  .NET CLR 3.0.30729;  .NET CLR 3.5.30707;  MS-RTC LM 8)"
131.253.27.77 - - [24/Dec/2012:20:20:27 +0100] "GET /wp-content/themes/grey-opaque/javascript/jquery-smooth-scroll-to-anchor.js HTTP/1.0" 200 299 "http://www.westworld.be/perfect-world-genie/" "Mozilla/4.0 (compatible; MSIE 7.0; Windows NT 5.2;  SV1;  .NET CLR 1.1.4322;  .NET CLR 2.0.50727;  .NET CLR 3.0.30729;  .NET CLR 3.5.30707;  MS-RTC LM 8)"
77.88.24.27 - - [24/Dec/2012:20:22:43 +0100] "GET /about/ HTTP/1.0" 200 4092 "-" "Mozilla/5.0 (compatible; YandexBot/3.0; +http://yandex.com/bots)"
208.115.111.66 - - [24/Dec/2012:20:28:26 +0100] "GET /robots.txt HTTP/1.0" 200 108 "-" "Mozilla/5.0 (compatible; Ezooms/1.0; ezooms.bot@gmail.com)"
72.14.199.92 - - [24/Dec/2012:20:28:42 +0100] "GET /feed/ HTTP/1.0" 200 10605 "-" "Feedfetcher-Google; (+http://www.google.com/feedfetcher.html; 1 subscribers; feed-id=10689829183176357171)"
88.151.243.107 - - [24/Dec/2012:20:28:43 +0100] "POST /wp-cron.php?doing_wp_cron=1356377323.0883939266204833984375 HTTP/1.0" 200 - "-" "WordPress/3.4.2; http://www.westworld.be"
173.234.196.9 - - [24/Dec/2012:20:29:01 +0100] "GET / HTTP/1.0" 200 10982 "http://www.westworld.be/" "Mozilla/5.0 (Windows NT 5.1; rv:5.0.1) Gecko/20100101 Firefox/5.0.1"
173.199.119.27 - - [24/Dec/2012:20:30:14 +0100] "GET / HTTP/1.0" 200 10982 "-" "Mozilla/5.0 (compatible; AhrefsBot/4.0; +http://ahrefs.com/robot/)"
201.41.181.86 - - [24/Dec/2012:20:36:23 +0100] "GET /adding-a-rule-to-csslint/ HTTP/1.0" 200 23089 "-" "Mozilla/5.0 (compatible; Googlebot/2.1; +http://www.google.com/bot.html)"
88.151.243.107 - - [24/Dec/2012:20:36:25 +0100] "POST /wp-cron.php?doing_wp_cron=1356377785.5726270675659179687500 HTTP/1.0" 200 - "-" "WordPress/3.4.2; http://www.westworld.be"
201.41.181.86 - - [24/Dec/2012:20:36:25 +0100] "POST /wp-comments-post.php HTTP/1.0" 200 - "-" "Mozilla/5.0 (compatible; Googlebot/2.1; +http://www.google.com/bot.html)"
201.41.181.86 - - [24/Dec/2012:20:36:27 +0100] "GET /adding-a-rule-to-csslint/ HTTP/1.0" 200 23089 "-" "Mozilla/5.0 (compatible; Googlebot/2.1; +http://www.google.com/bot.html)"
88.190.16.36 - - [24/Dec/2012:20:39:20 +0100] "GET / HTTP/1.0" 200 10982 "http://www.westworld.be/" "Mozilla/5.0 (Windows NT 6.1; rv:2.0b7pre) Gecko/20100921 Firefox/4.0b7pre"
88.190.16.36 - - [24/Dec/2012:20:40:58 +0100] "GET / HTTP/1.0" 200 10982 "http://www.westworld.be/" "Mozilla/5.0 (Windows NT 6.1; WOW64; rv:5.0) Gecko/20100101 Firefox/5.0"
88.190.16.36 - - [24/Dec/2012:20:45:22 +0100] "GET / HTTP/1.0" 200 10982 "http://www.westworld.be/" "Mozilla/4.0 (compatible; MSIE 7.0; Windows NT 5.1; Trident/4.0; .NET CLR 1.1.4322)"
157.55.32.99 - - [24/Dec/2012:20:56:27 +0100] "GET /robots.txt HTTP/1.0" 200 108 "-" "Mozilla/5.0 (compatible; bingbot/2.0; +http://www.bing.com/bingbot.htm)"
157.55.32.99 - - [24/Dec/2012:20:58:19 +0100] "GET /tag/prototype/ HTTP/1.0" 304 - "-" "Mozilla/5.0 (compatible; bingbot/2.0; +http://www.bing.com/bingbot.htm)"
88.190.16.36 - - [24/Dec/2012:21:08:42 +0100] "GET / HTTP/1.0" 200 10982 "http://www.westworld.be/" "Mozilla/4.0 (compatible; MSIE 6.0; MSIE 5.5; Windows NT 5.0) Opera 7.02 Bork-edition [en]"
199.15.234.246 - - [24/Dec/2012:21:10:15 +0100] "GET / HTTP/1.0" 200 10982 "http://www.westworld.be/" "Mozilla/4.0 (compatible; MSIE 6.0; MSIE 5.5; Windows NT 5.0) Opera 7.02 Bork-edition [en]"
66.249.75.95 - - [24/Dec/2012:21:30:48 +0100] "GET /robots.txt HTTP/1.0" 200 108 "-" "Mozilla/5.0 (compatible; Googlebot/2.1; +http://www.google.com/bot.html)"
66.249.75.95 - - [24/Dec/2012:21:30:50 +0100] "GET /canvas-flip-image/ HTTP/1.0" 200 5744 "-" "Mozilla/5.0 (iPhone; U; CPU iPhone OS 4_1 like Mac OS X; en-us) AppleWebKit/532.9 (KHTML, like Gecko) Version/4.0.5 Mobile/8B117 Safari/6531.22.7 (compatible; Googlebot-Mobile/2.1; +http://www.google.com/bot.html)"
88.151.243.107 - - [24/Dec/2012:21:30:48 +0100] "POST /wp-cron.php?doing_wp_cron=1356381048.7288289070129394531250 HTTP/1.0" 200 17 "-" "WordPress/3.4.2; http://www.westworld.be"
91.236.74.109 - - [24/Dec/2012:21:53:12 +0100] "GET /javascript-links/ HTTP/1.0" 200 19070 "http://www.westworld.be/javascript-links/" "Mozilla/5.0 (Windows NT 5.1) AppleWebKit/536.11 (KHTML, like Gecko) Chrome/20.0.1132.47 Safari/536.11"
91.236.74.109 - - [24/Dec/2012:21:53:13 +0100] "POST /wp-comments-post.php HTTP/1.0" 302 - "http://www.westworld.be/javascript-links/" "Mozilla/5.0 (Windows NT 5.1) AppleWebKit/536.11 (KHTML, like Gecko) Chrome/20.0.1132.47 Safari/536.11"
91.236.74.109 - - [24/Dec/2012:21:53:15 +0100] "GET /javascript-links/comment-page-1/ HTTP/1.0" 200 19183 "http://www.westworld.be/javascript-links/comment-page-1/#comment-16182" "Mozilla/5.0 (Windows NT 5.1) AppleWebKit/536.11 (KHTML, like Gecko) Chrome/20.0.1132.47 Safari/536.11"
208.115.111.66 - - [24/Dec/2012:21:53:32 +0100] "GET /2010/03/01/ HTTP/1.0" 200 14027 "-" "Mozilla/5.0 (compatible; Ezooms/1.0; ezooms.bot@gmail.com)"
208.115.111.66 - - [24/Dec/2012:21:53:33 +0100] "GET /tag/mysql_insert_id/ HTTP/1.0" 200 10367 "-" "Mozilla/5.0 (compatible; Ezooms/1.0; ezooms.bot@gmail.com)"
