62.94.24.35 - - [24/Dec/2012:09:04:22 +0100] "GET /adding-a-rule-to-csslint/&amp;sa=U&amp;ei=ugzYUPmpJIKdiQKRu4CQCQ&amp;ved=0CLcCEBYwYThk&amp;usg=AFQjCNHtkoepc8O9Hc4IwV_4FAJtV82zGA/Reporter/timthumb.php?src=http%3A%2F%2Fflickr.com.lmao2.com%2Fbad.php HTTP/1.0" 404 8903 "-" "Mozilla/5.0 (Windows; U; Windows NT 5.1; en-US; rv:1.9.2) Gecko/20100115 Firefox/3.6"
62.94.24.35 - - [24/Dec/2012:09:04:23 +0100] "GET /Reporter/timthumb.php?src=http%3A%2F%2Fflickr.com.lmao2.com%2Fbad.php HTTP/1.0" 404 8903 "-" "Mozilla/5.0 (Windows; U; Windows NT 5.1; en-US; rv:1.9.2) Gecko/20100115 Firefox/3.6"
62.94.24.35 - - [24/Dec/2012:09:04:23 +0100] "GET /adding-a-rule-to-csslint/Reporter/timthumb.php?src=http%3A%2F%2Fflickr.com.lmao2.com%2Fbad.php HTTP/1.0" 404 8903 "-" "Mozilla/5.0 (Windows; U; Windows NT 5.1; en-US; rv:1.9.2) Gecko/20100115 Firefox/3.6"
209.191.187.104 - - [24/Dec/2012:09:05:07 +0100] "POST /wp-login.php HTTP/1.0" 200 3571 "http://www.westworld.be/wp-login.php" "Mozilla/4.0 (compatible; MSIE 6.0; Windows NT 5.1; SV1)"
87.106.133.227 - - [24/Dec/2012:09:05:10 +0100] "POST /wp-login.php HTTP/1.0" 200 3571 "http://www.westworld.be/wp-login.php" "Mozilla/4.0 (compatible; MSIE 6.0; Windows NT 5.1; SV1)"
50.57.174.146 - - [24/Dec/2012:09:05:13 +0100] "POST /wp-login.php HTTP/1.0" 200 3571 "http://www.westworld.be/wp-login.php" "Mozilla/4.0 (compatible; MSIE 6.0; Windows NT 5.1; SV1)"
50.57.174.146 - - [24/Dec/2012:09:05:21 +0100] "POST /wp-login.php HTTP/1.0" 200 3571 "http://www.westworld.be/wp-login.php" "Mozilla/4.0 (compatible; MSIE 6.0; Windows NT 5.1; SV1)"
93.186.115.18 - - [24/Dec/2012:09:05:48 +0100] "POST /wp-login.php HTTP/1.0" 200 3571 "http://www.westworld.be/wp-login.php" "Mozilla/4.0 (compatible; MSIE 6.0; Windows NT 5.1; SV1)"
69.175.48.187 - - [24/Dec/2012:09:07:01 +0100] "GET /skype-bulk-import/ HTTP/1.0" 200 17193 "http://www.westworld.be/skype-bulk-import/" "Mozilla/5.0 (X11; U; Linux i686; it-IT; rv:1.9.0.2) Gecko/2008092313 Ubuntu/9.25 (jaunty) Firefox/3.8"
69.175.48.187 - - [24/Dec/2012:09:07:16 +0100] "POST /wp-comments-post.php HTTP/1.0" 302 - "http://www.westworld.be" "Mozilla/5.0 (X11; U; Linux i686; it-IT; rv:1.9.0.2) Gecko/2008092313 Ubuntu/9.25 (jaunty) Firefox/3.8"
94.180.80.240 - - [24/Dec/2012:09:08:11 +0100] "GET /page/3/ HTTP/1.0" 200 45959 "-" "Mozilla/4.0 (compatible; MSIE 6.0; Windows NT 5.1; SV1)"
94.180.80.240 - - [24/Dec/2012:09:08:12 +0100] "GET / HTTP/1.0" 200 49938 "-" "Mozilla/4.0 (compatible; MSIE 6.0; Windows NT 5.1; SV1)"
94.180.80.240 - - [24/Dec/2012:09:08:13 +0100] "GET /about/ HTTP/1.0" 200 13508 "-" "Mozilla/4.0 (compatible; MSIE 6.0; Windows NT 5.1; SV1)"
88.151.243.107 - - [24/Dec/2012:09:08:13 +0100] "POST /wp-cron.php?doing_wp_cron=1356336493.7027370929718017578125 HTTP/1.0" 200 17 "-" "WordPress/3.4.2; http://www.westworld.be"
94.180.80.240 - - [24/Dec/2012:09:08:13 +0100] "POST /wp-comments-post.php HTTP/1.0" 302 - "http://www.westworld.be/about/" "Mozilla/4.0 (compatible; MSIE 6.0; Windows NT 5.1; SV1)"
94.180.80.240 - - [24/Dec/2012:09:08:17 +0100] "GET /about/comment-page-1/ HTTP/1.0" 200 13619 "http://www.westworld.be/about/" "Mozilla/4.0 (compatible; MSIE 6.0; Windows NT 5.1; SV1)"
94.180.80.240 - - [24/Dec/2012:09:08:18 +0100] "GET /about/comment-page-1/ HTTP/1.0" 200 13748 "-" "Mozilla/4.0 (compatible; MSIE 6.0; Windows NT 5.1; SV1)"
94.180.80.240 - - [24/Dec/2012:09:08:18 +0100] "GET /page/3/ HTTP/1.0" 200 45959 "-" "Mozilla/4.0 (compatible; MSIE 6.0; Windows NT 5.1; SV1)"
94.180.80.240 - - [24/Dec/2012:09:08:21 +0100] "GET /about/ HTTP/1.0" 200 13512 "-" "Mozilla/4.0 (compatible; MSIE 6.0; Windows NT 5.1; SV1)"
94.180.80.240 - - [24/Dec/2012:09:08:22 +0100] "GET / HTTP/1.0" 200 49930 "-" "Mozilla/4.0 (compatible; MSIE 6.0; Windows NT 5.1; SV1)"
94.180.80.240 - - [24/Dec/2012:09:08:24 +0100] "GET /javascript-links/ HTTP/1.0" 200 19058 "-" "Mozilla/4.0 (compatible; MSIE 6.0; Windows NT 5.1; SV1)"
94.180.80.240 - - [24/Dec/2012:09:08:26 +0100] "GET /author/admin/ HTTP/1.0" 200 22972 "-" "Mozilla/4.0 (compatible; MSIE 6.0; Windows NT 5.1; SV1)"
94.180.80.240 - - [24/Dec/2012:09:08:33 +0100] "GET /about/feed/ HTTP/1.0" 200 915 "-" "Mozilla/4.0 (compatible; MSIE 6.0; Windows NT 5.1; SV1)"
94.180.80.240 - - [24/Dec/2012:09:08:34 +0100] "GET /about/trackback/ HTTP/1.0" 302 - "-" "Mozilla/4.0 (compatible; MSIE 6.0; Windows NT 5.1; SV1)"
94.180.80.240 - - [24/Dec/2012:09:08:34 +0100] "GET /about/ HTTP/1.0" 200 13512 "-" "Mozilla/4.0 (compatible; MSIE 6.0; Windows NT 5.1; SV1)"
94.180.80.240 - - [24/Dec/2012:09:08:35 +0100] "GET /2012/11/ HTTP/1.0" 200 14140 "-" "Mozilla/4.0 (compatible; MSIE 6.0; Windows NT 5.1; SV1)"
192.210.62.162 - - [24/Dec/2012:09:17:45 +0100] "GET /format/ HTTP/1.0" 200 22499 "http://www.westworld.be/format/" "Opera/9.80 (Windows NT 5.1; U; en) Presto/2.10.289 Version/12.00"
192.210.62.162 - - [24/Dec/2012:09:17:46 +0100] "POST /wp-comments-post.php HTTP/1.0" 302 - "http://www.westworld.be/format/" "Opera/9.80 (Windows NT 5.1; U; en) Presto/2.10.289 Version/12.00"
192.210.62.162 - - [24/Dec/2012:09:17:47 +0100] "GET /format/ HTTP/1.0" 200 22499 "http://www.westworld.be/format/" "Opera/9.80 (Windows NT 5.1; U; en) Presto/2.10.289 Version/12.00"
159.224.236.61 - - [24/Dec/2012:09:28:49 +0100] "GET /javascript-links/ HTTP/1.0" 200 19058 "http://www.westworld.be/javascript-links/" "Mozilla/5.0 (Windows NT 6.1) AppleWebKit/536.11 (KHTML, like Gecko) Chrome/20.0.1132.57 Safari/536.11"
117.21.227.43 - - [24/Dec/2012:09:34:17 +0100] "GET /canvas-data/ HTTP/1.0" 200 20835 "http://www.westworld.be/canvas-data/" "Opera/9.80 (Windows NT 6.1; Win64; x64; U; Edition Yx; ru) Presto/2.10.289 Version/12.00"
117.21.227.43 - - [24/Dec/2012:09:34:18 +0100] "POST /wp-comments-post.php HTTP/1.0" 302 - "http://www.westworld.be/canvas-data/" "Opera/9.80 (Windows NT 6.1; Win64; x64; U; Edition Yx; ru) Presto/2.10.289 Version/12.00"
88.151.243.107 - - [24/Dec/2012:09:34:18 +0100] "POST /wp-cron.php?doing_wp_cron=1356338058.7483320236206054687500 HTTP/1.0" 200 - "-" "WordPress/3.4.2; http://www.westworld.be"
117.21.227.43 - - [24/Dec/2012:09:34:21 +0100] "GET /canvas-data/ HTTP/1.0" 200 20835 "http://www.westworld.be/canvas-data/" "Opera/9.80 (Windows NT 6.1; Win64; x64; U; Edition Yx; ru) Presto/2.10.289 Version/12.00"
88.190.16.36 - - [24/Dec/2012:09:36:32 +0100] "GET / HTTP/1.0" 200 10983 "http://www.westworld.be/" "Mozilla/4.0 (compatible; MSIE 6.0; MSIE 5.5; Windows NT 5.0) Opera 7.02 Bork-edition [en]"
199.15.234.20 - - [24/Dec/2012:09:41:06 +0100] "GET /format/ HTTP/1.0" 200 22499 "http://www.westworld.be/format/" "Opera/9.80 (Windows NT 6.1; WOW64; U; Edition Yx; ru) Presto/2.10.289 Version/12.00"
199.15.234.20 - - [24/Dec/2012:09:41:07 +0100] "POST /wp-comments-post.php HTTP/1.0" 302 - "http://www.westworld.be/format/" "Opera/9.80 (Windows NT 6.1; WOW64; U; Edition Yx; ru) Presto/2.10.289 Version/12.00"
199.15.234.20 - - [24/Dec/2012:09:41:08 +0100] "GET /format/ HTTP/1.0" 200 22499 "http://www.westworld.be/format/" "Opera/9.80 (Windows NT 6.1; WOW64; U; Edition Yx; ru) Presto/2.10.289 Version/12.00"
70.32.114.50 - - [24/Dec/2012:09:43:44 +0100] "POST /wp-login.php HTTP/1.0" 200 3571 "http://www.westworld.be/wp-login.php" "Mozilla/4.0 (compatible; MSIE 6.0; Windows NT 5.1; SV1)"
209.191.187.104 - - [24/Dec/2012:09:43:49 +0100] "POST /wp-login.php HTTP/1.0" 200 3571 "http://www.westworld.be/wp-login.php" "Mozilla/4.0 (compatible; MSIE 6.0; Windows NT 5.1; SV1)"
66.154.54.43 - - [24/Dec/2012:09:43:54 +0100] "POST /wp-login.php HTTP/1.0" 200 3571 "http://www.westworld.be/wp-login.php" "Mozilla/4.0 (compatible; MSIE 6.0; Windows NT 5.1; SV1)"
184.107.237.66 - - [24/Dec/2012:09:43:55 +0100] "POST /wp-login.php HTTP/1.0" 200 3571 "http://www.westworld.be/wp-login.php" "Mozilla/4.0 (compatible; MSIE 6.0; Windows NT 5.1; SV1)"
194.38.104.59 - - [24/Dec/2012:09:44:20 +0100] "POST /wp-login.php HTTP/1.0" 200 3571 "http://www.westworld.be/wp-login.php" "Mozilla/4.0 (compatible; MSIE 6.0; Windows NT 5.1; SV1)"
173.199.119.27 - - [24/Dec/2012:09:57:54 +0100] "GET /searching-mysql-for-a-columnname/ HTTP/1.0" 200 4601 "-" "Mozilla/5.0 (compatible; AhrefsBot/4.0; +http://ahrefs.com/robot/)"
157.55.36.35 - - [24/Dec/2012:10:05:08 +0100] "GET /robots.txt HTTP/1.0" 200 108 "-" "Mozilla/5.0 (compatible; bingbot/2.0; +http://www.bing.com/bingbot.htm)"
222.135.195.164 - - [24/Dec/2012:10:06:51 +0100] "GET / HTTP/1.0" 200 49930 "http://www.westworld.be/" "Mozilla/4.0 (compatible; MSIE 8.0; Windows NT 6.1; Trident/5.0; SLCC2; .NET CLR 2.0.50727; .NET CLR 3.5.30729; .NET CLR 3.0.30729)"
222.135.195.164 - - [24/Dec/2012:10:07:01 +0100] "GET /adding-a-rule-to-csslint/ HTTP/1.0" 200 23089 "http://www.westworld.be/" "Mozilla/4.0 (compatible; MSIE 8.0; Windows NT 6.1; Trident/5.0; SLCC2; .NET CLR 2.0.50727; .NET CLR 3.5.30729; .NET CLR 3.0.30729)"
222.135.195.164 - - [24/Dec/2012:10:07:05 +0100] "POST /wp-comments-post.php HTTP/1.0" 302 - "http://www.westworld.be/adding-a-rule-to-csslint/" "Mozilla/4.0 (compatible; MSIE 8.0; Windows NT 6.1; Trident/5.0; SLCC2; .NET CLR 2.0.50727; .NET CLR 3.5.30729; .NET CLR 3.0.30729)"
157.55.36.35 - - [24/Dec/2012:10:07:37 +0100] "GET /adding-a-rule-to-csslint/ HTTP/1.0" 200 6057 "-" "Mozilla/5.0 (compatible; bingbot/2.0; +http://www.bing.com/bingbot.htm)"
89.70.117.111 - - [24/Dec/2012:10:07:52 +0100] "GET /perfect-world-genie/ HTTP/1.0" 200 7972 "http://www.westworld.be/" "Mozilla/5.0 (Windows NT 5.1; rv:5.0.1) Gecko/20100101 Firefox/5.0.1"
106.8.112.99 - - [24/Dec/2012:10:12:34 +0100] "GET /php-gtk-liststore-error-undefined-class-constant/ HTTP/1.0" 200 16181 "-" "Mozilla/4.0 (compatible; MSIE 6.0; Windows NT 5.1; SV1; TencentTraveler ; Mozilla/4.0 (compatible; MSIE 6.0; Windows NT 5.1; SV1) ; .NET CLR 2.0.50727)"
88.151.243.107 - - [24/Dec/2012:10:19:42 +0100] "POST /wp-cron.php?doing_wp_cron=1356340782.3890769481658935546875 HTTP/1.0" 200 17 "-" "WordPress/3.4.2; http://www.westworld.be"
117.26.201.82 - - [24/Dec/2012:10:19:42 +0100] "GET /google-analytics-api-no-php/++++++++++++++Result:+chosen+nickname+%22handtaschenwck%22;+sent+%28from+first+page%29 HTTP/1.0" 404 8877 "http://www.westworld.be/google-analytics-api-no-php/++++++++++++++Result:+chosen+nickname+%22handtaschenwck%22;+sent+%28from+first+page%29" "Opera/9.80 (Windows NT 5.1; U; ru) Presto/2.9.168 Version/11.51"
117.26.201.82 - - [24/Dec/2012:10:19:44 +0100] "GET / HTTP/1.0" 200 49930 "http://www.westworld.be/" "Opera/9.80 (Windows NT 5.1; U; ru) Presto/2.9.168 Version/11.51"
82.194.82.102 - - [24/Dec/2012:10:21:27 +0100] "POST /wp-login.php HTTP/1.0" 200 3571 "http://www.westworld.be/wp-login.php" "Mozilla/4.0 (compatible; MSIE 6.0; Windows NT 5.1; SV1)"
221.132.33.130 - - [24/Dec/2012:10:22:17 +0100] "POST /wp-login.php HTTP/1.0" 200 3571 "http://www.westworld.be/wp-login.php" "Mozilla/4.0 (compatible; MSIE 6.0; Windows NT 5.1; SV1)"
163.43.132.41 - - [24/Dec/2012:10:22:34 +0100] "POST /wp-login.php HTTP/1.0" 200 3571 "http://www.westworld.be/wp-login.php" "Mozilla/4.0 (compatible; MSIE 6.0; Windows NT 5.1; SV1)"
208.115.113.82 - - [24/Dec/2012:10:22:49 +0100] "GET /robots.txt HTTP/1.0" 200 108 "-" "Mozilla/5.0 (compatible; Ezooms/1.0; ezooms.bot@gmail.com)"
50.115.171.230 - - [24/Dec/2012:10:23:57 +0100] "GET / HTTP/1.0" 200 10983 "http://www.westworld.be/" "Mozilla/5.0 (Windows NT 6.1; rv:2.0b7pre) Gecko/20100921 Firefox/4.0b7pre"
118.69.198.230 - - [24/Dec/2012:10:26:15 +0100] "POST /wp-login.php HTTP/1.0" 200 3571 "http://www.westworld.be/wp-login.php" "Mozilla/4.0 (compatible; MSIE 6.0; Windows NT 5.1; SV1)"
88.190.16.36 - - [24/Dec/2012:10:26:56 +0100] "GET / HTTP/1.0" 200 10983 "http://www.westworld.be/" "Mozilla/4.0 (compatible; MSIE 8.0; Windows NT 6.0; Trident/4.0; Mozilla/4.0 (compatible; MSIE 6.0; Windows NT 5.1; SV1) ; .NET CLR 3.5.30729)"
88.190.16.36 - - [24/Dec/2012:10:28:41 +0100] "GET / HTTP/1.0" 200 10983 "http://www.westworld.be/" "Mozilla/4.0 (compatible; MSIE 8.0; Windows NT 6.0; Trident/4.0; Mozilla/4.0 (compatible; MSIE 6.0; Windows NT 5.1; SV1) ; .NET CLR 3.5.30729)"
74.221.208.215 - - [24/Dec/2012:10:28:41 +0100] "GET / HTTP/1.0" 200 10983 "http://www.westworld.be/" "Mozilla/5.0 (Windows NT 6.1; WOW64; rv:5.0) Gecko/20100101 Firefox/5.0"
88.190.16.36 - - [24/Dec/2012:10:30:06 +0100] "GET / HTTP/1.0" 200 10983 "http://www.westworld.be/" "Mozilla/4.0 (compatible; MSIE 6.0; Windows NT 5.1; SV1; MRA 5.8 (build 4157); .NET CLR 2.0.50727; AskTbPTV/5.11.3.15590)"
199.15.234.246 - - [24/Dec/2012:10:30:26 +0100] "GET / HTTP/1.0" 200 10983 "http://www.westworld.be/" "Mozilla/4.0 (compatible; MSIE 7.0; Windows NT 5.1; SV1; .NET CLR 2.0.50727)"
66.249.75.95 - - [24/Dec/2012:10:30:58 +0100] "GET /tag/nouar/ HTTP/1.0" 304 - "-" "Mozilla/5.0 (compatible; Googlebot/2.1; +http://www.google.com/bot.html)"
176.31.234.69 - - [24/Dec/2012:10:41:17 +0100] "POST /wp-login.php HTTP/1.0" 200 3571 "http://www.westworld.be/wp-login.php" "Mozilla/4.0 (compatible; MSIE 6.0; Windows NT 5.1; SV1)"
27.159.193.219 - - [24/Dec/2012:10:45:00 +0100] "GET /javascript-links/ HTTP/1.0" 200 19058 "http://www.westworld.be/javascript-links/" "Mozilla/5.0 (Windows NT 5.1) AppleWebKit/535.7 (KHTML, like Gecko) Chrome/16.0.912.77 Safari/535.7"
27.159.193.219 - - [24/Dec/2012:10:45:06 +0100] "POST /wp-comments-post.php HTTP/1.0" 302 - "http://www.westworld.be/javascript-links/" "Mozilla/5.0 (Windows NT 5.1) AppleWebKit/535.7 (KHTML, like Gecko) Chrome/16.0.912.77 Safari/535.7"
27.159.193.219 - - [24/Dec/2012:10:45:08 +0100] "GET /javascript-links/comment-page-1/ HTTP/1.0" 200 19185 "http://www.westworld.be/javascript-links/comment-page-1/#comment-16178" "Mozilla/5.0 (Windows NT 5.1) AppleWebKit/535.7 (KHTML, like Gecko) Chrome/16.0.912.77 Safari/535.7"
173.199.119.27 - - [24/Dec/2012:10:47:01 +0100] "GET /siteResearch/API/namespaces/Crawler.Classes.html HTTP/1.0" 200 1794 "-" "Mozilla/5.0 (compatible; AhrefsBot/4.0; +http://ahrefs.com/robot/)"
193.105.210.134 - - [24/Dec/2012:10:56:38 +0100] "GET /javascript-links/ HTTP/1.0" 200 19061 "http://www.westworld.be/javascript-links/" "Mozilla/5.0 (Windows NT 6.1; WOW64; rv:14.0) Gecko/20100101 Firefox/14.0.1"
193.105.210.134 - - [24/Dec/2012:10:56:41 +0100] "POST /wp-comments-post.php HTTP/1.0" 302 - "http://www.westworld.be/javascript-links/" "Mozilla/5.0 (Windows NT 6.1; WOW64; rv:14.0) Gecko/20100101 Firefox/14.0.1"
193.105.210.134 - - [24/Dec/2012:10:56:42 +0100] "GET /javascript-links/comment-page-1/ HTTP/1.0" 200 19168 "http://www.westworld.be/javascript-links/comment-page-1/#comment-16179" "Mozilla/5.0 (Windows NT 6.1; WOW64; rv:14.0) Gecko/20100101 Firefox/14.0.1"
193.105.210.134 - - [24/Dec/2012:10:56:44 +0100] "GET /javascript-links/comment-page-1/ HTTP/1.0" 200 19168 "http://www.westworld.be/javascript-links/comment-page-1/#comment-16179" "Mozilla/5.0 (Windows NT 6.1; WOW64; rv:14.0) Gecko/20100101 Firefox/14.0.1"
88.190.16.36 - - [24/Dec/2012:10:57:26 +0100] "GET / HTTP/1.0" 200 10984 "http://www.westworld.be/" "Mozilla/4.0 (compatible; MSIE 7.0; Windows NT 5.1; SV1; .NET CLR 2.0.50727)"
195.22.20.231 - - [24/Dec/2012:10:58:51 +0100] "POST /wp-login.php HTTP/1.0" 200 3571 "http://www.westworld.be/wp-login.php" "Mozilla/4.0 (compatible; MSIE 6.0; Windows NT 5.1; SV1)"
66.154.54.43 - - [24/Dec/2012:10:58:54 +0100] "POST /wp-login.php HTTP/1.0" 200 3571 "http://www.westworld.be/wp-login.php" "Mozilla/4.0 (compatible; MSIE 6.0; Windows NT 5.1; SV1)"
67.205.107.173 - - [24/Dec/2012:10:58:54 +0100] "POST /wp-login.php HTTP/1.0" 200 3571 "http://www.westworld.be/wp-login.php" "Mozilla/4.0 (compatible; MSIE 6.0; Windows NT 5.1; SV1)"
5.9.81.50 - - [24/Dec/2012:11:02:31 +0100] "POST /wp-login.php HTTP/1.0" 200 3571 "http://www.westworld.be/wp-login.php" "Mozilla/4.0 (compatible; MSIE 6.0; Windows NT 5.1; SV1)"
88.151.243.107 - - [24/Dec/2012:11:08:50 +0100] "POST /wp-cron.php?doing_wp_cron=1356343730.9041609764099121093750 HTTP/1.0" 200 17 "-" "WordPress/3.4.2; http://www.westworld.be"
65.55.212.199 - - [24/Dec/2012:11:08:50 +0100] "GET /robots.txt HTTP/1.0" 200 108 "-" "msnbot-media/1.1 (+http://search.msn.com/msnbot.htm)"
65.55.212.199 - - [24/Dec/2012:11:08:51 +0100] "GET /wp-content/uploads/2008/12/le-cadavre-et-le-sofa-tony-sandoval-cover-223x300.jpg HTTP/1.0" 200 17896 "-" "msnbot-media/1.1 (+http://search.msn.com/msnbot.htm)"
62.205.105.251 - - [24/Dec/2012:11:12:26 +0100] "HEAD / HTTP/1.0" 200 - "-" "Mozilla/4.0 (compatible; MSIE 5.01; Windows NT 5.0)"
62.205.105.251 - - [24/Dec/2012:11:12:26 +0100] "GET / HTTP/1.0" 200 49930 "-" "Mozilla/4.0 (compatible; MSIE 5.01; Windows NT 5.0)"
199.15.234.246 - - [24/Dec/2012:11:13:15 +0100] "GET / HTTP/1.0" 200 10984 "http://www.westworld.be/" "Mozilla/5.0 (Windows NT 6.1; rv:5.0) Gecko/20100101 Firefox/5.02"
77.88.24.27 - - [24/Dec/2012:11:17:17 +0100] "GET /robots.txt HTTP/1.0" 200 108 "-" "Mozilla/5.0 (compatible; YandexBot/3.0; +http://yandex.com/bots)"
77.88.24.27 - - [24/Dec/2012:11:17:19 +0100] "GET / HTTP/1.0" 200 10984 "-" "Mozilla/5.0 (compatible; YandexBot/3.0; +http://yandex.com/bots)"
121.205.247.214 - - [24/Dec/2012:11:18:54 +0100] "GET /javascript-links/comment-page-1/ HTTP/1.0" 200 19454 "http://www.westworld.be/javascript-links/comment-page-1/#comment-12851/" "Opera/9.80 (Windows NT 5.1; U; ru) Presto/2.7.62 Version/11.00"
85.214.45.181 - - [24/Dec/2012:11:19:35 +0100] "POST /wp-login.php HTTP/1.0" 200 3571 "http://www.westworld.be/wp-login.php" "Mozilla/4.0 (compatible; MSIE 6.0; Windows NT 5.1; SV1)"
77.88.24.27 - - [24/Dec/2012:11:22:51 +0100] "GET /tag/testswarm/ HTTP/1.0" 304 - "-" "Mozilla/5.0 (compatible; YandexBot/3.0; +http://yandex.com/bots)"
77.88.24.27 - - [24/Dec/2012:11:26:56 +0100] "GET /category/image-manipulation/ HTTP/1.0" 304 - "-" "Mozilla/5.0 (compatible; YandexBot/3.0; +http://yandex.com/bots)"
77.88.24.27 - - [24/Dec/2012:11:27:42 +0100] "GET /page/2/ HTTP/1.0" 200 6441 "-" "Mozilla/5.0 (compatible; YandexBot/3.0; +http://yandex.com/bots)"
77.88.24.27 - - [24/Dec/2012:11:30:02 +0100] "GET /category/php/ HTTP/1.0" 304 - "-" "Mozilla/5.0 (compatible; YandexBot/3.0; +http://yandex.com/bots)"
77.88.24.27 - - [24/Dec/2012:11:31:36 +0100] "GET /westworld/trackback/ HTTP/1.0" 302 - "-" "Mozilla/5.0 (compatible; YandexBot/3.0; +http://yandex.com/bots)"
77.88.24.27 - - [24/Dec/2012:11:34:29 +0100] "GET /westworld/ HTTP/1.0" 304 - "-" "Mozilla/5.0 (compatible; YandexBot/3.0; +http://yandex.com/bots)"
88.151.243.107 - - [24/Dec/2012:11:36:04 +0100] "POST /wp-cron.php?doing_wp_cron=1356345363.9773349761962890625000 HTTP/1.0" 200 - "-" "WordPress/3.4.2; http://www.westworld.be"
72.14.199.92 - - [24/Dec/2012:11:36:03 +0100] "GET /feed/ HTTP/1.0" 200 10605 "-" "Feedfetcher-Google; (+http://www.google.com/feedfetcher.html; 1 subscribers; feed-id=10689829183176357171)"
195.16.88.174 - - [24/Dec/2012:11:36:18 +0100] "POST /wp-login.php HTTP/1.0" 200 3571 "http://www.westworld.be/wp-login.php" "Mozilla/4.0 (compatible; MSIE 6.0; Windows NT 5.1; SV1)"
82.194.82.102 - - [24/Dec/2012:11:36:20 +0100] "POST /wp-login.php HTTP/1.0" 200 3571 "http://www.westworld.be/wp-login.php" "Mozilla/4.0 (compatible; MSIE 6.0; Windows NT 5.1; SV1)"
66.154.54.43 - - [24/Dec/2012:11:36:27 +0100] "POST /wp-login.php HTTP/1.0" 200 3571 "http://www.westworld.be/wp-login.php" "Mozilla/4.0 (compatible; MSIE 6.0; Windows NT 5.1; SV1)"
46.4.152.197 - - [24/Dec/2012:11:38:34 +0100] "GET /uncategorized/perfect-world-genie/ HTTP/1.0" 301 - "http://www.westworld.be/" "Mozilla/5.0 (Windows NT 6.0) AppleWebKit/535.1 (KHTML, like Gecko) Chrome/13.0.782.112 Safari/535.1"
46.4.152.197 - - [24/Dec/2012:11:38:35 +0100] "GET /perfect-world-genie/ HTTP/1.0" 200 7972 "http://www.westworld.be/" "Mozilla/5.0 (Windows NT 6.0) AppleWebKit/535.1 (KHTML, like Gecko) Chrome/13.0.782.112 Safari/535.1"
46.4.152.197 - - [24/Dec/2012:11:38:35 +0100] "POST /wp-comments-post.php HTTP/1.0" 302 - "http://www.westworld.be/perfect-world-genie/" "Mozilla/5.0 (Windows NT 6.0) AppleWebKit/535.1 (KHTML, like Gecko) Chrome/13.0.782.112 Safari/535.1"
46.4.152.197 - - [24/Dec/2012:11:38:36 +0100] "GET /perfect-world-genie/ HTTP/1.0" 200 35805 "http://www.westworld.be/perfect-world-genie/" "Mozilla/5.0 (Windows NT 6.0) AppleWebKit/535.1 (KHTML, like Gecko) Chrome/13.0.782.112 Safari/535.1"
184.106.168.183 - - [24/Dec/2012:11:39:11 +0100] "POST /wp-login.php HTTP/1.0" 200 3571 "http://www.westworld.be/wp-login.php" "Mozilla/4.0 (compatible; MSIE 6.0; Windows NT 5.1; SV1)"
216.152.246.19 - - [24/Dec/2012:11:42:08 +0100] "GET /a-small-post-on-installing-testswarm-on-mamp/ HTTP/1.0" 200 16696 "-" "Mozilla/4.0 (compatible; MSIE 6.0; Windows NT 5.1; SV1)"
216.152.246.19 - - [24/Dec/2012:11:42:09 +0100] "POST /wp-comments-post.php HTTP/1.0" 302 - "http://www.westworld.be/a-small-post-on-installing-testswarm-on-mamp/" "Mozilla/4.0 (compatible; MSIE 6.0; Windows NT 5.1; SV1)"
216.152.246.19 - - [24/Dec/2012:11:42:17 +0100] "GET /a-small-post-on-installing-testswarm-on-mamp/ HTTP/1.0" 200 16696 "http://www.westworld.be/a-small-post-on-installing-testswarm-on-mamp/" "Mozilla/4.0 (compatible; MSIE 6.0; Windows NT 5.1; SV1)"
216.152.246.19 - - [24/Dec/2012:11:42:18 +0100] "GET /a-small-post-on-installing-testswarm-on-mamp/ HTTP/1.0" 200 16696 "-" "Mozilla/4.0 (compatible; MSIE 6.0; Windows NT 5.1; SV1)"
216.152.246.19 - - [24/Dec/2012:11:42:19 +0100] "GET / HTTP/1.0" 200 49930 "-" "Mozilla/4.0 (compatible; MSIE 6.0; Windows NT 5.1; SV1)"
216.152.246.19 - - [24/Dec/2012:11:42:27 +0100] "GET /about/ HTTP/1.0" 200 13512 "-" "Mozilla/4.0 (compatible; MSIE 6.0; Windows NT 5.1; SV1)"
77.88.24.27 - - [24/Dec/2012:11:42:28 +0100] "GET /a-small-post-on-installing-testswarm-on-mamp/feed/ HTTP/1.0" 304 - "-" "Mozilla/5.0 (compatible; YandexBot/3.0; +http://yandex.com/bots)"
216.152.246.19 - - [24/Dec/2012:11:42:28 +0100] "GET /javascript-links/ HTTP/1.0" 200 19062 "-" "Mozilla/4.0 (compatible; MSIE 6.0; Windows NT 5.1; SV1)"
216.152.246.19 - - [24/Dec/2012:11:42:34 +0100] "GET /author/westworld/ HTTP/1.0" 200 33642 "-" "Mozilla/4.0 (compatible; MSIE 6.0; Windows NT 5.1; SV1)"
216.152.246.19 - - [24/Dec/2012:11:42:45 +0100] "GET /a-small-post-on-installing-testswarm-on-mamp/feed/ HTTP/1.0" 200 1042 "-" "Mozilla/4.0 (compatible; MSIE 6.0; Windows NT 5.1; SV1)"
216.152.246.19 - - [24/Dec/2012:11:42:47 +0100] "GET /a-small-post-on-installing-testswarm-on-mamp/trackback/ HTTP/1.0" 302 - "-" "Mozilla/4.0 (compatible; MSIE 6.0; Windows NT 5.1; SV1)"
216.152.246.19 - - [24/Dec/2012:11:42:48 +0100] "GET /a-small-post-on-installing-testswarm-on-mamp/ HTTP/1.0" 200 16696 "-" "Mozilla/4.0 (compatible; MSIE 6.0; Windows NT 5.1; SV1)"
216.152.246.19 - - [24/Dec/2012:11:42:51 +0100] "GET /category/uncategorized/ HTTP/1.0" 200 31691 "-" "Mozilla/4.0 (compatible; MSIE 6.0; Windows NT 5.1; SV1)"
216.152.246.19 - - [24/Dec/2012:11:42:58 +0100] "GET /tag/javascript/ HTTP/1.0" 200 23668 "-" "Mozilla/4.0 (compatible; MSIE 6.0; Windows NT 5.1; SV1)"
216.152.246.19 - - [24/Dec/2012:11:43:00 +0100] "GET /tag/qunit/ HTTP/1.0" 200 10472 "-" "Mozilla/4.0 (compatible; MSIE 6.0; Windows NT 5.1; SV1)"
216.152.246.19 - - [24/Dec/2012:11:43:02 +0100] "GET /tag/testswarm/ HTTP/1.0" 200 10492 "-" "Mozilla/4.0 (compatible; MSIE 6.0; Windows NT 5.1; SV1)"
216.152.246.19 - - [24/Dec/2012:11:43:03 +0100] "GET /tag/unit-testing/ HTTP/1.0" 200 10507 "-" "Mozilla/4.0 (compatible; MSIE 6.0; Windows NT 5.1; SV1)"
216.152.246.19 - - [24/Dec/2012:11:43:05 +0100] "GET /cli-php/ HTTP/1.0" 200 16988 "-" "Mozilla/4.0 (compatible; MSIE 6.0; Windows NT 5.1; SV1)"
216.152.246.19 - - [24/Dec/2012:11:43:08 +0100] "GET /gridset/ HTTP/1.0" 200 16677 "-" "Mozilla/4.0 (compatible; MSIE 6.0; Windows NT 5.1; SV1)"
216.152.246.19 - - [24/Dec/2012:11:43:10 +0100] "GET /2012/07/ HTTP/1.0" 200 14407 "-" "Mozilla/4.0 (compatible; MSIE 6.0; Windows NT 5.1; SV1)"
208.115.113.82 - - [24/Dec/2012:11:57:06 +0100] "GET /2009/04/22/ HTTP/1.0" 200 10085 "-" "Mozilla/5.0 (compatible; Ezooms/1.0; ezooms.bot@gmail.com)"
208.115.113.82 - - [24/Dec/2012:11:57:07 +0100] "GET /javascript-links/trackback/ HTTP/1.0" 302 - "-" "Mozilla/5.0 (compatible; Ezooms/1.0; ezooms.bot@gmail.com)"
208.115.113.82 - - [24/Dec/2012:11:57:08 +0100] "GET /protoflow/feed/ HTTP/1.0" 301 - "-" "Mozilla/5.0 (compatible; Ezooms/1.0; ezooms.bot@gmail.com)"
208.115.113.82 - - [24/Dec/2012:11:57:08 +0100] "GET /tag/igoogle/ HTTP/1.0" 200 10138 "-" "Mozilla/5.0 (compatible; Ezooms/1.0; ezooms.bot@gmail.com)"
117.21.227.47 - - [24/Dec/2012:11:57:15 +0100] "GET /format/ HTTP/1.0" 200 22499 "http://www.westworld.be/format/" "Mozilla/5.0 (Windows NT 6.0) AppleWebKit/536.5 (KHTML, like Gecko) Chrome/19.0.1084.56 Safari/536.5"
117.21.227.47 - - [24/Dec/2012:11:57:17 +0100] "POST /wp-comments-post.php HTTP/1.0" 302 - "http://www.westworld.be/format/" "Mozilla/5.0 (Windows NT 6.0) AppleWebKit/536.5 (KHTML, like Gecko) Chrome/19.0.1084.56 Safari/536.5"
117.21.227.47 - - [24/Dec/2012:11:57:18 +0100] "GET /format/ HTTP/1.0" 200 22499 "http://www.westworld.be/format/" "Mozilla/5.0 (Windows NT 6.0) AppleWebKit/536.5 (KHTML, like Gecko) Chrome/19.0.1084.56 Safari/536.5"
118.69.198.230 - - [24/Dec/2012:11:58:43 +0100] "POST /wp-login.php HTTP/1.0" 200 3571 "http://www.westworld.be/wp-login.php" "Mozilla/4.0 (compatible; MSIE 6.0; Windows NT 5.1; SV1)"
173.199.119.27 - - [24/Dec/2012:11:59:10 +0100] "GET /snippets-for-aptana/feed/ HTTP/1.0" 200 964 "-" "Mozilla/5.0 (compatible; AhrefsBot/4.0; +http://ahrefs.com/robot/)"
178.32.156.196 - - [24/Dec/2012:12:03:04 +0100] "GET / HTTP/1.0" 200 10984 "http://www.westworld.be/" "Mozilla/4.0 (compatible; MSIE 8.0; Windows NT 6.0; Trident/4.0; Mozilla/4.0 (compatible; MSIE 6.0; Windows NT 5.1; SV1) ; .NET CLR 3.5.30729)"
5.9.185.212 - - [24/Dec/2012:12:04:13 +0100] "GET /javascript-links/ HTTP/1.0" 200 19062 "http://www.westworld.be/javascript-links/" "Mozilla/5.0 (Windows; U; Windows NT 5.1; de; rv:1.9.1.3) Gecko/20090824 Firefox/3.5.3 (.NET CLR 3.5.30729)"
106.8.112.99 - - [24/Dec/2012:12:06:17 +0100] "GET /php-gtk-liststore-error-undefined-class-constant/ HTTP/1.0" 200 16181 "-" "Mozilla/4.0 (compatible; MSIE 6.0; Windows NT 5.1; SV1; TencentTraveler ; Mozilla/4.0 (compatible; MSIE 6.0; Windows NT 5.1; SV1) ; .NET CLR 2.0.50727)"
117.21.227.43 - - [24/Dec/2012:12:12:51 +0100] "GET /format/ HTTP/1.0" 200 22499 "http://www.westworld.be/format/" "Mozilla/5.0 (Windows NT 6.0) AppleWebKit/536.5 (KHTML, like Gecko) Chrome/19.0.1084.56 Safari/536.5"
117.21.227.43 - - [24/Dec/2012:12:12:54 +0100] "POST /wp-comments-post.php HTTP/1.0" 302 - "http://www.westworld.be/format/" "Mozilla/5.0 (Windows NT 6.0) AppleWebKit/536.5 (KHTML, like Gecko) Chrome/19.0.1084.56 Safari/536.5"
88.151.243.107 - - [24/Dec/2012:12:12:55 +0100] "POST /wp-cron.php?doing_wp_cron=1356347574.9145810604095458984375 HTTP/1.0" 200 17 "-" "WordPress/3.4.2; http://www.westworld.be"
117.21.227.43 - - [24/Dec/2012:12:12:57 +0100] "GET /format/ HTTP/1.0" 200 22499 "http://www.westworld.be/format/" "Mozilla/5.0 (Windows NT 6.0) AppleWebKit/536.5 (KHTML, like Gecko) Chrome/19.0.1084.56 Safari/536.5"
50.57.174.146 - - [24/Dec/2012:12:14:33 +0100] "POST /wp-login.php HTTP/1.0" 200 3571 "http://www.westworld.be/wp-login.php" "Mozilla/4.0 (compatible; MSIE 6.0; Windows NT 5.1; SV1)"
188.190.98.26 - - [24/Dec/2012:12:14:33 +0100] "POST /wp-login.php HTTP/1.0" 200 3571 "http://www.westworld.be/wp-login.php" "Mozilla/4.0 (compatible; MSIE 6.0; Windows NT 5.1; SV1)"
117.21.225.42 - - [24/Dec/2012:12:15:30 +0100] "GET /canvas-data/ HTTP/1.0" 200 20835 "http://www.westworld.be/canvas-data/" "Opera/9.80 (Windows NT 5.1; U; MRA 5.10 (build 5339); ru) Presto/2.10.229 Version/11.64"
117.21.225.42 - - [24/Dec/2012:12:15:31 +0100] "POST /wp-comments-post.php HTTP/1.0" 302 - "http://www.westworld.be/canvas-data/" "Opera/9.80 (Windows NT 5.1; U; MRA 5.10 (build 5339); ru) Presto/2.10.229 Version/11.64"
117.21.225.42 - - [24/Dec/2012:12:15:33 +0100] "GET /canvas-data/ HTTP/1.0" 200 20835 "http://www.westworld.be/canvas-data/" "Opera/9.80 (Windows NT 5.1; U; MRA 5.10 (build 5339); ru) Presto/2.10.229 Version/11.64"
89.223.49.163 - - [24/Dec/2012:12:16:21 +0100] "POST /wp-login.php HTTP/1.0" 200 3571 "http://www.westworld.be/wp-login.php" "Mozilla/4.0 (compatible; MSIE 6.0; Windows NT 5.1; SV1)"
95.108.150.235 - - [24/Dec/2012:12:25:41 +0100] "GET /robots.txt HTTP/1.0" 200 108 "-" "Mozilla/5.0 (compatible; YandexBot/3.0; +http://yandex.com/bots)"
95.108.150.235 - - [24/Dec/2012:12:25:41 +0100] "GET /robots.txt HTTP/1.0" 200 108 "-" "Mozilla/5.0 (compatible; YandexBot/3.0; +http://yandex.com/bots)"
95.108.150.235 - - [24/Dec/2012:12:25:42 +0100] "GET / HTTP/1.0" 200 10984 "-" "Mozilla/5.0 (compatible; YandexBot/3.0; +http://yandex.com/bots)"
95.108.150.235 - - [24/Dec/2012:12:25:42 +0100] "GET / HTTP/1.0" 301 - "-" "Mozilla/5.0 (compatible; YandexBot/3.0; +http://yandex.com/bots)"
95.108.150.235 - - [24/Dec/2012:12:25:43 +0100] "GET / HTTP/1.0" 200 10984 "-" "Mozilla/5.0 (compatible; YandexBot/3.0; +http://yandex.com/bots)"
94.242.237.5 - - [24/Dec/2012:12:26:25 +0100] "GET /wp-login.php HTTP/1.0" 200 2452 "-" "Mozilla/5.0 (Windows; U; Windows NT 5.1; en-US; rv:1.9.1.3) Gecko/20090824 Firefox/3.5.3 GTB5"
94.242.237.5 - - [24/Dec/2012:12:26:28 +0100] "POST /wp-login.php HTTP/1.0" 200 3392 "-" "Mozilla/5.0 (Windows; U; Windows NT 5.1; en-US; rv:1.9.1.3) Gecko/20090824 Firefox/3.5.3 GTB5"
88.190.16.36 - - [24/Dec/2012:12:29:11 +0100] "GET / HTTP/1.0" 200 10984 "http://www.westworld.be/" "Mozilla/4.0 (compatible; MSIE 6.0; Windows NT 5.1; SV1; MRA 5.8 (build 4157); .NET CLR 2.0.50727; AskTbPTV/5.11.3.15590)"
49.212.200.89 - - [24/Dec/2012:12:30:59 +0100] "GET /wp-signup.php HTTP/1.0" 302 - "http://www.westworld.be/" "Mozilla/4.0 (compatible; MSIE 6.0; Windows NT 5.1; SV1;)"
49.212.200.89 - - [24/Dec/2012:12:31:00 +0100] "GET /wp-login.php?action=register HTTP/1.0" 302 - "http://www.westworld.be/wp-signup.php" "Mozilla/4.0 (compatible; MSIE 6.0; Windows NT 5.1; SV1;)"
208.115.111.66 - - [24/Dec/2012:12:32:33 +0100] "GET /robots.txt HTTP/1.0" 200 108 "-" "Mozilla/5.0 (compatible; Ezooms/1.0; ezooms.bot@gmail.com)"
77.88.24.27 - - [24/Dec/2012:12:34:57 +0100] "GET /tag/siteresearch/ HTTP/1.0" 304 - "-" "Mozilla/5.0 (compatible; YandexBot/3.0; +http://yandex.com/bots)"
66.249.75.95 - - [24/Dec/2012:12:38:08 +0100] "GET /siteResearch/API/classes/PHP_Curl_Crawler.html HTTP/1.0" 304 - "-" "Mozilla/5.0 (compatible; Googlebot/2.1; +http://www.google.com/bot.html)"
37.1.223.19 - - [24/Dec/2012:12:38:25 +0100] "POST /wp-login.php HTTP/1.0" 200 3571 "http://www.westworld.be/wp-login.php" "Mozilla/4.0 (compatible; MSIE 6.0; Windows NT 5.1; SV1)"
216.172.145.84 - - [24/Dec/2012:12:39:53 +0100] "GET /perfect-world-genie/ HTTP/1.0" 200 7972 "http://www.westworld.be/" "Opera/9.80 (Windows NT 5.1; U; en) Presto/2.10.289 Version/12.01"
216.172.145.84 - - [24/Dec/2012:12:39:53 +0100] "POST /perfect-world-genie/trackback/ HTTP/1.0" 302 - "http://www.localwaterdamagepros.com/california/water-damage-restoration-in-sacramento-ca/" "PHP/5.2.10"
216.172.145.84 - - [24/Dec/2012:12:39:55 +0100] "GET /wp-admin/ HTTP/1.0" 302 - "http://www.localwaterdamagepros.com/california/water-damage-restoration-in-sacramento-ca/" "PHP/5.2.10"
216.172.145.84 - - [24/Dec/2012:12:39:56 +0100] "GET /wp-login.php?redirect_to=http%3A%2F%2Fwww.westworld.be%2Fwp-admin%2F&reauth=1 HTTP/1.0" 200 2455 "http://www.localwaterdamagepros.com/california/water-damage-restoration-in-sacramento-ca/" "PHP/5.2.10"
94.242.237.5 - - [24/Dec/2012:12:42:59 +0100] "GET /wp-login.php HTTP/1.0" 200 2452 "-" "Mozilla/5.0 (Windows; U; Windows NT 5.1; en-US; rv:1.9.1.3) Gecko/20090824 Firefox/3.5.3 GTB5"
94.242.237.5 - - [24/Dec/2012:12:42:59 +0100] "POST /wp-login.php HTTP/1.0" 200 3392 "-" "Mozilla/5.0 (Windows; U; Windows NT 5.1; en-US; rv:1.9.1.3) Gecko/20090824 Firefox/3.5.3 GTB5"
193.33.186.241 - - [24/Dec/2012:12:51:45 +0100] "POST /wp-login.php HTTP/1.0" 200 3571 "http://www.westworld.be/wp-login.php" "Mozilla/4.0 (compatible; MSIE 6.0; Windows NT 5.1; SV1)"
184.107.237.66 - - [24/Dec/2012:12:52:16 +0100] "POST /wp-login.php HTTP/1.0" 200 3571 "http://www.westworld.be/wp-login.php" "Mozilla/4.0 (compatible; MSIE 6.0; Windows NT 5.1; SV1)"
89.223.49.163 - - [24/Dec/2012:12:52:57 +0100] "POST /wp-login.php HTTP/1.0" 200 3571 "http://www.westworld.be/wp-login.php" "Mozilla/4.0 (compatible; MSIE 6.0; Windows NT 5.1; SV1)"
87.106.133.227 - - [24/Dec/2012:12:54:17 +0100] "POST /wp-login.php HTTP/1.0" 200 3571 "http://www.westworld.be/wp-login.php" "Mozilla/4.0 (compatible; MSIE 6.0; Windows NT 5.1; SV1)"
178.32.156.196 - - [24/Dec/2012:12:55:39 +0100] "GET / HTTP/1.0" 200 10984 "http://www.westworld.be/" "Mozilla/5.0 (Windows NT 6.1; WOW64; rv:5.0) Gecko/20100101 Firefox/5.0"
94.242.237.5 - - [24/Dec/2012:12:59:34 +0100] "GET /wp-login.php HTTP/1.0" 200 2452 "-" "Mozilla/5.0 (Windows; U; Windows NT 5.1; en-US; rv:1.9.1.3) Gecko/20090824 Firefox/3.5.3 GTB5"
94.242.237.5 - - [24/Dec/2012:12:59:35 +0100] "POST /wp-login.php HTTP/1.0" 200 3392 "-" "Mozilla/5.0 (Windows; U; Windows NT 5.1; en-US; rv:1.9.1.3) Gecko/20090824 Firefox/3.5.3 GTB5"
77.88.24.27 - - [24/Dec/2012:13:00:10 +0100] "GET /category/uncategorized/ HTTP/1.0" 304 - "-" "Mozilla/5.0 (compatible; YandexBot/3.0; +http://yandex.com/bots)"
178.32.156.196 - - [24/Dec/2012:13:03:45 +0100] "GET / HTTP/1.0" 200 10984 "http://www.westworld.be/" "Mozilla/5.0 (Windows NT 6.1; rv:5.0) Gecko/20100101 Firefox/5.02"
178.32.156.196 - - [24/Dec/2012:13:09:01 +0100] "GET / HTTP/1.0" 200 10984 "http://www.westworld.be/" "Mozilla/4.0 (compatible; MSIE 7.0; Windows NT 5.1; SV1; .NET CLR 2.0.50727)"
88.151.243.107 - - [24/Dec/2012:13:14:41 +0100] "POST /wp-cron.php?doing_wp_cron=1356351281.6432878971099853515625 HTTP/1.0" 200 17 "-" "WordPress/3.4.2; http://www.westworld.be"
2.134.77.207 - - [24/Dec/2012:13:14:41 +0100] "GET /administrator/components/com_jce/jce.xml HTTP/1.0" 404 8877 "-" "Mozilla/4.0 (compatible; MSIE 6.0; Mac_PowerPC; en) Opera 9.00"
88.190.16.36 - - [24/Dec/2012:13:15:19 +0100] "GET / HTTP/1.0" 200 10984 "http://www.westworld.be/" "Mozilla/4.0 (compatible; MSIE 6.0; Windows NT 5.1; SV1; MRA 5.8 (build 4157); .NET CLR 2.0.50727; AskTbPTV/5.11.3.15590)"
200.129.208.70 - - [24/Dec/2012:13:15:25 +0100] "GET /format/ HTTP/1.0" 200 22499 "-" "Mozilla/5.0 (compatible; Googlebot/2.1; +http://www.google.com/bot.html)"
200.129.208.70 - - [24/Dec/2012:13:15:26 +0100] "POST /wp-comments-post.php HTTP/1.0" 200 - "-" "Mozilla/5.0 (compatible; Googlebot/2.1; +http://www.google.com/bot.html)"
200.129.208.70 - - [24/Dec/2012:13:15:28 +0100] "GET /format/ HTTP/1.0" 200 22499 "-" "Mozilla/5.0 (compatible; Googlebot/2.1; +http://www.google.com/bot.html)"
94.242.237.5 - - [24/Dec/2012:13:17:14 +0100] "GET /wp-login.php HTTP/1.0" 200 2452 "-" "Mozilla/5.0 (Windows; U; Windows NT 5.1; en-US; rv:1.9.1.3) Gecko/20090824 Firefox/3.5.3 GTB5"
94.242.237.5 - - [24/Dec/2012:13:17:15 +0100] "POST /wp-login.php HTTP/1.0" 200 3392 "-" "Mozilla/5.0 (Windows; U; Windows NT 5.1; en-US; rv:1.9.1.3) Gecko/20090824 Firefox/3.5.3 GTB5"
177.18.185.172 - - [24/Dec/2012:13:17:27 +0100] "GET /checkboxes-in-prototype/ HTTP/1.0" 200 5584 "http://www.google.com.br/url?sa=t&rct=j&q=prototype%20checkbox%20checked&source=web&cd=1&cad=rja&sqi=2&ved=0CDEQFjAA&url=http%3A%2F%2Fwww.westworld.be%2Fcheckboxes-in-prototype%2F&ei=pEjYULX4OcqL0QHAuYFg&usg=AFQjCNH1fZ5GmqeE54VkA6S1gHTtP1wvfA&bvm=bv.1355534169,d.dmQ" "Mozilla/5.0 (compatible; MSIE 9.0; Windows NT 6.1; WOW64; Trident/5.0)"
177.18.185.172 - - [24/Dec/2012:13:17:28 +0100] "GET /wp-content/themes/grey-opaque/style.css HTTP/1.0" 200 8569 "http://www.westworld.be/checkboxes-in-prototype/" "Mozilla/5.0 (compatible; MSIE 9.0; Windows NT 6.1; WOW64; Trident/5.0)"
177.18.185.172 - - [24/Dec/2012:13:17:28 +0100] "GET /wp-includes/js/jquery/jquery.js?ver=1.7.2 HTTP/1.0" 200 33629 "http://www.westworld.be/checkboxes-in-prototype/" "Mozilla/5.0 (compatible; MSIE 9.0; Windows NT 6.1; WOW64; Trident/5.0)"
177.18.185.172 - - [24/Dec/2012:13:17:28 +0100] "GET /wp-content/themes/grey-opaque/images/headers/clouds.jpg HTTP/1.0" 200 20959 "http://www.westworld.be/checkboxes-in-prototype/" "Mozilla/5.0 (compatible; MSIE 9.0; Windows NT 6.1; WOW64; Trident/5.0)"
177.18.185.172 - - [24/Dec/2012:13:17:28 +0100] "GET /wp-content/themes/grey-opaque/plugins/lazy-load/images/1x1.trans.gif HTTP/1.0" 200 42 "http://www.westworld.be/checkboxes-in-prototype/" "Mozilla/5.0 (compatible; MSIE 9.0; Windows NT 6.1; WOW64; Trident/5.0)"
177.18.185.172 - - [24/Dec/2012:13:17:28 +0100] "GET /wp-includes/js/comment-reply.js?ver=3.4.1 HTTP/1.0" 200 412 "http://www.westworld.be/checkboxes-in-prototype/" "Mozilla/5.0 (compatible; MSIE 9.0; Windows NT 6.1; WOW64; Trident/5.0)"
177.18.185.172 - - [24/Dec/2012:13:17:28 +0100] "GET /wp-content/themes/grey-opaque/javascript/jquery-smooth-scroll-to-anchor.js HTTP/1.0" 200 299 "http://www.westworld.be/checkboxes-in-prototype/" "Mozilla/5.0 (compatible; MSIE 9.0; Windows NT 6.1; WOW64; Trident/5.0)"
177.18.185.172 - - [24/Dec/2012:13:17:28 +0100] "GET /wp-content/themes/grey-opaque/javascript/jquery-textarea-autoresize.js HTTP/1.0" 200 1146 "http://www.westworld.be/checkboxes-in-prototype/" "Mozilla/5.0 (compatible; MSIE 9.0; Windows NT 6.1; WOW64; Trident/5.0)"
177.18.185.172 - - [24/Dec/2012:13:17:28 +0100] "GET /wp-content/themes/grey-opaque/plugins/lazy-load/js/lazy-load-min.js?ver=1.7.1 HTTP/1.0" 200 177 "http://www.westworld.be/checkboxes-in-prototype/" "Mozilla/5.0 (compatible; MSIE 9.0; Windows NT 6.1; WOW64; Trident/5.0)"
177.18.185.172 - - [24/Dec/2012:13:17:28 +0100] "GET /wp-content/themes/grey-opaque/plugins/lazy-load/js/jquery.sonar.min.js?ver=1.7.1 HTTP/1.0" 200 718 "http://www.westworld.be/checkboxes-in-prototype/" "Mozilla/5.0 (compatible; MSIE 9.0; Windows NT 6.1; WOW64; Trident/5.0)"
177.18.185.172 - - [24/Dec/2012:13:17:28 +0100] "GET /wp-content/themes/grey-opaque/images/backgrounds/background.jpg HTTP/1.0" 200 48400 "http://www.westworld.be/checkboxes-in-prototype/" "Mozilla/5.0 (compatible; MSIE 9.0; Windows NT 6.1; WOW64; Trident/5.0)"
177.18.185.172 - - [24/Dec/2012:13:17:29 +0100] "GET /wp-content/themes/grey-opaque/images/seperators/vertical.png HTTP/1.0" 200 116 "http://www.westworld.be/checkboxes-in-prototype/" "Mozilla/5.0 (compatible; MSIE 9.0; Windows NT 6.1; WOW64; Trident/5.0)"
177.18.185.172 - - [24/Dec/2012:13:17:29 +0100] "GET /wp-content/themes/grey-opaque/images/seperators/horizontal.png HTTP/1.0" 200 115 "http://www.westworld.be/checkboxes-in-prototype/" "Mozilla/5.0 (compatible; MSIE 9.0; Windows NT 6.1; WOW64; Trident/5.0)"
177.18.185.172 - - [24/Dec/2012:13:17:29 +0100] "GET /wp-content/themes/grey-opaque/images/icons/share_off.png HTTP/1.0" 200 363 "http://www.westworld.be/checkboxes-in-prototype/" "Mozilla/5.0 (compatible; MSIE 9.0; Windows NT 6.1; WOW64; Trident/5.0)"
177.18.185.172 - - [24/Dec/2012:13:17:29 +0100] "GET /wp-content/themes/grey-opaque/images/opaque/10.png HTTP/1.0" 200 166 "http://www.westworld.be/checkboxes-in-prototype/" "Mozilla/5.0 (compatible; MSIE 9.0; Windows NT 6.1; WOW64; Trident/5.0)"
177.18.185.172 - - [24/Dec/2012:13:17:29 +0100] "GET /wp-content/themes/grey-opaque/images/opaque/5.png HTTP/1.0" 200 182 "http://www.westworld.be/checkboxes-in-prototype/" "Mozilla/5.0 (compatible; MSIE 9.0; Windows NT 6.1; WOW64; Trident/5.0)"
177.18.185.172 - - [24/Dec/2012:13:17:29 +0100] "GET /wp-content/themes/grey-opaque/images/backgrounds/headerbg.png HTTP/1.0" 200 5033 "http://www.westworld.be/checkboxes-in-prototype/" "Mozilla/5.0 (compatible; MSIE 9.0; Windows NT 6.1; WOW64; Trident/5.0)"
177.18.185.172 - - [24/Dec/2012:13:17:29 +0100] "GET /wp-content/themes/grey-opaque/images/icons/archive_off.png HTTP/1.0" 200 493 "http://www.westworld.be/checkboxes-in-prototype/" "Mozilla/5.0 (compatible; MSIE 9.0; Windows NT 6.1; WOW64; Trident/5.0)"
177.18.185.172 - - [24/Dec/2012:13:17:29 +0100] "GET /wp-content/themes/grey-opaque/images/icons/comment_off.png HTTP/1.0" 200 281 "http://www.westworld.be/checkboxes-in-prototype/" "Mozilla/5.0 (compatible; MSIE 9.0; Windows NT 6.1; WOW64; Trident/5.0)"
177.18.185.172 - - [24/Dec/2012:13:17:29 +0100] "GET /wp-content/themes/grey-opaque/images/social/author-profiles-sprite.png HTTP/1.0" 200 22903 "http://www.westworld.be/checkboxes-in-prototype/" "Mozilla/5.0 (compatible; MSIE 9.0; Windows NT 6.1; WOW64; Trident/5.0)"
177.18.185.172 - - [24/Dec/2012:13:17:29 +0100] "GET /wp-content/themes/grey-opaque/images/icons/subscribe_off.png HTTP/1.0" 200 434 "http://www.westworld.be/checkboxes-in-prototype/" "Mozilla/5.0 (compatible; MSIE 9.0; Windows NT 6.1; WOW64; Trident/5.0)"
177.18.185.172 - - [24/Dec/2012:13:17:29 +0100] "GET /wp-content/themes/grey-opaque/images/icons/trackback_off.png HTTP/1.0" 200 335 "http://www.westworld.be/checkboxes-in-prototype/" "Mozilla/5.0 (compatible; MSIE 9.0; Windows NT 6.1; WOW64; Trident/5.0)"
177.18.185.172 - - [24/Dec/2012:13:17:29 +0100] "GET /wp-content/themes/grey-opaque/images/icons/permalink_off.png HTTP/1.0" 200 459 "http://www.westworld.be/checkboxes-in-prototype/" "Mozilla/5.0 (compatible; MSIE 9.0; Windows NT 6.1; WOW64; Trident/5.0)"
177.18.185.172 - - [24/Dec/2012:13:17:29 +0100] "GET /wp-content/themes/grey-opaque/images/icons/previous_off.png HTTP/1.0" 200 330 "http://www.westworld.be/checkboxes-in-prototype/" "Mozilla/5.0 (compatible; MSIE 9.0; Windows NT 6.1; WOW64; Trident/5.0)"
177.18.185.172 - - [24/Dec/2012:13:17:29 +0100] "GET /wp-content/themes/grey-opaque/images/icons/next_off.png HTTP/1.0" 200 333 "http://www.westworld.be/checkboxes-in-prototype/" "Mozilla/5.0 (compatible; MSIE 9.0; Windows NT 6.1; WOW64; Trident/5.0)"
177.18.185.172 - - [24/Dec/2012:13:17:29 +0100] "GET /wp-content/themes/grey-opaque/images/wordpress.png HTTP/1.0" 200 849 "http://www.westworld.be/checkboxes-in-prototype/" "Mozilla/5.0 (compatible; MSIE 9.0; Windows NT 6.1; WOW64; Trident/5.0)"
177.18.185.172 - - [24/Dec/2012:13:17:29 +0100] "GET /wp-content/themes/grey-opaque/images/smilies/icon_wink.gif HTTP/1.0" 200 61 "http://www.westworld.be/checkboxes-in-prototype/" "Mozilla/5.0 (compatible; MSIE 9.0; Windows NT 6.1; WOW64; Trident/5.0)"
177.18.185.172 - - [24/Dec/2012:13:17:30 +0100] "GET /favicon.ico HTTP/1.0" 200 - "-" "Mozilla/5.0 (compatible; MSIE 9.0; Windows NT 6.1; WOW64; Trident/5.0)"
118.69.198.230 - - [24/Dec/2012:13:19:41 +0100] "POST /wp-login.php HTTP/1.0" 200 3571 "http://www.westworld.be/wp-login.php" "Mozilla/4.0 (compatible; MSIE 6.0; Windows NT 5.1; SV1)"
199.15.234.246 - - [24/Dec/2012:13:22:45 +0100] "GET / HTTP/1.0" 200 10984 "http://www.westworld.be/" "Mozilla/4.0 (compatible; MSIE 7.0; Windows NT 5.1; Trident/4.0; .NET CLR 1.1.4322)"
213.129.104.74 - - [24/Dec/2012:13:29:50 +0100] "GET /javascript-links/ HTTP/1.0" 200 19062 "http://www.westworld.be/javascript-links/" "Mozilla/5.0 (Macintosh; Intel Mac OS X 10_7_4) AppleWebKit/536.11 (KHTML, like Gecko) Chrome/20.0.1132.47 Safari/536.11"
213.129.104.74 - - [24/Dec/2012:13:29:50 +0100] "POST /wp-comments-post.php HTTP/1.0" 302 - "http://www.westworld.be/javascript-links/" "Mozilla/5.0 (Macintosh; Intel Mac OS X 10_7_4) AppleWebKit/536.11 (KHTML, like Gecko) Chrome/20.0.1132.47 Safari/536.11"
213.129.104.74 - - [24/Dec/2012:13:29:53 +0100] "GET /javascript-links/comment-page-1/ HTTP/1.0" 200 19182 "http://www.westworld.be/javascript-links/comment-page-1/#comment-16180" "Mozilla/5.0 (Macintosh; Intel Mac OS X 10_7_4) AppleWebKit/536.11 (KHTML, like Gecko) Chrome/20.0.1132.47 Safari/536.11"
118.69.198.230 - - [24/Dec/2012:13:31:05 +0100] "POST /wp-login.php HTTP/1.0" 200 3571 "http://www.westworld.be/wp-login.php" "Mozilla/4.0 (compatible; MSIE 6.0; Windows NT 5.1; SV1)"
82.194.82.102 - - [24/Dec/2012:13:31:54 +0100] "POST /wp-login.php HTTP/1.0" 200 3571 "http://www.westworld.be/wp-login.php" "Mozilla/4.0 (compatible; MSIE 6.0; Windows NT 5.1; SV1)"
195.22.20.231 - - [24/Dec/2012:13:32:06 +0100] "POST /wp-login.php HTTP/1.0" 200 3571 "http://www.westworld.be/wp-login.php" "Mozilla/4.0 (compatible; MSIE 6.0; Windows NT 5.1; SV1)"
194.38.104.59 - - [24/Dec/2012:13:32:44 +0100] "POST /wp-login.php HTTP/1.0" 200 3571 "http://www.westworld.be/wp-login.php" "Mozilla/4.0 (compatible; MSIE 6.0; Windows NT 5.1; SV1)"
173.199.119.27 - - [24/Dec/2012:13:33:18 +0100] "GET /siteResearch/API/classes/Crawler.Filters.FilterRunner.html HTTP/1.0" 200 2349 "-" "Mozilla/5.0 (compatible; AhrefsBot/4.0; +http://ahrefs.com/robot/)"
88.190.16.36 - - [24/Dec/2012:13:36:48 +0100] "GET / HTTP/1.0" 200 10985 "http://www.westworld.be/" "Mozilla/5.0 (Linux; U; Android 2.2; fr-fr; Desire_A8181 Build/FRF91) App3leWebKit/53.1 (KHTML, like Gecko) Version/4.0 Mobile Safari/533.1"
72.46.141.58 - - [24/Dec/2012:13:38:48 +0100] "GET /css-inside-out HTTP/1.0" 301 - "westworld.be" "Mozilla/4.0 (compatible; MSIE 8.0; Windows NT 5.1; Trident/4.0; .NET CLR 2.0.50727; .NET CLR 1.1.4322; .NET CLR 3.0.04506.30; .NET CLR 3.0.04506.648)"
72.46.141.58 - - [24/Dec/2012:13:38:49 +0100] "GET /css-inside-out/ HTTP/1.0" 200 23862 "westworld.be" "Mozilla/4.0 (compatible; MSIE 8.0; Windows NT 5.1; Trident/4.0; .NET CLR 2.0.50727; .NET CLR 1.1.4322; .NET CLR 3.0.04506.30; .NET CLR 3.0.04506.648)"
77.75.77.36 - - [24/Dec/2012:13:40:53 +0100] "GET /robots.txt HTTP/1.0" 200 108 "-" "SeznamBot/3.0 (+http://fulltext.sblog.cz/)"
77.75.77.36 - - [24/Dec/2012:13:40:55 +0100] "GET /javascript-links/ HTTP/1.0" 200 5876 "-" "SeznamBot/3.0 (+http://fulltext.sblog.cz/)"
77.75.77.36 - - [24/Dec/2012:13:42:29 +0100] "GET /convolution-kernels/ HTTP/1.0" 304 - "-" "SeznamBot/3.0 (+http://fulltext.sblog.cz/)"
77.75.77.36 - - [24/Dec/2012:13:42:38 +0100] "GET /format/ HTTP/1.0" 304 - "-" "SeznamBot/3.0 (+http://fulltext.sblog.cz/)"
77.75.77.36 - - [24/Dec/2012:13:43:15 +0100] "GET /css-inside-out/ HTTP/1.0" 304 - "-" "SeznamBot/3.0 (+http://fulltext.sblog.cz/)"
77.75.77.36 - - [24/Dec/2012:13:43:52 +0100] "GET /tag/format/ HTTP/1.0" 304 - "-" "SeznamBot/3.0 (+http://fulltext.sblog.cz/)"
109.206.163.219 - - [24/Dec/2012:13:44:01 +0100] "GET / HTTP/1.0" 200 49931 "http://www.google.com" "Mozilla/5.0 (X11; U; Linux i686; pl-PL; rv:1.9.0.2) Gecko/20121223 Ubuntu/9.25 (jaunty) Firefox/3.8"
94.242.237.5 - - [24/Dec/2012:13:46:57 +0100] "GET /wp-login.php HTTP/1.0" 200 2452 "-" "Mozilla/5.0 (Windows; U; Windows NT 5.1; en-US; rv:1.9.1.3) Gecko/20090824 Firefox/3.5.3 GTB5"
94.242.237.5 - - [24/Dec/2012:13:46:57 +0100] "POST /wp-login.php HTTP/1.0" 200 3392 "-" "Mozilla/5.0 (Windows; U; Windows NT 5.1; en-US; rv:1.9.1.3) Gecko/20090824 Firefox/3.5.3 GTB5"
77.75.77.36 - - [24/Dec/2012:13:47:21 +0100] "GET /about/ HTTP/1.0" 200 4092 "-" "SeznamBot/3.0 (+http://fulltext.sblog.cz/)"
77.75.77.36 - - [24/Dec/2012:13:47:38 +0100] "GET /sraping-the-web-with-node-js/ HTTP/1.0" 304 - "-" "SeznamBot/3.0 (+http://fulltext.sblog.cz/)"
77.75.77.36 - - [24/Dec/2012:13:54:51 +0100] "GET /perfect-world-genie/ HTTP/1.0" 304 - "-" "SeznamBot/3.0 (+http://fulltext.sblog.cz/)"
77.88.24.27 - - [24/Dec/2012:13:55:00 +0100] "GET /snippets-for-aptana/ HTTP/1.0" 200 4528 "-" "Mozilla/5.0 (compatible; YandexBot/3.0; +http://yandex.com/bots)"
66.249.75.95 - - [24/Dec/2012:13:57:21 +0100] "GET / HTTP/1.0" 200 10985 "-" "Mozilla/5.0 (compatible; Googlebot/2.1; +http://www.google.com/bot.html)"
178.32.77.81 - - [24/Dec/2012:13:59:12 +0100] "HEAD / HTTP/1.0" 200 - "-" "Mozilla/5.0 (compatible; 4SeoHuntBot; +http://4seohunt.com/bot.html)"
178.32.77.81 - - [24/Dec/2012:13:59:13 +0100] "GET / HTTP/1.0" 200 49931 "-" "Mozilla/5.0 (compatible; 4SeoHuntBot; +http://4seohunt.com/bot.html)"
77.75.77.36 - - [24/Dec/2012:13:59:51 +0100] "GET /tag/php/ HTTP/1.0" 200 3479 "-" "SeznamBot/3.0 (+http://fulltext.sblog.cz/)"
208.115.111.66 - - [24/Dec/2012:14:01:54 +0100] "GET /checkboxes-in-prototype/ HTTP/1.0" 200 22826 "-" "Mozilla/5.0 (compatible; Ezooms/1.0; ezooms.bot@gmail.com)"
208.115.111.66 - - [24/Dec/2012:14:01:54 +0100] "GET /g-unger-veranderend-lezen-lezend-veranderen/ HTTP/1.0" 200 15853 "-" "Mozilla/5.0 (compatible; Ezooms/1.0; ezooms.bot@gmail.com)"
208.115.111.66 - - [24/Dec/2012:14:01:55 +0100] "GET /siteResearch/API/classes/Crawler.Tweaks.stripIndex.html HTTP/1.0" 200 7450 "-" "Mozilla/5.0 (compatible; Ezooms/1.0; ezooms.bot@gmail.com)"
184.106.168.183 - - [24/Dec/2012:14:02:07 +0100] "POST /wp-login.php HTTP/1.0" 200 3571 "http://www.westworld.be/wp-login.php" "Mozilla/4.0 (compatible; MSIE 6.0; Windows NT 5.1; SV1)"
77.75.77.36 - - [24/Dec/2012:14:04:48 +0100] "GET /a-note-to-self/smaller-images/ HTTP/1.0" 301 - "-" "SeznamBot/3.0 (+http://fulltext.sblog.cz/)"
66.249.75.95 - - [24/Dec/2012:14:05:00 +0100] "GET /canvas-data/trackback/ HTTP/1.0" 302 - "-" "Mozilla/5.0 (compatible; Googlebot/2.1; +http://www.google.com/bot.html)"
66.249.75.95 - - [24/Dec/2012:14:05:19 +0100] "GET /canvas-data/ HTTP/1.0" 200 5773 "-" "Mozilla/5.0 (compatible; Googlebot/2.1; +http://www.google.com/bot.html)"
77.75.77.36 - - [24/Dec/2012:14:05:54 +0100] "GET /tag/nodejs/ HTTP/1.0" 200 3193 "-" "SeznamBot/3.0 (+http://fulltext.sblog.cz/)"
77.75.77.36 - - [24/Dec/2012:14:06:50 +0100] "GET /tag/crawling/ HTTP/1.0" 304 - "-" "SeznamBot/3.0 (+http://fulltext.sblog.cz/)"
77.88.24.27 - - [24/Dec/2012:14:06:57 +0100] "GET /sitemap.xml.gz HTTP/1.0" 200 2306 "-" "Mozilla/5.0 (compatible; YandexBot/3.0; +http://yandex.com/bots)"
77.88.24.27 - - [24/Dec/2012:14:06:59 +0100] "GET /cli-php/trackback/ HTTP/1.0" 302 - "-" "Mozilla/5.0 (compatible; YandexBot/3.0; +http://yandex.com/bots)"
77.88.24.27 - - [24/Dec/2012:14:12:11 +0100] "GET /cli-php/ HTTP/1.0" 304 - "-" "Mozilla/5.0 (compatible; YandexBot/3.0; +http://yandex.com/bots)"
88.151.243.107 - - [24/Dec/2012:14:12:54 +0100] "POST /wp-cron.php?doing_wp_cron=1356354774.1867311000823974609375 HTTP/1.0" 200 17 "-" "WordPress/3.4.2; http://www.westworld.be"
184.106.168.183 - - [24/Dec/2012:14:12:53 +0100] "POST /wp-login.php HTTP/1.0" 200 3571 "http://www.westworld.be/wp-login.php" "Mozilla/4.0 (compatible; MSIE 6.0; Windows NT 5.1; SV1)"
