117.192.243.254 - - [23/Dec/2012:17:15:28 +0100] "GET /wp-content/themes/grey-opaque/images/backgrounds/headerbg.png HTTP/1.0" 200 5033 "http://www.westworld.be/checkboxes-in-prototype/" "Mozilla/5.0 (Windows NT 6.1) AppleWebKit/537.11 (KHTML, like Gecko) Chrome/23.0.1271.97 Safari/537.11"
117.192.243.254 - - [23/Dec/2012:17:15:28 +0100] "GET /wp-content/themes/grey-opaque/images/headers/clouds.jpg HTTP/1.0" 200 20959 "http://www.westworld.be/checkboxes-in-prototype/" "Mozilla/5.0 (Windows NT 6.1) AppleWebKit/537.11 (KHTML, like Gecko) Chrome/23.0.1271.97 Safari/537.11"
117.192.243.254 - - [23/Dec/2012:17:15:28 +0100] "GET /wp-content/themes/grey-opaque/images/opaque/5.png HTTP/1.0" 200 182 "http://www.westworld.be/checkboxes-in-prototype/" "Mozilla/5.0 (Windows NT 6.1) AppleWebKit/537.11 (KHTML, like Gecko) Chrome/23.0.1271.97 Safari/537.11"
117.192.243.254 - - [23/Dec/2012:17:15:28 +0100] "GET /wp-content/themes/grey-opaque/images/seperators/vertical.png HTTP/1.0" 200 116 "http://www.westworld.be/checkboxes-in-prototype/" "Mozilla/5.0 (Windows NT 6.1) AppleWebKit/537.11 (KHTML, like Gecko) Chrome/23.0.1271.97 Safari/537.11"
117.192.243.254 - - [23/Dec/2012:17:15:28 +0100] "GET /wp-content/themes/grey-opaque/images/seperators/horizontal.png HTTP/1.0" 200 115 "http://www.westworld.be/checkboxes-in-prototype/" "Mozilla/5.0 (Windows NT 6.1) AppleWebKit/537.11 (KHTML, like Gecko) Chrome/23.0.1271.97 Safari/537.11"
117.192.243.254 - - [23/Dec/2012:17:15:29 +0100] "GET /wp-content/themes/grey-opaque/images/icons/archive_off.png HTTP/1.0" 200 493 "http://www.westworld.be/checkboxes-in-prototype/" "Mozilla/5.0 (Windows NT 6.1) AppleWebKit/537.11 (KHTML, like Gecko) Chrome/23.0.1271.97 Safari/537.11"
117.192.243.254 - - [23/Dec/2012:17:15:29 +0100] "GET /wp-content/themes/grey-opaque/images/icons/comment_off.png HTTP/1.0" 200 281 "http://www.westworld.be/checkboxes-in-prototype/" "Mozilla/5.0 (Windows NT 6.1) AppleWebKit/537.11 (KHTML, like Gecko) Chrome/23.0.1271.97 Safari/537.11"
117.192.243.254 - - [23/Dec/2012:17:15:29 +0100] "GET /wp-content/themes/grey-opaque/images/icons/share_off.png HTTP/1.0" 200 363 "http://www.westworld.be/checkboxes-in-prototype/" "Mozilla/5.0 (Windows NT 6.1) AppleWebKit/537.11 (KHTML, like Gecko) Chrome/23.0.1271.97 Safari/537.11"
117.192.243.254 - - [23/Dec/2012:17:15:29 +0100] "GET /wp-content/themes/grey-opaque/images/opaque/10.png HTTP/1.0" 200 166 "http://www.westworld.be/checkboxes-in-prototype/" "Mozilla/5.0 (Windows NT 6.1) AppleWebKit/537.11 (KHTML, like Gecko) Chrome/23.0.1271.97 Safari/537.11"
117.192.243.254 - - [23/Dec/2012:17:15:29 +0100] "GET /wp-content/themes/grey-opaque/images/social/author-profiles-sprite.png HTTP/1.0" 200 22903 "http://www.westworld.be/checkboxes-in-prototype/" "Mozilla/5.0 (Windows NT 6.1) AppleWebKit/537.11 (KHTML, like Gecko) Chrome/23.0.1271.97 Safari/537.11"
117.192.243.254 - - [23/Dec/2012:17:15:29 +0100] "GET /wp-content/themes/grey-opaque/images/icons/subscribe_off.png HTTP/1.0" 200 434 "http://www.westworld.be/checkboxes-in-prototype/" "Mozilla/5.0 (Windows NT 6.1) AppleWebKit/537.11 (KHTML, like Gecko) Chrome/23.0.1271.97 Safari/537.11"
117.192.243.254 - - [23/Dec/2012:17:15:29 +0100] "GET /wp-content/themes/grey-opaque/images/icons/trackback_off.png HTTP/1.0" 200 335 "http://www.westworld.be/checkboxes-in-prototype/" "Mozilla/5.0 (Windows NT 6.1) AppleWebKit/537.11 (KHTML, like Gecko) Chrome/23.0.1271.97 Safari/537.11"
117.192.243.254 - - [23/Dec/2012:17:15:29 +0100] "GET /wp-content/themes/grey-opaque/images/icons/permalink_off.png HTTP/1.0" 200 459 "http://www.westworld.be/checkboxes-in-prototype/" "Mozilla/5.0 (Windows NT 6.1) AppleWebKit/537.11 (KHTML, like Gecko) Chrome/23.0.1271.97 Safari/537.11"
117.192.243.254 - - [23/Dec/2012:17:15:29 +0100] "GET /wp-content/themes/grey-opaque/plugins/lazy-load/images/1x1.trans.gif HTTP/1.0" 200 42 "http://www.westworld.be/checkboxes-in-prototype/" "Mozilla/5.0 (Windows NT 6.1) AppleWebKit/537.11 (KHTML, like Gecko) Chrome/23.0.1271.97 Safari/537.11"
117.192.243.254 - - [23/Dec/2012:17:15:29 +0100] "GET /wp-content/themes/grey-opaque/images/icons/previous_off.png HTTP/1.0" 200 330 "http://www.westworld.be/checkboxes-in-prototype/" "Mozilla/5.0 (Windows NT 6.1) AppleWebKit/537.11 (KHTML, like Gecko) Chrome/23.0.1271.97 Safari/537.11"
117.192.243.254 - - [23/Dec/2012:17:15:29 +0100] "GET /wp-content/themes/grey-opaque/images/icons/next_off.png HTTP/1.0" 200 333 "http://www.westworld.be/checkboxes-in-prototype/" "Mozilla/5.0 (Windows NT 6.1) AppleWebKit/537.11 (KHTML, like Gecko) Chrome/23.0.1271.97 Safari/537.11"
117.192.243.254 - - [23/Dec/2012:17:15:29 +0100] "GET /wp-content/themes/grey-opaque/images/wordpress.png HTTP/1.0" 200 849 "http://www.westworld.be/checkboxes-in-prototype/" "Mozilla/5.0 (Windows NT 6.1) AppleWebKit/537.11 (KHTML, like Gecko) Chrome/23.0.1271.97 Safari/537.11"
117.192.243.254 - - [23/Dec/2012:17:15:30 +0100] "GET /wp-content/themes/grey-opaque/images/smilies/icon_wink.gif HTTP/1.0" 200 61 "http://www.westworld.be/checkboxes-in-prototype/" "Mozilla/5.0 (Windows NT 6.1) AppleWebKit/537.11 (KHTML, like Gecko) Chrome/23.0.1271.97 Safari/537.11"
117.192.243.254 - - [23/Dec/2012:17:15:31 +0100] "GET /favicon.ico HTTP/1.0" 200 - "-" "Mozilla/5.0 (Windows NT 6.1) AppleWebKit/537.11 (KHTML, like Gecko) Chrome/23.0.1271.97 Safari/537.11"
88.190.16.36 - - [23/Dec/2012:17:18:24 +0100] "GET / HTTP/1.0" 200 10981 "http://www.westworld.be/" "Opera/9.80 (Windows NT 5.1; U; en) Presto/2.10.289 Version/12.01"
117.192.243.254 - - [23/Dec/2012:17:21:40 +0100] "GET /wp-content/themes/grey-opaque/images/icons/archive_on.png HTTP/1.0" 200 461 "http://www.westworld.be/checkboxes-in-prototype/" "Mozilla/5.0 (Windows NT 6.1) AppleWebKit/537.11 (KHTML, like Gecko) Chrome/23.0.1271.97 Safari/537.11"
117.192.243.254 - - [23/Dec/2012:17:21:41 +0100] "GET /wp-content/themes/grey-opaque/images/icons/share_on.png HTTP/1.0" 200 298 "http://www.westworld.be/checkboxes-in-prototype/" "Mozilla/5.0 (Windows NT 6.1) AppleWebKit/537.11 (KHTML, like Gecko) Chrome/23.0.1271.97 Safari/537.11"
89.223.49.163 - - [23/Dec/2012:17:23:05 +0100] "POST /wp-login.php HTTP/1.0" 200 3571 "http://www.westworld.be/wp-login.php" "Mozilla/4.0 (compatible; MSIE 6.0; Windows NT 5.1; SV1)"
94.242.237.5 - - [23/Dec/2012:17:24:55 +0100] "GET /wp-login.php HTTP/1.0" 200 2452 "-" "Mozilla/5.0 (Windows; U; Windows NT 5.1; en-US; rv:1.9.1.3) Gecko/20090824 Firefox/3.5.3 GTB5"
94.242.237.5 - - [23/Dec/2012:17:24:56 +0100] "POST /wp-login.php HTTP/1.0" 200 3392 "-" "Mozilla/5.0 (Windows; U; Windows NT 5.1; en-US; rv:1.9.1.3) Gecko/20090824 Firefox/3.5.3 GTB5"
66.249.75.95 - - [23/Dec/2012:17:26:36 +0100] "GET /a-note-to-self/checkbox HTTP/1.0" 301 - "-" "Mozilla/5.0 (compatible; Googlebot/2.1; +http://www.google.com/bot.html)"
66.249.75.95 - - [23/Dec/2012:17:28:36 +0100] "GET /checkboxes-in-prototype/ HTTP/1.0" 200 5584 "-" "Mozilla/5.0 (compatible; Googlebot/2.1; +http://www.google.com/bot.html)"
173.255.243.68 - - [23/Dec/2012:17:31:32 +0100] "POST /wp-login.php HTTP/1.0" 200 3571 "http://www.westworld.be/wp-login.php" "Mozilla/4.0 (compatible; MSIE 6.0; Windows NT 5.1; SV1)"
67.205.107.173 - - [23/Dec/2012:17:31:57 +0100] "POST /wp-login.php HTTP/1.0" 200 3571 "http://www.westworld.be/wp-login.php" "Mozilla/4.0 (compatible; MSIE 6.0; Windows NT 5.1; SV1)"
72.14.199.92 - - [23/Dec/2012:17:33:17 +0100] "GET /feed/ HTTP/1.0" 200 10605 "-" "Feedfetcher-Google; (+http://www.google.com/feedfetcher.html; 1 subscribers; feed-id=10689829183176357171)"
117.192.243.254 - - [23/Dec/2012:17:33:47 +0100] "GET /wp-content/themes/grey-opaque/images/icons/subscribe_on.png HTTP/1.0" 200 348 "http://www.westworld.be/checkboxes-in-prototype/" "Mozilla/5.0 (Windows NT 6.1) AppleWebKit/537.11 (KHTML, like Gecko) Chrome/23.0.1271.97 Safari/537.11"
117.192.243.254 - - [23/Dec/2012:17:33:47 +0100] "GET /wp-content/themes/grey-opaque/images/icons/trackback_on.png HTTP/1.0" 200 269 "http://www.westworld.be/checkboxes-in-prototype/" "Mozilla/5.0 (Windows NT 6.1) AppleWebKit/537.11 (KHTML, like Gecko) Chrome/23.0.1271.97 Safari/537.11"
85.214.45.181 - - [23/Dec/2012:17:39:36 +0100] "POST /wp-login.php HTTP/1.0" 200 3571 "http://www.westworld.be/wp-login.php" "Mozilla/4.0 (compatible; MSIE 6.0; Windows NT 5.1; SV1)"
94.242.237.5 - - [23/Dec/2012:17:41:33 +0100] "GET /wp-login.php HTTP/1.0" 200 2452 "-" "Mozilla/5.0 (Windows; U; Windows NT 5.1; en-US; rv:1.9.1.3) Gecko/20090824 Firefox/3.5.3 GTB5"
94.242.237.5 - - [23/Dec/2012:17:41:34 +0100] "POST /wp-login.php HTTP/1.0" 200 3392 "-" "Mozilla/5.0 (Windows; U; Windows NT 5.1; en-US; rv:1.9.1.3) Gecko/20090824 Firefox/3.5.3 GTB5"
207.34.25.76 - - [23/Dec/2012:17:45:17 +0100] "GET /robots.txt HTTP/1.0" 200 108 "-" "R6_CommentReader(www.radian6.com/crawler)"
207.34.25.76 - - [23/Dec/2012:17:45:18 +0100] "GET /feed/atom/ HTTP/1.0" 200 13005 "-" "R6_FeedFetcher(www.radian6.com/crawler)"
190.145.26.2 - - [23/Dec/2012:17:49:13 +0100] "GET /javascript-links/ HTTP/1.0" 200 19062 "-" "Mozilla/4.0 (compatible; ICS)"
77.88.24.27 - - [23/Dec/2012:17:50:24 +0100] "GET /most-wanted-ajax-stuff/ HTTP/1.0" 200 4870 "-" "Mozilla/5.0 (compatible; YandexBot/3.0; +http://yandex.com/bots)"
195.22.20.231 - - [23/Dec/2012:17:51:44 +0100] "POST /wp-login.php HTTP/1.0" 200 3571 "http://www.westworld.be/wp-login.php" "Mozilla/4.0 (compatible; MSIE 6.0; Windows NT 5.1; SV1)"
180.76.5.177 - - [23/Dec/2012:17:52:30 +0100] "GET /siteResearch/API/classes/Crawler.DB.DatabaseResultInterface.html HTTP/1.0" 304 - "-" "Mozilla/5.0 (compatible; Baiduspider/2.0; +http://www.baidu.com/search/spider.html)"
117.21.225.42 - - [23/Dec/2012:17:57:42 +0100] "GET /canvas-data/ HTTP/1.0" 200 20835 "http://www.westworld.be/canvas-data/" "Opera/9.80 (Windows NT 6.1; WOW64; U; Edition Next; Edition Yx; ru) Presto/2.10.289 Version/12.00"
117.21.225.42 - - [23/Dec/2012:17:57:44 +0100] "POST /wp-comments-post.php HTTP/1.0" 302 - "http://www.westworld.be/canvas-data/" "Opera/9.80 (Windows NT 6.1; WOW64; U; Edition Next; Edition Yx; ru) Presto/2.10.289 Version/12.00"
117.21.225.42 - - [23/Dec/2012:17:57:46 +0100] "GET /canvas-data/ HTTP/1.0" 200 20835 "http://www.westworld.be/canvas-data/" "Opera/9.80 (Windows NT 6.1; WOW64; U; Edition Next; Edition Yx; ru) Presto/2.10.289 Version/12.00"
94.242.237.5 - - [23/Dec/2012:17:58:19 +0100] "GET /wp-login.php HTTP/1.0" 200 2452 "-" "Mozilla/5.0 (Windows; U; Windows NT 5.1; en-US; rv:1.9.1.3) Gecko/20090824 Firefox/3.5.3 GTB5"
94.242.237.5 - - [23/Dec/2012:17:58:20 +0100] "POST /wp-login.php HTTP/1.0" 200 3392 "-" "Mozilla/5.0 (Windows; U; Windows NT 5.1; en-US; rv:1.9.1.3) Gecko/20090824 Firefox/3.5.3 GTB5"
46.37.165.173 - - [23/Dec/2012:18:06:26 +0100] "GET /prototype-submit-multiple-select-with-ajax-call/ HTTP/1.0" 200 5090 "http://www.westworld.be/" "Mozilla/5.0 (Windows NT 5.1; rv:13.0) Gecko/20100101 Firefox/13.0.1"
85.25.124.220 - - [23/Dec/2012:18:08:54 +0100] "POST /wp-login.php HTTP/1.0" 200 3571 "http://www.westworld.be/wp-login.php" "Mozilla/4.0 (compatible; MSIE 6.0; Windows NT 5.1; SV1)"
88.151.243.107 - - [23/Dec/2012:18:08:55 +0100] "POST /wp-cron.php?doing_wp_cron=1356282535.2529039382934570312500 HTTP/1.0" 200 17 "-" "WordPress/3.4.2; http://www.westworld.be"
213.129.109.29 - - [23/Dec/2012:18:09:15 +0100] "GET /javascript-links/ HTTP/1.0" 200 19062 "http://www.westworld.be/javascript-links/" "Opera/9.80 (Windows NT 6.1; WOW64; U; Edition Yx; ru) Presto/2.10.289 Version/12.00"
213.129.109.29 - - [23/Dec/2012:18:09:15 +0100] "POST /wp-comments-post.php HTTP/1.0" 302 - "http://www.westworld.be/javascript-links/" "Opera/9.80 (Windows NT 6.1; WOW64; U; Edition Yx; ru) Presto/2.10.289 Version/12.00"
213.129.109.29 - - [23/Dec/2012:18:09:17 +0100] "GET /javascript-links/comment-page-1/ HTTP/1.0" 200 19181 "http://www.westworld.be/javascript-links/comment-page-1/#comment-16171" "Opera/9.80 (Windows NT 6.1; WOW64; U; Edition Yx; ru) Presto/2.10.289 Version/12.00"
94.242.237.5 - - [23/Dec/2012:18:15:06 +0100] "GET /wp-login.php HTTP/1.0" 200 2452 "-" "Mozilla/5.0 (Windows; U; Windows NT 5.1; en-US; rv:1.9.1.3) Gecko/20090824 Firefox/3.5.3 GTB5"
94.242.237.5 - - [23/Dec/2012:18:15:07 +0100] "POST /wp-login.php HTTP/1.0" 200 3392 "-" "Mozilla/5.0 (Windows; U; Windows NT 5.1; en-US; rv:1.9.1.3) Gecko/20090824 Firefox/3.5.3 GTB5"
184.106.168.183 - - [23/Dec/2012:18:16:55 +0100] "POST /wp-login.php HTTP/1.0" 200 3571 "http://www.westworld.be/wp-login.php" "Mozilla/4.0 (compatible; MSIE 6.0; Windows NT 5.1; SV1)"
195.22.20.231 - - [23/Dec/2012:18:17:08 +0100] "POST /wp-login.php HTTP/1.0" 200 3571 "http://www.westworld.be/wp-login.php" "Mozilla/4.0 (compatible; MSIE 6.0; Windows NT 5.1; SV1)"
208.115.113.82 - - [23/Dec/2012:18:24:02 +0100] "GET /robots.txt HTTP/1.0" 200 108 "-" "Mozilla/5.0 (compatible; Ezooms/1.0; ezooms.bot@gmail.com)"
119.97.180.140 - - [23/Dec/2012:18:24:19 +0100] "GET /perfect-world-genie/ HTTP/1.0" 200 35805 "http://www.westworld.be/perfect-world-genie/" "Mozilla/5.0 (Windows; U; Windows NT 5.1; en-US) AppleWebKit/532.0 (KHTML, like Gecko) Chrome/3.0.195.38 Safari/532.0"
119.97.180.140 - - [23/Dec/2012:18:24:21 +0100] "POST /wp-comments-post.php HTTP/1.0" 302 - "http://www.westworld.be/perfect-world-genie/" "Mozilla/5.0 (Windows; U; Windows NT 5.1; en-US) AppleWebKit/532.0 (KHTML, like Gecko) Chrome/3.0.195.38 Safari/532.0"
119.97.180.140 - - [23/Dec/2012:18:24:24 +0100] "GET /perfect-world-genie/ HTTP/1.0" 200 35805 "http://www.westworld.be/perfect-world-genie/" "Mozilla/5.0 (Windows; U; Windows NT 5.1; en-US) AppleWebKit/532.0 (KHTML, like Gecko) Chrome/3.0.195.38 Safari/532.0"
119.97.180.140 - - [23/Dec/2012:18:24:26 +0100] "GET /perfect-world-genie/ HTTP/1.0" 200 35805 "http://www.westworld.be/perfect-world-genie/" "Mozilla/5.0 (Windows; U; Windows NT 5.1; en-US) AppleWebKit/532.0 (KHTML, like Gecko) Chrome/3.0.195.38 Safari/532.0"
88.190.16.36 - - [23/Dec/2012:18:24:35 +0100] "GET / HTTP/1.0" 200 10982 "http://www.westworld.be/" "Mozilla/5.0 (Windows NT 6.1; WOW64; rv:5.0) Gecko/20100101 Firefox/5.0"
178.157.80.11 - - [23/Dec/2012:18:25:05 +0100] "POST /wp-login.php HTTP/1.0" 200 3571 "http://www.westworld.be/wp-login.php" "Mozilla/4.0 (compatible; MSIE 6.0; Windows NT 5.1; SV1)"
117.21.225.6 - - [23/Dec/2012:18:26:07 +0100] "GET /canvas-data/ HTTP/1.0" 200 20835 "http://www.westworld.be/canvas-data/" "Mozilla/5.0 (Windows NT 6.1; WOW64) AppleWebKit/535.2 (KHTML, like Gecko) Chrome/15.0.874.121 Safari/535.2"
117.21.225.6 - - [23/Dec/2012:18:26:08 +0100] "POST /wp-comments-post.php HTTP/1.0" 302 - "http://www.westworld.be/canvas-data/" "Mozilla/5.0 (Windows NT 6.1; WOW64) AppleWebKit/535.2 (KHTML, like Gecko) Chrome/15.0.874.121 Safari/535.2"
117.21.225.6 - - [23/Dec/2012:18:26:10 +0100] "GET /canvas-data/ HTTP/1.0" 200 20835 "http://www.westworld.be/canvas-data/" "Mozilla/5.0 (Windows NT 6.1; WOW64) AppleWebKit/535.2 (KHTML, like Gecko) Chrome/15.0.874.121 Safari/535.2"
209.200.10.200 - - [23/Dec/2012:18:28:53 +0100] "GET /uncategorized/some-great-tools/ HTTP/1.0" 301 - "http://www.westworld.be/uncategorized/some-great-tools/" "Mozilla/5.0 (compatible; BecomeBot/1.xx; MSIE 6.0 compatible; http://www.become.com/webmasters.html)\xa0"
209.200.10.200 - - [23/Dec/2012:18:28:56 +0100] "GET /some-great-tools/ HTTP/1.0" 200 15772 "http://www.westworld.be/uncategorized/some-great-tools/" "Mozilla/5.0 (compatible; BecomeBot/1.xx; MSIE 6.0 compatible; http://www.become.com/webmasters.html)\xa0"
94.242.237.5 - - [23/Dec/2012:18:31:54 +0100] "GET /wp-login.php HTTP/1.0" 200 2452 "-" "Mozilla/5.0 (Windows; U; Windows NT 5.1; en-US; rv:1.9.1.3) Gecko/20090824 Firefox/3.5.3 GTB5"
94.242.237.5 - - [23/Dec/2012:18:31:55 +0100] "POST /wp-login.php HTTP/1.0" 200 3392 "-" "Mozilla/5.0 (Windows; U; Windows NT 5.1; en-US; rv:1.9.1.3) Gecko/20090824 Firefox/3.5.3 GTB5"
78.108.86.122 - - [23/Dec/2012:18:34:45 +0100] "GET //wp-content/themes/LondonLive/?src=http://img.youtube.com.fitnessmundo.net/func.php HTTP/1.0" 301 - "-" "Mozilla/5.0 (X11;U;Linux i686 (x86_64);en-US;rv:1.9.0.16) Gecko/2009122206 Firefox/3.0.16 Flock/2.5.6"
78.108.86.122 - - [23/Dec/2012:18:34:45 +0100] "GET /format//wp-content/themes/LondonLive/?src=http://img.youtube.com.fitnessmundo.net/func.php HTTP/1.0" 301 - "-" "Mozilla/5.0 (X11;U;Linux i686 (x86_64);en-US;rv:1.9.0.16) Gecko/2009122206 Firefox/3.0.16 Flock/2.5.6"
78.108.86.122 - - [23/Dec/2012:18:34:46 +0100] "GET /wp-content/themes/LondonLive/?src=http://img.youtube.com.fitnessmundo.net/func.php HTTP/1.0" 404 8903 "-" "Mozilla/5.0 (X11;U;Linux i686 (x86_64);en-US;rv:1.9.0.16) Gecko/2009122206 Firefox/3.0.16 Flock/2.5.6"
78.108.86.122 - - [23/Dec/2012:18:34:46 +0100] "GET /format/wp-content/themes/LondonLive/?src=http://img.youtube.com.fitnessmundo.net/func.php HTTP/1.0" 404 8903 "-" "Mozilla/5.0 (X11;U;Linux i686 (x86_64);en-US;rv:1.9.0.16) Gecko/2009122206 Firefox/3.0.16 Flock/2.5.6"
94.23.27.29 - - [23/Dec/2012:18:37:09 +0100] "POST /wp-login.php HTTP/1.0" 200 3571 "http://www.westworld.be/wp-login.php" "Mozilla/4.0 (compatible; MSIE 6.0; Windows NT 5.1; SV1)"
88.190.16.36 - - [23/Dec/2012:18:38:08 +0100] "GET / HTTP/1.0" 200 10982 "http://www.westworld.be/" "Mozilla/5.0 (Windows NT 5.1; rv:5.0.1) Gecko/20100101 Firefox/5.0.1"
88.190.16.36 - - [23/Dec/2012:18:38:11 +0100] "POST /xmlrpc.php HTTP/1.0" 200 483 "http://www.westworld.be/" "PHP/5.2.10"
88.190.16.36 - - [23/Dec/2012:18:38:14 +0100] "GET / HTTP/1.0" 200 10982 "http://galaxys3.fr" "PHP/5.2.10"
88.190.16.36 - - [23/Dec/2012:18:38:19 +0100] "POST /adding-a-rule-to-csslint/trackback/ HTTP/1.0" 200 373 "http://galaxys3.fr" "PHP/5.2.10"
123.156.73.71 - - [23/Dec/2012:18:42:35 +0100] "GET /javascript-links/comment-page-1/ HTTP/1.0" 200 19454 "http://www.westworld.be/javascript-links/comment-page-1/" "Mozilla/5.0 (Windows NT 6.1; WOW64) AppleWebKit/535.11 (KHTML, like Gecko) Chrome/17.0.963.46 Safari/535.11 MRCHROME"
123.156.73.71 - - [23/Dec/2012:18:42:45 +0100] "POST /wp-comments-post.php HTTP/1.0" 302 - "http://www.westworld.be/javascript-links/comment-page-1/" "Mozilla/5.0 (Windows NT 6.1; WOW64) AppleWebKit/535.11 (KHTML, like Gecko) Chrome/17.0.963.46 Safari/535.11 MRCHROME"
123.156.73.71 - - [23/Dec/2012:18:42:48 +0100] "GET /javascript-links/comment-page-1/ HTTP/1.0" 200 19183 "http://www.westworld.be/javascript-links/comment-page-1/#comment-16172" "Mozilla/5.0 (Windows NT 6.1; WOW64) AppleWebKit/535.11 (KHTML, like Gecko) Chrome/17.0.963.46 Safari/535.11 MRCHROME"
77.88.24.27 - - [23/Dec/2012:18:43:46 +0100] "GET /php-mysql-and-utf-8/ HTTP/1.0" 200 4873 "-" "Mozilla/5.0 (compatible; YandexBot/3.0; +http://yandex.com/bots)"
88.190.16.36 - - [23/Dec/2012:18:45:34 +0100] "GET / HTTP/1.0" 200 10984 "http://www.westworld.be/" "Mozilla/4.0 (compatible; MSIE 6.0; Windows NT 5.1; SV1; MRA 5.8 (build 4157); .NET CLR 2.0.50727; AskTbPTV/5.11.3.15590)"
88.190.16.36 - - [23/Dec/2012:18:45:39 +0100] "POST /xmlrpc.php HTTP/1.0" 200 483 "http://www.westworld.be/" "PHP/5.2.10"
88.190.16.36 - - [23/Dec/2012:18:45:49 +0100] "GET / HTTP/1.0" 200 10984 "http://pikavippii.net" "PHP/5.2.10"
88.190.16.36 - - [23/Dec/2012:18:45:55 +0100] "POST /adding-a-rule-to-csslint/trackback/ HTTP/1.0" 200 302 "http://pikavippii.net" "PHP/5.2.10"
94.242.237.5 - - [23/Dec/2012:18:48:41 +0100] "GET /wp-login.php HTTP/1.0" 200 2452 "-" "Mozilla/5.0 (Windows; U; Windows NT 5.1; en-US; rv:1.9.1.3) Gecko/20090824 Firefox/3.5.3 GTB5"
94.242.237.5 - - [23/Dec/2012:18:48:42 +0100] "POST /wp-login.php HTTP/1.0" 200 3392 "-" "Mozilla/5.0 (Windows; U; Windows NT 5.1; en-US; rv:1.9.1.3) Gecko/20090824 Firefox/3.5.3 GTB5"
67.205.107.173 - - [23/Dec/2012:18:49:38 +0100] "POST /wp-login.php HTTP/1.0" 200 3571 "http://www.westworld.be/wp-login.php" "Mozilla/4.0 (compatible; MSIE 6.0; Windows NT 5.1; SV1)"
66.249.75.95 - - [23/Dec/2012:18:56:53 +0100] "GET /a-note-to-self/prototype-css-selectors-and-observe/ HTTP/1.0" 301 - "-" "Mozilla/5.0 (iPhone; U; CPU iPhone OS 4_1 like Mac OS X; en-us) AppleWebKit/532.9 (KHTML, like Gecko) Version/4.0.5 Mobile/8B117 Safari/6531.22.7 (compatible; Googlebot-Mobile/2.1; +http://www.google.com/bot.html)"
66.249.75.95 - - [23/Dec/2012:18:56:54 +0100] "GET /prototype-css-selectors-and-observe/ HTTP/1.0" 200 4766 "-" "Mozilla/5.0 (iPhone; U; CPU iPhone OS 4_1 like Mac OS X; en-us) AppleWebKit/532.9 (KHTML, like Gecko) Version/4.0.5 Mobile/8B117 Safari/6531.22.7 (compatible; Googlebot-Mobile/2.1; +http://www.google.com/bot.html)"
88.190.16.36 - - [23/Dec/2012:18:58:09 +0100] "GET / HTTP/1.0" 200 10983 "http://www.westworld.be/" "Opera/9.80 (Windows NT 5.1; U; en) Presto/2.10.289 Version/12.01"
89.70.117.111 - - [23/Dec/2012:18:58:17 +0100] "GET /perfect-world-genie/ HTTP/1.0" 200 7972 "http://www.westworld.be/" "Mozilla/4.0 (compatible; MSIE 6.0; MSIE 5.5; Windows NT 5.0) Opera 7.02 Bork-edition [en]"
89.223.49.163 - - [23/Dec/2012:19:00:15 +0100] "POST /wp-login.php HTTP/1.0" 200 3571 "http://www.westworld.be/wp-login.php" "Mozilla/4.0 (compatible; MSIE 6.0; Windows NT 5.1; SV1)"
87.106.133.227 - - [23/Dec/2012:19:00:54 +0100] "POST /wp-login.php HTTP/1.0" 200 3571 "http://www.westworld.be/wp-login.php" "Mozilla/4.0 (compatible; MSIE 6.0; Windows NT 5.1; SV1)"
199.15.234.246 - - [23/Dec/2012:19:02:18 +0100] "GET / HTTP/1.0" 200 10983 "http://www.westworld.be/" "Mozilla/4.0 (compatible; MSIE 6.0; MSIE 5.5; Windows NT 5.0) Opera 7.02 Bork-edition [en]"
94.242.237.5 - - [23/Dec/2012:19:05:26 +0100] "GET /wp-login.php HTTP/1.0" 200 2452 "-" "Mozilla/5.0 (Windows; U; Windows NT 5.1; en-US; rv:1.9.1.3) Gecko/20090824 Firefox/3.5.3 GTB5"
94.242.237.5 - - [23/Dec/2012:19:05:27 +0100] "POST /wp-login.php HTTP/1.0" 200 3392 "-" "Mozilla/5.0 (Windows; U; Windows NT 5.1; en-US; rv:1.9.1.3) Gecko/20090824 Firefox/3.5.3 GTB5"
66.154.54.43 - - [23/Dec/2012:19:06:21 +0100] "POST /wp-login.php HTTP/1.0" 200 3571 "http://www.westworld.be/wp-login.php" "Mozilla/4.0 (compatible; MSIE 6.0; Windows NT 5.1; SV1)"
88.190.16.36 - - [23/Dec/2012:19:08:16 +0100] "GET / HTTP/1.0" 200 10983 "http://www.westworld.be/" "Mozilla/5.0 (Windows NT 6.1; WOW64; rv:5.0) Gecko/20100101 Firefox/5.0"
88.190.16.36 - - [23/Dec/2012:19:16:10 +0100] "GET / HTTP/1.0" 200 10983 "http://www.westworld.be/" "Mozilla/5.0 (Windows NT 6.1; rv:5.0) Gecko/20100101 Firefox/5.02"
117.21.226.205 - - [23/Dec/2012:19:17:33 +0100] "GET /format/ HTTP/1.0" 200 22499 "http://www.westworld.be/format/" "Opera/9.80 (Windows NT 5.1; U; MRA 5.10 (build 5288); ru) Presto/2.2.15 Version/10.10"
88.151.243.107 - - [23/Dec/2012:19:17:35 +0100] "POST /wp-cron.php?doing_wp_cron=1356286655.3466000556945800781250 HTTP/1.0" 200 17 "-" "WordPress/3.4.2; http://www.westworld.be"
117.21.226.205 - - [23/Dec/2012:19:17:35 +0100] "POST /wp-comments-post.php HTTP/1.0" 302 - "http://www.westworld.be/format/" "Opera/9.80 (Windows NT 5.1; U; MRA 5.10 (build 5288); ru) Presto/2.2.15 Version/10.10"
117.21.226.205 - - [23/Dec/2012:19:17:37 +0100] "GET /format/ HTTP/1.0" 200 22499 "http://www.westworld.be/format/" "Opera/9.80 (Windows NT 5.1; U; MRA 5.10 (build 5288); ru) Presto/2.2.15 Version/10.10"
194.38.104.59 - - [23/Dec/2012:19:20:28 +0100] "POST /wp-login.php HTTP/1.0" 200 3571 "http://www.westworld.be/wp-login.php" "Mozilla/4.0 (compatible; MSIE 6.0; Windows NT 5.1; SV1)"
178.216.52.131 - - [23/Dec/2012:19:22:01 +0100] "GET / HTTP/1.0" 200 10983 "http://www.westworld.be/" "Mozilla/5.0 (Windows NT 6.0) AppleWebKit/535.1 (KHTML, like Gecko) Chrome/13.0.782.112 Safari/535.1"
94.242.237.5 - - [23/Dec/2012:19:22:11 +0100] "GET /wp-login.php HTTP/1.0" 200 2452 "-" "Mozilla/5.0 (Windows; U; Windows NT 5.1; en-US; rv:1.9.1.3) Gecko/20090824 Firefox/3.5.3 GTB5"
94.242.237.5 - - [23/Dec/2012:19:22:12 +0100] "POST /wp-login.php HTTP/1.0" 200 3392 "-" "Mozilla/5.0 (Windows; U; Windows NT 5.1; en-US; rv:1.9.1.3) Gecko/20090824 Firefox/3.5.3 GTB5"
88.190.16.36 - - [23/Dec/2012:19:29:29 +0100] "GET / HTTP/1.0" 200 10983 "http://www.westworld.be/" "Opera/9.80 (Windows NT 5.1; U; en) Presto/2.10.289 Version/12.01"
88.190.16.36 - - [23/Dec/2012:19:29:32 +0100] "POST /xmlrpc.php HTTP/1.0" 200 483 "http://www.westworld.be/" "PHP/5.2.10"
88.190.16.36 - - [23/Dec/2012:19:29:42 +0100] "GET / HTTP/1.0" 200 10983 "http://Www.Zulutradeonline.com/" "PHP/5.2.10"
88.190.16.36 - - [23/Dec/2012:19:29:45 +0100] "POST /adding-a-rule-to-csslint/trackback/ HTTP/1.0" 200 302 "http://Www.Zulutradeonline.com/" "PHP/5.2.10"
117.21.224.16 - - [23/Dec/2012:19:29:49 +0100] "GET /canvas-data/ HTTP/1.0" 200 20835 "http://www.westworld.be/canvas-data/" "Mozilla/5.0 (Windows NT 5.2; rv:12.0) Gecko/20100101 Firefox/12.0"
117.21.224.16 - - [23/Dec/2012:19:29:50 +0100] "POST /wp-comments-post.php HTTP/1.0" 302 - "http://www.westworld.be/canvas-data/" "Mozilla/5.0 (Windows NT 5.2; rv:12.0) Gecko/20100101 Firefox/12.0"
117.21.224.16 - - [23/Dec/2012:19:29:52 +0100] "GET /canvas-data/ HTTP/1.0" 200 20835 "http://www.westworld.be/canvas-data/" "Mozilla/5.0 (Windows NT 5.2; rv:12.0) Gecko/20100101 Firefox/12.0"
195.16.88.174 - - [23/Dec/2012:19:31:22 +0100] "POST /wp-login.php HTTP/1.0" 200 3571 "http://www.westworld.be/wp-login.php" "Mozilla/4.0 (compatible; MSIE 6.0; Windows NT 5.1; SV1)"
77.88.24.27 - - [23/Dec/2012:19:35:07 +0100] "GET /adding-a-rule-to-csslint/ HTTP/1.0" 200 6057 "-" "Mozilla/5.0 (compatible; YandexBot/3.0; +http://yandex.com/bots)"
94.242.237.5 - - [23/Dec/2012:19:38:49 +0100] "GET /wp-login.php HTTP/1.0" 200 2452 "-" "Mozilla/5.0 (Windows; U; Windows NT 5.1; en-US; rv:1.9.1.3) Gecko/20090824 Firefox/3.5.3 GTB5"
94.242.237.5 - - [23/Dec/2012:19:38:51 +0100] "POST /wp-login.php HTTP/1.0" 200 3392 "-" "Mozilla/5.0 (Windows; U; Windows NT 5.1; en-US; rv:1.9.1.3) Gecko/20090824 Firefox/3.5.3 GTB5"
208.115.113.82 - - [23/Dec/2012:19:41:15 +0100] "GET /2012/05/ HTTP/1.0" 200 12093 "-" "Mozilla/5.0 (compatible; Ezooms/1.0; ezooms.bot@gmail.com)"
199.15.234.246 - - [23/Dec/2012:19:42:45 +0100] "GET / HTTP/1.0" 200 10982 "http://www.westworld.be/" "Mozilla/5.0 (Windows NT 6.1; rv:2.0b7pre) Gecko/20100921 Firefox/4.0b7pre"
199.15.234.246 - - [23/Dec/2012:19:43:31 +0100] "GET / HTTP/1.0" 200 10982 "http://www.westworld.be/" "Mozilla/5.0 (Windows NT 6.1; rv:2.0b7pre) Gecko/20100921 Firefox/4.0b7pre"
194.38.104.59 - - [23/Dec/2012:19:43:46 +0100] "POST /wp-login.php HTTP/1.0" 200 3571 "http://www.westworld.be/wp-login.php" "Mozilla/4.0 (compatible; MSIE 6.0; Windows NT 5.1; SV1)"
173.166.75.217 - - [23/Dec/2012:19:43:46 +0100] "POST /wp-login.php HTTP/1.0" 200 3571 "http://www.westworld.be/wp-login.php" "Mozilla/4.0 (compatible; MSIE 6.0; Windows NT 5.1; SV1)"
88.190.16.36 - - [23/Dec/2012:19:46:53 +0100] "GET / HTTP/1.0" 200 10982 "http://www.westworld.be/" "Mozilla/4.0 (compatible; MSIE 6.0; Windows NT 5.1; SV1; FunWebProducts; .NET CLR 1.1.4322; PeoplePal 6.2)"
112.213.84.166 - - [23/Dec/2012:19:49:42 +0100] "POST /wp-login.php HTTP/1.0" 200 3571 "http://www.westworld.be/wp-login.php" "Mozilla/4.0 (compatible; MSIE 6.0; Windows NT 5.1; SV1)"
66.249.75.95 - - [23/Dec/2012:19:52:30 +0100] "GET /wp-trackback.php?p=6 HTTP/1.0" 404 363 "-" "Mozilla/5.0 (compatible; Googlebot/2.1; +http://www.google.com/bot.html)"
94.242.237.5 - - [23/Dec/2012:19:55:21 +0100] "GET /wp-login.php HTTP/1.0" 200 2452 "-" "Mozilla/5.0 (Windows; U; Windows NT 5.1; en-US; rv:1.9.1.3) Gecko/20090824 Firefox/3.5.3 GTB5"
94.242.237.5 - - [23/Dec/2012:19:55:22 +0100] "POST /wp-login.php HTTP/1.0" 200 3392 "-" "Mozilla/5.0 (Windows; U; Windows NT 5.1; en-US; rv:1.9.1.3) Gecko/20090824 Firefox/3.5.3 GTB5"
188.95.251.2 - - [23/Dec/2012:20:06:22 +0100] "POST /wp-login.php HTTP/1.0" 200 3571 "http://www.westworld.be/wp-login.php" "Mozilla/4.0 (compatible; MSIE 6.0; Windows NT 5.1; SV1)"
94.242.237.5 - - [23/Dec/2012:20:11:29 +0100] "GET /wp-login.php HTTP/1.0" 200 2452 "-" "Mozilla/5.0 (Windows; U; Windows NT 5.1; en-US; rv:1.9.1.3) Gecko/20090824 Firefox/3.5.3 GTB5"
94.242.237.5 - - [23/Dec/2012:20:11:31 +0100] "POST /wp-login.php HTTP/1.0" 200 3392 "-" "Mozilla/5.0 (Windows; U; Windows NT 5.1; en-US; rv:1.9.1.3) Gecko/20090824 Firefox/3.5.3 GTB5"
88.151.243.107 - - [23/Dec/2012:20:12:31 +0100] "HEAD /assets/gridset-ruler-peek.png HTTP/1.0" 200 - "http://www.westworld.be" "Mozilla/4.0 (compatible; MSIE 7.0; Windows NT 5.1; .NET CLR 1.1.4322; .NET CLR 2.0.50727; .NET CLR 3.0.04506.30)"
88.151.243.107 - - [23/Dec/2012:20:12:31 +0100] "HEAD /assets/gridset-ruler-peek-400x150.png HTTP/1.0" 200 - "http://www.westworld.be" "Mozilla/4.0 (compatible; MSIE 7.0; Windows NT 5.1; .NET CLR 1.1.4322; .NET CLR 2.0.50727; .NET CLR 3.0.04506.30)"
88.151.243.107 - - [23/Dec/2012:20:11:30 +0100] "POST /wp-cron.php?doing_wp_cron=1356289890.2291510105133056640625 HTTP/1.0" 200 17 "-" "WordPress/3.4.2; http://www.westworld.be"
69.64.68.159 - - [23/Dec/2012:20:17:08 +0100] "POST /wp-login.php HTTP/1.0" 200 3571 "http://www.westworld.be/wp-login.php" "Mozilla/4.0 (compatible; MSIE 6.0; Windows NT 5.1; SV1)"
208.115.111.66 - - [23/Dec/2012:20:25:38 +0100] "GET /robots.txt HTTP/1.0" 200 108 "-" "Mozilla/5.0 (compatible; Ezooms/1.0; ezooms.bot@gmail.com)"
69.197.2.142 - - [23/Dec/2012:20:26:15 +0100] "GET ///wp-content/themes/canvas/timthumb.php?src=http://img.youtube.com.abrunlinx.com/toolwar.php HTTP/1.0" 301 - "-" "Mozilla/5.0 (Windows NT 6.1; WOW64; rv:15.0) Gecko/20100101 Firefox/15.0.1"
69.197.2.142 - - [23/Dec/2012:20:26:16 +0100] "GET /wp-content/themes/canvas/timthumb.php?src=http://img.youtube.com.abrunlinx.com/toolwar.php HTTP/1.0" 404 8902 "-" "Mozilla/5.0 (Windows NT 6.1; WOW64; rv:15.0) Gecko/20100101 Firefox/15.0.1"
69.197.2.142 - - [23/Dec/2012:20:26:17 +0100] "GET /format///wp-content/themes/canvas/timthumb.php?src=http://img.youtube.com.abrunlinx.com/toolwar.php HTTP/1.0" 301 - "-" "Mozilla/5.0 (Windows NT 6.1; WOW64; rv:15.0) Gecko/20100101 Firefox/15.0.1"
69.197.2.142 - - [23/Dec/2012:20:26:17 +0100] "GET /format/wp-content/themes/canvas/timthumb.php?src=http://img.youtube.com.abrunlinx.com/toolwar.php HTTP/1.0" 404 8902 "-" "Mozilla/5.0 (Windows NT 6.1; WOW64; rv:15.0) Gecko/20100101 Firefox/15.0.1"
94.242.237.5 - - [23/Dec/2012:20:27:58 +0100] "GET /wp-login.php HTTP/1.0" 200 2452 "-" "Mozilla/5.0 (Windows; U; Windows NT 5.1; en-US; rv:1.9.1.3) Gecko/20090824 Firefox/3.5.3 GTB5"
94.242.237.5 - - [23/Dec/2012:20:27:59 +0100] "POST /wp-login.php HTTP/1.0" 200 3392 "-" "Mozilla/5.0 (Windows; U; Windows NT 5.1; en-US; rv:1.9.1.3) Gecko/20090824 Firefox/3.5.3 GTB5"
72.14.199.92 - - [23/Dec/2012:20:28:32 +0100] "GET /feed/ HTTP/1.0" 200 10605 "-" "Feedfetcher-Google; (+http://www.google.com/feedfetcher.html; 1 subscribers; feed-id=10689829183176357171)"
77.88.24.27 - - [23/Dec/2012:20:28:48 +0100] "GET /webdesigners-next-nightmare/ HTTP/1.0" 200 5516 "-" "Mozilla/5.0 (compatible; YandexBot/3.0; +http://yandex.com/bots)"
69.197.2.142 - - [23/Dec/2012:20:31:07 +0100] "GET /page/3///wp-content/themes/canvas/timthumb.php?src=http://img.youtube.com.abrunlinx.com/toolwar.php HTTP/1.0" 301 - "-" "Mozilla/5.0 (Windows NT 6.1; WOW64; rv:15.0) Gecko/20100101 Firefox/15.0.1"
88.151.243.107 - - [23/Dec/2012:20:31:08 +0100] "POST /wp-cron.php?doing_wp_cron=1356291067.9844870567321777343750 HTTP/1.0" 200 - "-" "WordPress/3.4.2; http://www.westworld.be"
69.197.2.142 - - [23/Dec/2012:20:31:09 +0100] "GET /page/3/wp-content/themes/canvas/timthumb.php?src=http://img.youtube.com.abrunlinx.com/toolwar.php HTTP/1.0" 404 8902 "-" "Mozilla/5.0 (Windows NT 6.1; WOW64; rv:15.0) Gecko/20100101 Firefox/15.0.1"
209.191.186.199 - - [23/Dec/2012:20:31:30 +0100] "POST /wp-login.php HTTP/1.0" 200 3571 "http://www.westworld.be/wp-login.php" "Mozilla/4.0 (compatible; MSIE 6.0; Windows NT 5.1; SV1)"
67.205.107.173 - - [23/Dec/2012:20:31:35 +0100] "POST /wp-login.php HTTP/1.0" 200 3571 "http://www.westworld.be/wp-login.php" "Mozilla/4.0 (compatible; MSIE 6.0; Windows NT 5.1; SV1)"
91.150.221.154 - - [23/Dec/2012:20:32:16 +0100] "GET /phpmyadmin-table-specific-privileges/ HTTP/1.0" 200 4849 "https://www.google.pl/" "Mozilla/5.0 (Windows NT 6.1; WOW64) AppleWebKit/537.11 (KHTML, like Gecko) Chrome/23.0.1271.97 Safari/537.11"
91.150.221.154 - - [23/Dec/2012:20:32:16 +0100] "GET /wp-content/themes/grey-opaque/style.css HTTP/1.0" 200 8569 "http://www.westworld.be/phpmyadmin-table-specific-privileges/" "Mozilla/5.0 (Windows NT 6.1; WOW64) AppleWebKit/537.11 (KHTML, like Gecko) Chrome/23.0.1271.97 Safari/537.11"
91.150.221.154 - - [23/Dec/2012:20:32:16 +0100] "GET /wp-includes/js/comment-reply.js?ver=3.4.1 HTTP/1.0" 200 412 "http://www.westworld.be/phpmyadmin-table-specific-privileges/" "Mozilla/5.0 (Windows NT 6.1; WOW64) AppleWebKit/537.11 (KHTML, like Gecko) Chrome/23.0.1271.97 Safari/537.11"
91.150.221.154 - - [23/Dec/2012:20:32:16 +0100] "GET /wp-content/themes/grey-opaque/plugins/lazy-load/js/jquery.sonar.min.js?ver=1.7.1 HTTP/1.0" 200 718 "http://www.westworld.be/phpmyadmin-table-specific-privileges/" "Mozilla/5.0 (Windows NT 6.1; WOW64) AppleWebKit/537.11 (KHTML, like Gecko) Chrome/23.0.1271.97 Safari/537.11"
91.150.221.154 - - [23/Dec/2012:20:32:16 +0100] "GET /wp-content/themes/grey-opaque/javascript/jquery-smooth-scroll-to-anchor.js HTTP/1.0" 200 299 "http://www.westworld.be/phpmyadmin-table-specific-privileges/" "Mozilla/5.0 (Windows NT 6.1; WOW64) AppleWebKit/537.11 (KHTML, like Gecko) Chrome/23.0.1271.97 Safari/537.11"
91.150.221.154 - - [23/Dec/2012:20:32:16 +0100] "GET /wp-content/themes/grey-opaque/javascript/jquery-textarea-autoresize.js HTTP/1.0" 200 1146 "http://www.westworld.be/phpmyadmin-table-specific-privileges/" "Mozilla/5.0 (Windows NT 6.1; WOW64) AppleWebKit/537.11 (KHTML, like Gecko) Chrome/23.0.1271.97 Safari/537.11"
91.150.221.154 - - [23/Dec/2012:20:32:16 +0100] "GET /wp-content/themes/grey-opaque/plugins/lazy-load/js/lazy-load-min.js?ver=1.7.1 HTTP/1.0" 200 177 "http://www.westworld.be/phpmyadmin-table-specific-privileges/" "Mozilla/5.0 (Windows NT 6.1; WOW64) AppleWebKit/537.11 (KHTML, like Gecko) Chrome/23.0.1271.97 Safari/537.11"
91.150.221.154 - - [23/Dec/2012:20:32:16 +0100] "GET /wp-includes/js/jquery/jquery.js?ver=1.7.2 HTTP/1.0" 200 33629 "http://www.westworld.be/phpmyadmin-table-specific-privileges/" "Mozilla/5.0 (Windows NT 6.1; WOW64) AppleWebKit/537.11 (KHTML, like Gecko) Chrome/23.0.1271.97 Safari/537.11"
91.150.221.154 - - [23/Dec/2012:20:32:16 +0100] "GET /wp-content/themes/grey-opaque/images/backgrounds/headerbg.png HTTP/1.0" 200 5033 "http://www.westworld.be/phpmyadmin-table-specific-privileges/" "Mozilla/5.0 (Windows NT 6.1; WOW64) AppleWebKit/537.11 (KHTML, like Gecko) Chrome/23.0.1271.97 Safari/537.11"
91.150.221.154 - - [23/Dec/2012:20:32:16 +0100] "GET /wp-content/themes/grey-opaque/images/backgrounds/background.jpg HTTP/1.0" 200 48400 "http://www.westworld.be/phpmyadmin-table-specific-privileges/" "Mozilla/5.0 (Windows NT 6.1; WOW64) AppleWebKit/537.11 (KHTML, like Gecko) Chrome/23.0.1271.97 Safari/537.11"
91.150.221.154 - - [23/Dec/2012:20:32:16 +0100] "GET /wp-content/themes/grey-opaque/images/headers/clouds.jpg HTTP/1.0" 200 20959 "http://www.westworld.be/phpmyadmin-table-specific-privileges/" "Mozilla/5.0 (Windows NT 6.1; WOW64) AppleWebKit/537.11 (KHTML, like Gecko) Chrome/23.0.1271.97 Safari/537.11"
91.150.221.154 - - [23/Dec/2012:20:32:16 +0100] "GET /wp-content/themes/grey-opaque/images/seperators/horizontal.png HTTP/1.0" 200 115 "http://www.westworld.be/phpmyadmin-table-specific-privileges/" "Mozilla/5.0 (Windows NT 6.1; WOW64) AppleWebKit/537.11 (KHTML, like Gecko) Chrome/23.0.1271.97 Safari/537.11"
91.150.221.154 - - [23/Dec/2012:20:32:16 +0100] "GET /wp-content/themes/grey-opaque/images/seperators/vertical.png HTTP/1.0" 200 116 "http://www.westworld.be/phpmyadmin-table-specific-privileges/" "Mozilla/5.0 (Windows NT 6.1; WOW64) AppleWebKit/537.11 (KHTML, like Gecko) Chrome/23.0.1271.97 Safari/537.11"
91.150.221.154 - - [23/Dec/2012:20:32:16 +0100] "GET /wp-content/themes/grey-opaque/images/opaque/5.png HTTP/1.0" 200 182 "http://www.westworld.be/phpmyadmin-table-specific-privileges/" "Mozilla/5.0 (Windows NT 6.1; WOW64) AppleWebKit/537.11 (KHTML, like Gecko) Chrome/23.0.1271.97 Safari/537.11"
91.150.221.154 - - [23/Dec/2012:20:32:16 +0100] "GET /wp-content/themes/grey-opaque/images/icons/archive_off.png HTTP/1.0" 200 493 "http://www.westworld.be/phpmyadmin-table-specific-privileges/" "Mozilla/5.0 (Windows NT 6.1; WOW64) AppleWebKit/537.11 (KHTML, like Gecko) Chrome/23.0.1271.97 Safari/537.11"
91.150.221.154 - - [23/Dec/2012:20:32:16 +0100] "GET /wp-content/themes/grey-opaque/images/icons/comment_off.png HTTP/1.0" 200 281 "http://www.westworld.be/phpmyadmin-table-specific-privileges/" "Mozilla/5.0 (Windows NT 6.1; WOW64) AppleWebKit/537.11 (KHTML, like Gecko) Chrome/23.0.1271.97 Safari/537.11"
91.150.221.154 - - [23/Dec/2012:20:32:16 +0100] "GET /wp-content/themes/grey-opaque/images/icons/share_off.png HTTP/1.0" 200 363 "http://www.westworld.be/phpmyadmin-table-specific-privileges/" "Mozilla/5.0 (Windows NT 6.1; WOW64) AppleWebKit/537.11 (KHTML, like Gecko) Chrome/23.0.1271.97 Safari/537.11"
91.150.221.154 - - [23/Dec/2012:20:32:16 +0100] "GET /wp-content/themes/grey-opaque/images/opaque/10.png HTTP/1.0" 200 166 "http://www.westworld.be/phpmyadmin-table-specific-privileges/" "Mozilla/5.0 (Windows NT 6.1; WOW64) AppleWebKit/537.11 (KHTML, like Gecko) Chrome/23.0.1271.97 Safari/537.11"
91.150.221.154 - - [23/Dec/2012:20:32:16 +0100] "GET /wp-content/themes/grey-opaque/images/social/author-profiles-sprite.png HTTP/1.0" 200 22903 "http://www.westworld.be/phpmyadmin-table-specific-privileges/" "Mozilla/5.0 (Windows NT 6.1; WOW64) AppleWebKit/537.11 (KHTML, like Gecko) Chrome/23.0.1271.97 Safari/537.11"
91.150.221.154 - - [23/Dec/2012:20:32:16 +0100] "GET /wp-content/themes/grey-opaque/images/icons/subscribe_off.png HTTP/1.0" 200 434 "http://www.westworld.be/phpmyadmin-table-specific-privileges/" "Mozilla/5.0 (Windows NT 6.1; WOW64) AppleWebKit/537.11 (KHTML, like Gecko) Chrome/23.0.1271.97 Safari/537.11"
91.150.221.154 - - [23/Dec/2012:20:32:16 +0100] "GET /wp-content/themes/grey-opaque/images/icons/trackback_off.png HTTP/1.0" 200 335 "http://www.westworld.be/phpmyadmin-table-specific-privileges/" "Mozilla/5.0 (Windows NT 6.1; WOW64) AppleWebKit/537.11 (KHTML, like Gecko) Chrome/23.0.1271.97 Safari/537.11"
91.150.221.154 - - [23/Dec/2012:20:32:16 +0100] "GET /wp-content/themes/grey-opaque/images/icons/permalink_off.png HTTP/1.0" 200 459 "http://www.westworld.be/phpmyadmin-table-specific-privileges/" "Mozilla/5.0 (Windows NT 6.1; WOW64) AppleWebKit/537.11 (KHTML, like Gecko) Chrome/23.0.1271.97 Safari/537.11"
91.150.221.154 - - [23/Dec/2012:20:32:16 +0100] "GET /wp-content/themes/grey-opaque/plugins/lazy-load/images/1x1.trans.gif HTTP/1.0" 200 42 "http://www.westworld.be/phpmyadmin-table-specific-privileges/" "Mozilla/5.0 (Windows NT 6.1; WOW64) AppleWebKit/537.11 (KHTML, like Gecko) Chrome/23.0.1271.97 Safari/537.11"
91.150.221.154 - - [23/Dec/2012:20:32:16 +0100] "GET /wp-content/themes/grey-opaque/images/icons/previous_off.png HTTP/1.0" 200 330 "http://www.westworld.be/phpmyadmin-table-specific-privileges/" "Mozilla/5.0 (Windows NT 6.1; WOW64) AppleWebKit/537.11 (KHTML, like Gecko) Chrome/23.0.1271.97 Safari/537.11"
91.150.221.154 - - [23/Dec/2012:20:32:16 +0100] "GET /wp-content/themes/grey-opaque/images/icons/next_off.png HTTP/1.0" 200 333 "http://www.westworld.be/phpmyadmin-table-specific-privileges/" "Mozilla/5.0 (Windows NT 6.1; WOW64) AppleWebKit/537.11 (KHTML, like Gecko) Chrome/23.0.1271.97 Safari/537.11"
91.150.221.154 - - [23/Dec/2012:20:32:16 +0100] "GET /wp-content/themes/grey-opaque/images/wordpress.png HTTP/1.0" 200 849 "http://www.westworld.be/phpmyadmin-table-specific-privileges/" "Mozilla/5.0 (Windows NT 6.1; WOW64) AppleWebKit/537.11 (KHTML, like Gecko) Chrome/23.0.1271.97 Safari/537.11"
91.150.221.154 - - [23/Dec/2012:20:32:16 +0100] "GET /wp-content/themes/grey-opaque/images/smilies/icon_smile.gif HTTP/1.0" 200 62 "http://www.westworld.be/phpmyadmin-table-specific-privileges/" "Mozilla/5.0 (Windows NT 6.1; WOW64) AppleWebKit/537.11 (KHTML, like Gecko) Chrome/23.0.1271.97 Safari/537.11"
91.150.221.154 - - [23/Dec/2012:20:32:17 +0100] "GET /favicon.ico HTTP/1.0" 200 - "-" "Mozilla/5.0 (Windows NT 6.1; WOW64) AppleWebKit/537.11 (KHTML, like Gecko) Chrome/23.0.1271.97 Safari/537.11"
91.150.221.154 - - [23/Dec/2012:20:32:35 +0100] "GET /wp-content/themes/grey-opaque/images/icons/share_on.png HTTP/1.0" 200 298 "http://www.westworld.be/phpmyadmin-table-specific-privileges/" "Mozilla/5.0 (Windows NT 6.1; WOW64) AppleWebKit/537.11 (KHTML, like Gecko) Chrome/23.0.1271.97 Safari/537.11"
91.150.221.154 - - [23/Dec/2012:20:32:35 +0100] "GET /wp-content/themes/grey-opaque/images/icons/archive_on.png HTTP/1.0" 200 461 "http://www.westworld.be/phpmyadmin-table-specific-privileges/" "Mozilla/5.0 (Windows NT 6.1; WOW64) AppleWebKit/537.11 (KHTML, like Gecko) Chrome/23.0.1271.97 Safari/537.11"
91.150.221.154 - - [23/Dec/2012:20:33:50 +0100] "GET /favicon.ico HTTP/1.0" 200 - "-" "Mozilla/5.0 (Windows NT 6.1; WOW64) AppleWebKit/537.11 (KHTML, like Gecko) Chrome/23.0.1271.97 Safari/537.11"
91.150.221.154 - - [23/Dec/2012:20:33:55 +0100] "GET /wp-content/themes/grey-opaque/images/opaque/15.png HTTP/1.0" 200 182 "http://www.westworld.be/phpmyadmin-table-specific-privileges/" "Mozilla/5.0 (Windows NT 6.1; WOW64) AppleWebKit/537.11 (KHTML, like Gecko) Chrome/23.0.1271.97 Safari/537.11"
188.95.251.2 - - [23/Dec/2012:20:34:17 +0100] "POST /wp-login.php HTTP/1.0" 200 3571 "http://www.westworld.be/wp-login.php" "Mozilla/4.0 (compatible; MSIE 6.0; Windows NT 5.1; SV1)"
94.242.237.5 - - [23/Dec/2012:20:44:38 +0100] "GET /wp-login.php HTTP/1.0" 200 2452 "-" "Mozilla/5.0 (Windows; U; Windows NT 5.1; en-US; rv:1.9.1.3) Gecko/20090824 Firefox/3.5.3 GTB5"
94.242.237.5 - - [23/Dec/2012:20:44:39 +0100] "POST /wp-login.php HTTP/1.0" 200 3392 "-" "Mozilla/5.0 (Windows; U; Windows NT 5.1; en-US; rv:1.9.1.3) Gecko/20090824 Firefox/3.5.3 GTB5"
82.194.82.102 - - [23/Dec/2012:20:49:37 +0100] "POST /wp-login.php HTTP/1.0" 200 3571 "http://www.westworld.be/wp-login.php" "Mozilla/4.0 (compatible; MSIE 6.0; Windows NT 5.1; SV1)"
178.32.156.196 - - [23/Dec/2012:20:50:37 +0100] "GET / HTTP/1.0" 200 10983 "http://www.westworld.be/" "Opera/9.80 (Windows NT 5.1; U; en) Presto/2.10.289 Version/12.01"
221.132.33.130 - - [23/Dec/2012:20:55:15 +0100] "POST /wp-login.php HTTP/1.0" 200 3571 "http://www.westworld.be/wp-login.php" "Mozilla/4.0 (compatible; MSIE 6.0; Windows NT 5.1; SV1)"
88.190.16.36 - - [23/Dec/2012:20:59:20 +0100] "GET / HTTP/1.0" 200 10983 "http://www.westworld.be/" "Mozilla/5.0 (Windows NT 6.1; rv:5.0) Gecko/20100101 Firefox/5.02"
65.55.52.86 - - [23/Dec/2012:21:01:07 +0100] "GET /robots.txt HTTP/1.0" 200 108 "-" "Mozilla/5.0 (compatible; bingbot/2.0; +http://www.bing.com/bingbot.htm)"
94.242.237.5 - - [23/Dec/2012:21:01:17 +0100] "GET /wp-login.php HTTP/1.0" 200 2452 "-" "Mozilla/5.0 (Windows; U; Windows NT 5.1; en-US; rv:1.9.1.3) Gecko/20090824 Firefox/3.5.3 GTB5"
94.242.237.5 - - [23/Dec/2012:21:01:19 +0100] "POST /wp-login.php HTTP/1.0" 200 3392 "-" "Mozilla/5.0 (Windows; U; Windows NT 5.1; en-US; rv:1.9.1.3) Gecko/20090824 Firefox/3.5.3 GTB5"
65.55.52.86 - - [23/Dec/2012:21:03:12 +0100] "GET /__autoload-function/ HTTP/1.0" 304 - "-" "Mozilla/5.0 (compatible; bingbot/2.0; +http://www.bing.com/bingbot.htm)"
88.151.243.107 - - [23/Dec/2012:21:09:09 +0100] "POST /wp-cron.php?doing_wp_cron=1356293349.3199439048767089843750 HTTP/1.0" 200 17 "-" "WordPress/3.4.2; http://www.westworld.be"
188.95.251.2 - - [23/Dec/2012:21:09:09 +0100] "POST /wp-login.php HTTP/1.0" 200 3571 "http://www.westworld.be/wp-login.php" "Mozilla/4.0 (compatible; MSIE 6.0; Windows NT 5.1; SV1)"
94.23.27.29 - - [23/Dec/2012:21:09:22 +0100] "POST /wp-login.php HTTP/1.0" 200 3571 "http://www.westworld.be/wp-login.php" "Mozilla/4.0 (compatible; MSIE 6.0; Windows NT 5.1; SV1)"
91.215.216.46 - - [23/Dec/2012:21:09:59 +0100] "POST /wp-login.php HTTP/1.0" 200 3571 "http://www.westworld.be/wp-login.php" "Mozilla/4.0 (compatible; MSIE 6.0; Windows NT 5.1; SV1)"
94.242.237.5 - - [23/Dec/2012:21:17:52 +0100] "GET /wp-login.php HTTP/1.0" 200 2452 "-" "Mozilla/5.0 (Windows; U; Windows NT 5.1; en-US; rv:1.9.1.3) Gecko/20090824 Firefox/3.5.3 GTB5"
94.242.237.5 - - [23/Dec/2012:21:17:53 +0100] "POST /wp-login.php HTTP/1.0" 200 3392 "-" "Mozilla/5.0 (Windows; U; Windows NT 5.1; en-US; rv:1.9.1.3) Gecko/20090824 Firefox/3.5.3 GTB5"
77.88.24.27 - - [23/Dec/2012:21:19:49 +0100] "GET /prototype/ HTTP/1.0" 200 4863 "-" "Mozilla/5.0 (compatible; YandexBot/3.0; +http://yandex.com/bots)"
157.55.32.99 - - [23/Dec/2012:21:21:09 +0100] "GET /perfect-world-genie/ HTTP/1.0" 304 - "-" "Mozilla/5.0 (compatible; bingbot/2.0; +http://www.bing.com/bingbot.htm)"
124.73.145.169 - - [23/Dec/2012:21:22:35 +0100] "GET /a-note-to-self/google-analytics-api-no-php HTTP/1.0" 301 - "http://www.westworld.be/a-note-to-self/google-analytics-api-no-php" "Mozilla/4.0 (compatible; MSIE 7.0; Windows NT 5.1; .NET CLR 1.1.4322; .NET CLR 2.0.50727; .NET CLR 3.0.04506.30)"
124.73.145.169 - - [23/Dec/2012:21:22:35 +0100] "GET /a-note-to-self/google-analytics-api-no-php HTTP/1.0" 301 - "http://www.westworld.be/a-note-to-self/google-analytics-api-no-php" "Mozilla/5.0 (Windows; U; Windows NT 5.1; pl; rv:1.9.1.3) Gecko/20090824 Firefox/3.5.3"
124.73.145.169 - - [23/Dec/2012:21:22:35 +0100] "GET /a-note-to-self/google-analytics-api-no-php HTTP/1.0" 301 - "http://www.westworld.be/a-note-to-self/google-analytics-api-no-php" "Mozilla/5.0 (Windows; U; Windows NT 6.1; en-GB; rv:1.9.1.3) Gecko/20090824 Firefox/3.5.3"
124.73.145.169 - - [23/Dec/2012:21:22:42 +0100] "GET /google-analytics-api-no-php/ HTTP/1.0" 200 15528 "http://www.westworld.be/a-note-to-self/google-analytics-api-no-php" "Mozilla/5.0 (Windows; U; Windows NT 5.1; pl; rv:1.9.1.3) Gecko/20090824 Firefox/3.5.3"
124.73.145.169 - - [23/Dec/2012:21:22:42 +0100] "GET /google-analytics-api-no-php/ HTTP/1.0" 200 15528 "http://www.westworld.be/a-note-to-self/google-analytics-api-no-php" "Mozilla/5.0 (Windows; U; Windows NT 6.1; en-GB; rv:1.9.1.3) Gecko/20090824 Firefox/3.5.3"
124.73.145.169 - - [23/Dec/2012:21:22:46 +0100] "GET /google-analytics-api-no-php/ HTTP/1.0" 200 15528 "http://www.westworld.be/a-note-to-self/google-analytics-api-no-php" "Mozilla/4.0 (compatible; MSIE 7.0; Windows NT 5.1; .NET CLR 1.1.4322; .NET CLR 2.0.50727; .NET CLR 3.0.04506.30)"
124.73.145.169 - - [23/Dec/2012:21:22:50 +0100] "POST /wp-comments-post.php HTTP/1.0" 302 - "http://www.westworld.be" "Mozilla/4.0 (compatible; MSIE 7.0; Windows NT 5.1; .NET CLR 1.1.4322; .NET CLR 2.0.50727; .NET CLR 3.0.04506.30)"
124.73.145.169 - - [23/Dec/2012:21:22:56 +0100] "POST /wp-comments-post.php HTTP/1.0" 302 - "http://www.westworld.be" "Mozilla/5.0 (Windows; U; Windows NT 5.1; pl; rv:1.9.1.3) Gecko/20090824 Firefox/3.5.3"
157.55.36.38 - - [23/Dec/2012:21:26:11 +0100] "GET /more-info-on-dbhd-disease/ HTTP/1.0" 304 - "-" "Mozilla/5.0 (compatible; bingbot/2.0; +http://www.bing.com/bingbot.htm)"
178.32.77.83 - - [23/Dec/2012:21:27:40 +0100] "GET / HTTP/1.0" 301 - "-" "Mozilla/5.0 (compatible; 4SeoHuntBot; +http://4seohunt.com/bot.html)"
178.32.77.83 - - [23/Dec/2012:21:27:41 +0100] "GET / HTTP/1.0" 200 49935 "-" "Mozilla/5.0 (compatible; 4SeoHuntBot; +http://4seohunt.com/bot.html)"
66.154.54.43 - - [23/Dec/2012:21:27:49 +0100] "POST /wp-login.php HTTP/1.0" 200 3571 "http://www.westworld.be/wp-login.php" "Mozilla/4.0 (compatible; MSIE 6.0; Windows NT 5.1; SV1)"
117.21.225.6 - - [23/Dec/2012:21:29:44 +0100] "GET /format/ HTTP/1.0" 200 22499 "http://www.westworld.be/format/" "Opera/9.80 (Windows NT 5.2; U; en) Presto/2.10.229 Version/11.64"
88.151.243.107 - - [23/Dec/2012:21:29:46 +0100] "POST /wp-cron.php?doing_wp_cron=1356294586.0320320129394531250000 HTTP/1.0" 200 - "-" "WordPress/3.4.2; http://www.westworld.be"
117.21.225.6 - - [23/Dec/2012:21:29:45 +0100] "POST /wp-comments-post.php HTTP/1.0" 302 - "http://www.westworld.be/format/" "Opera/9.80 (Windows NT 5.2; U; en) Presto/2.10.229 Version/11.64"
117.21.225.6 - - [23/Dec/2012:21:29:48 +0100] "GET /format/ HTTP/1.0" 200 22499 "http://www.westworld.be/format/" "Opera/9.80 (Windows NT 5.2; U; en) Presto/2.10.229 Version/11.64"
194.38.104.59 - - [23/Dec/2012:21:31:18 +0100] "POST /wp-login.php HTTP/1.0" 200 3571 "http://www.westworld.be/wp-login.php" "Mozilla/4.0 (compatible; MSIE 6.0; Windows NT 5.1; SV1)"
94.242.237.5 - - [23/Dec/2012:21:34:26 +0100] "GET /wp-login.php HTTP/1.0" 200 2452 "-" "Mozilla/5.0 (Windows; U; Windows NT 5.1; en-US; rv:1.9.1.3) Gecko/20090824 Firefox/3.5.3 GTB5"
94.242.237.5 - - [23/Dec/2012:21:34:28 +0100] "POST /wp-login.php HTTP/1.0" 200 3392 "-" "Mozilla/5.0 (Windows; U; Windows NT 5.1; en-US; rv:1.9.1.3) Gecko/20090824 Firefox/3.5.3 GTB5"
88.190.16.36 - - [23/Dec/2012:21:38:51 +0100] "GET / HTTP/1.0" 200 10983 "http://www.westworld.be/" "Mozilla/4.0 (compatible; MSIE 8.0; Windows NT 6.0; Trident/4.0; Mozilla/4.0 (compatible; MSIE 6.0; Windows NT 5.1; SV1) ; .NET CLR 3.5.30729)"
157.55.33.248 - - [23/Dec/2012:21:39:10 +0100] "GET /2008/10/ HTTP/1.0" 200 5028 "-" "Mozilla/5.0 (compatible; bingbot/2.0; +http://www.bing.com/bingbot.htm)"
157.55.36.35 - - [23/Dec/2012:21:39:39 +0100] "GET /2007/01/ HTTP/1.0" 200 3551 "-" "Mozilla/5.0 (compatible; bingbot/2.0; +http://www.bing.com/bingbot.htm)"
157.55.32.99 - - [23/Dec/2012:21:39:39 +0100] "GET / HTTP/1.0" 200 10983 "-" "Mozilla/5.0 (compatible; bingbot/2.0; +http://www.bing.com/bingbot.htm)"
157.56.229.23 - - [23/Dec/2012:21:40:10 +0100] "GET /2007/01/11/ HTTP/1.0" 200 3345 "-" "Mozilla/5.0 (compatible; bingbot/2.0; +http://www.bing.com/bingbot.htm)"
157.55.32.154 - - [23/Dec/2012:21:40:39 +0100] "GET /convolution-kernels/ HTTP/1.0" 200 4592 "-" "Mozilla/5.0 (compatible; bingbot/2.0; +http://www.bing.com/bingbot.htm)"
